
> @figma/my-make-file@0.0.1 test
> vitest DataInputForm.test.tsx --run --reporter=verbose


[1m[46m RUN [49m[22m [36mv4.0.18 [39m[90mC:/Workspace/GitHub/SmartSusChef/frontend[39m

 [31m脳[39m src/app/components/dashboard/__tests__/DataInputForm.test.tsx[2m > [22mDataInputForm[2m > [22mRendering[2m > [22mshould render the form with all elements[32m 49[2mms[22m[39m
[31m   鈫?Unable to find an accessible element with the role "button" and name `/10 feb 2026/i`

Here are the accessible roles:

  heading:

  Name "Input Data":
  [36m<h4[31m
    [33mclass[31m=[32m"leading-none flex items-center gap-2"[31m
    [33mdata-slot[31m=[32m"card-title"[31m
  [36m/>[31m

  --------------------------------------------------
  paragraph:

  Name "":
  [36m<p[31m
    [33mclass[31m=[32m"text-muted-foreground"[31m
    [33mdata-slot[31m=[32m"card-description"[31m
  [36m/>[31m

  --------------------------------------------------
  button:

  Name "11 Feb 2026":
  [36m<button[31m
    [33maria-controls[31m=[32m"radix-:r0:"[31m
    [33maria-expanded[31m=[32m"false"[31m
    [33maria-haspopup[31m=[32m"dialog"[31m
    [33mclass[31m=[32m"inline-flex items-center justify-center whitespace-nowrap rounded-[var(--button-radius)] text-sm font-medium transition-all disabled:pointer-events-none disabled:opacity-50 [&_svg]:pointer-events-none [&_svg:not([class*='size-'])]:size-4 shrink-0 [&_svg]:shrink-0 outline-none focus-visible:border-ring focus-visible:ring-ring/50 focus-visible:ring-[3px] aria-invalid:ring-destructive/20 dark:aria-invalid:ring-destructive/40 aria-invalid:border-destructive border-2 border-primary bg-transparent text-primary hover:bg-primary/10 dark:bg-input/30 dark:border-input dark:hover:bg-input/50 h-10 px-4 py-2 has-[>svg]:px-3 md:h-10 lg:h-10 gap-2"[31m
    [33mdata-slot[31m=[32m"popover-trigger"[31m
    [33mdata-state[31m=[32m"closed"[31m
    [33mtype[31m=[32m"button"[31m
  [36m/>[31m

  Name "Save Sales Data":
  [36m<button[31m
    [33mclass[31m=[32m"inline-flex items-center justify-center gap-2 whitespace-nowrap rounded-[var(--button-radius)] text-sm font-medium transition-all disabled:pointer-events-none disabled:opacity-50 [&_svg]:pointer-events-none [&_svg:not([class*='size-'])]:size-4 shrink-0 [&_svg]:shrink-0 outline-none focus-visible:border-ring focus-visible:ring-ring/50 focus-visible:ring-[3px] aria-invalid:ring-destructive/20 dark:aria-invalid:ring-destructive/40 aria-invalid:border-destructive bg-primary text-primary-foreground hover:bg-[#3D563F] shadow-sm h-10 px-4 py-2 has-[>svg]:px-3 md:h-10 lg:h-10 btn-primary"[31m
    [33mdata-slot[31m=[32m"button"[31m
  [36m/>[31m

  --------------------------------------------------
  tablist:

  Name "":
  [36m<div[31m
    [33maria-orientation[31m=[32m"horizontal"[31m
    [33mclass[31m=[32m"bg-muted text-muted-foreground h-9 items-center justify-center rounded-xl p-[3px] grid w-full grid-cols-2"[31m
    [33mdata-orientation[31m=[32m"horizontal"[31m
    [33mdata-slot[31m=[32m"tabs-list"[31m
    [33mrole[31m=[32m"tablist"[31m
    [33mstyle[31m=[32m"outline-color: none; outline-style: none; outline-width: initial;"[31m
    [33mtabindex[31m=[32m"0"[31m
  [36m/>[31m

  --------------------------------------------------
  tab:

  Name "Sales Data":
  [36m<button[31m
    [33maria-controls[31m=[32m"radix-:r1:-content-sales"[31m
    [33maria-selected[31m=[32m"true"[31m
    [33mclass[31m=[32m"data-[state=active]:bg-card dark:data-[state=active]:text-foreground focus-visible:border-ring focus-visible:ring-ring/50 focus-visible:outline-ring dark:data-[state=active]:border-input dark:data-[state=active]:bg-input/30 text-foreground dark:text-muted-foreground inline-flex h-[calc(100%-1px)] flex-1 items-center justify-center gap-1.5 rounded-xl border border-transparent px-2 py-1 text-sm font-medium whitespace-nowrap transition-[color,box-shadow] focus-visible:ring-[3px] focus-visible:outline-1 disabled:pointer-events-none disabled:opacity-50 [&_svg]:pointer-events-none [&_svg]:shrink-0 [&_svg:not([class*='size-'])]:size-4"[31m
    [33mdata-orientation[31m=[32m"horizontal"[31m
    [33mdata-radix-collection-item[31m=[32m""[31m
    [33mdata-slot[31m=[32m"tabs-trigger"[31m
    [33mdata-state[31m=[32m"active"[31m
    [33mid[31m=[32m"radix-:r1:-trigger-sales"[31m
    [33mrole[31m=[32m"tab"[31m
    [33mtabindex[31m=[32m"-1"[31m
    [33mtype[31m=[32m"button"[31m
  [36m/>[31m

  Name "Wastage Data":
  [36m<button[31m
    [33maria-controls[31m=[32m"radix-:r1:-content-wastage"[31m
    [33maria-selected[31m=[32m"false"[31m
    [33mclass[31m=[32m"data-[state=active]:bg-card dark:data-[state=active]:text-foreground focus-visible:border-ring focus-visible:ring-ring/50 focus-visible:outline-ring dark:data-[state=active]:border-input dark:data-[state=active]:bg-input/30 text-foreground dark:text-muted-foreground inline-flex h-[calc(100%-1px)] flex-1 items-center justify-center gap-1.5 rounded-xl border border-transparent px-2 py-1 text-sm font-medium whitespace-nowrap transition-[color,box-shadow] focus-visible:ring-[3px] focus-visible:outline-1 disabled:pointer-events-none disabled:opacity-50 [&_svg]:pointer-events-none [&_svg]:shrink-0 [&_svg:not([class*='size-'])]:size-4"[31m
    [33mdata-orientation[31m=[32m"horizontal"[31m
    [33mdata-radix-collection-item[31m=[32m""[31m
    [33mdata-slot[31m=[32m"tabs-trigger"[31m
    [33mdata-state[31m=[32m"inactive"[31m
    [33mid[31m=[32m"radix-:r1:-trigger-wastage"[31m
    [33mrole[31m=[32m"tab"[31m
    [33mtabindex[31m=[32m"-1"[31m
    [33mtype[31m=[32m"button"[31m
  [36m/>[31m

  --------------------------------------------------
  tabpanel:

  Name "Sales Data":
  [36m<div[31m
    [33maria-labelledby[31m=[32m"radix-:r1:-trigger-sales"[31m
    [33mclass[31m=[32m"flex-1 outline-none space-y-4"[31m
    [33mdata-orientation[31m=[32m"horizontal"[31m
    [33mdata-slot[31m=[32m"tabs-content"[31m
    [33mdata-state[31m=[32m"active"[31m
    [33mid[31m=[32m"radix-:r1:-content-sales"[31m
    [33mrole[31m=[32m"tabpanel"[31m
    [33mstyle[31m=[32m"animation-duration: 0s;"[31m
    [33mtabindex[31m=[32m"0"[31m
  [36m/>[31m

  --------------------------------------------------
  spinbutton:

  Name "Chicken Rice":
  [36m<input[31m
    [33mclass[31m=[32m"file:text-foreground placeholder:text-muted-foreground selection:bg-primary selection:text-primary-foreground bg-white border-[#D1D1D1] flex h-10 w-full min-w-0 rounded-md border px-3 py-2 text-base transition-[color,box-shadow] outline-none file:inline-flex file:h-7 file:border-0 file:bg-transparent file:text-sm file:font-medium disabled:pointer-events-none disabled:cursor-not-allowed disabled:opacity-50 md:text-sm focus-visible:border-ring focus-visible:ring-ring/50 focus-visible:ring-[2px] aria-invalid:ring-destructive/20 aria-invalid:border-destructive"[31m
    [33mdata-slot[31m=[32m"input"[31m
    [33mid[31m=[32m"sales-recipe-1"[31m
    [33mmin[31m=[32m"0"[31m
    [33mplaceholder[31m=[32m"Quantity sold"[31m
    [33mtype[31m=[32m"number"[31m
    [33mvalue[31m=[32m""[31m
  [36m/>[31m

  Name "Nasi Lemak":
  [36m<input[31m
    [33mclass[31m=[32m"file:text-foreground placeholder:text-muted-foreground selection:bg-primary selection:text-primary-foreground bg-white border-[#D1D1D1] flex h-10 w-full min-w-0 rounded-md border px-3 py-2 text-base transition-[color,box-shadow] outline-none file:inline-flex file:h-7 file:border-0 file:bg-transparent file:text-sm file:font-medium disabled:pointer-events-none disabled:cursor-not-allowed disabled:opacity-50 md:text-sm focus-visible:border-ring focus-visible:ring-ring/50 focus-visible:ring-[2px] aria-invalid:ring-destructive/20 aria-invalid:border-destructive"[31m
    [33mdata-slot[31m=[32m"input"[31m
    [33mid[31m=[32m"sales-recipe-2"[31m
    [33mmin[31m=[32m"0"[31m
    [33mplaceholder[31m=[32m"Quantity sold"[31m
    [33mtype[31m=[32m"number"[31m
    [33mvalue[31m=[32m""[31m
  [36m/>[31m

  --------------------------------------------------

Ignored nodes: comments, script, style
[36m<body>[31m
  [36m<div>[31m
    [36m<div[31m
      [33mclass[31m=[32m"bg-card text-card-foreground flex flex-col gap-6 rounded-xl border shadow-sm"[31m
      [33mdata-slot[31m=[32m"card"[31m
      [33mstyle[31m=[32m"box-shadow: 0 2px 4px rgba(0, 0, 0, 0.08);"[31m
    [36m>[31m
      [36m<div[31m
        [33mclass[31m=[32m"@container/card-header grid auto-rows-min grid-rows-[auto_auto] items-start gap-1.5 px-6 pt-6 has-data-[slot=card-action]:grid-cols-[1fr_auto] [.border-b]:pb-6"[31m
        [33mdata-slot[31m=[32m"card-header"[31m
      [36m>[31m
        [36m<h4[31m
          [33mclass[31m=[32m"leading-none flex items-center gap-2"[31m
          [33mdata-slot[31m=[32m"card-title"[31m
        [36m>[31m
          [36m<svg[31m
            [33mclass[31m=[32m"lucide lucide-plus w-5 h-5"[31m
            [33mfill[31m=[32m"none"[31m
            [33mheight[31m=[32m"24"[31m
            [33mstroke[31m=[32m"currentColor"[31m
            [33mstroke-linecap[31m=[32m"round"[31m
            [33mstroke-linejoin[31m=[32m"round"[31m
            [33mstroke-width[31m=[32m"2"[31m
            [33mviewBox[31m=[32m"0 0 24 24"[31m
            [33mwidth[31m=[32m"24"[31m
            [33mxmlns[31m=[32m"http://www.w3.org/2000/svg"[31m
          [36m>[31m
            [36m<path[31m
              [33md[31m=[32m"M5 12h14"[31m
            [36m/>[31m
            [36m<path[31m
              [33md[31m=[32m"M12 5v14"[31m
            [36m/>[31m
          [36m</svg>[31m
          [0mInput Data[0m
        [36m</h4>[31m
        [36m<p[31m
          [33mclass[31m=[32m"text-muted-foreground"[31m
          [33mdata-slot[31m=[32m"card-description"[31m
        [36m>[31m
          [0mEnter today's sales and wastage data[0m
        [36m</p>[31m
      [36m</div>[31m
      [36m<div[31m
        [33mclass[31m=[32m"px-6 [&:last-child]:pb-6 space-y-4"[31m
        [33mdata-slot[31m=[32m"card-content"[31m
      [36m>[31m
        [36m<div[31m
          [33mclass[31m=[32m"flex items-center gap-4"[31m
        [36m>[31m
          [36m<label[31m
            [33mclass[31m=[32m"flex items-center gap-2 text-sm leading-none font-medium select-none group-data-[disabled=true]:pointer-events-none group-data-[disabled=true]:opacity-50 peer-disabled:cursor-not-allowed peer-disabled:opacity-50"[31m
            [33mdata-slot[31m=[32m"label"[31m
          [36m>[31m
            [0mDate:[0m
          [36m</label>[31m
          [36m<button[31m
            [33maria-controls[31m=[32m"radix-:r0:"[31m
            [33maria-expanded[31m=[32m"false"[31m
            [33maria-haspopup[31m=[32m"dialog"[31m
            [33mclass[31m=[32m"inline-flex items-center justify-center whitespace-nowrap rounded-[var(--button-radius)] text-sm font-medium transition-all disabled:pointer-events-none disabled:opacity-50 [&_svg]:pointer-events-none [&_svg:not([class*='size-'])]:size-4 shrink-0 [&_svg]:shrink-0 outline-none focus-visible:border-ring focus-visible:ring-ring/50 focus-visible:ring-[3px] aria-invalid:ring-destructive/20 dark:aria-invalid:ring-destructive/40 aria-invalid:border-destructive border-2 border-primary bg-transparent text-primary hover:bg-primary/10 dark:bg-input/30 dark:border-input dark:hover:bg-input/50 h-10 px-4 py-2 has-[>svg]:px-3 md:h-10 lg:h-10 gap-2"[31m
            [33mdata-slot[31m=[32m"popover-trigger"[31m
            [33mdata-state[31m=[32m"closed"[31m
            [33mtype[31m=[32m"button"[31m
          [36m>[31m
            [36m<svg[31m
              [33mclass[31m=[32m"lucide lucide-calendar w-4 h-4"[31m
              [33mfill[31m=[32m"none"[31m
              [33mheight[31m=[32m"24"[31m
              [33mstroke[31m=[32m"currentColor"[31m
              [33mstroke-linecap[31m=[32m"round"[31m
              [33mstroke-linejoin[31m=[32m"round"[31m
              [33mstroke-width[31m=[32m"2"[31m
              [33mviewBox[31m=[32m"0 0 24 24"[31m
              [33mwidth[31m=[32m"24"[31m
              [33mxmlns[31m=[32m"http://www.w3.org/2000/svg"[31m
            [36m>[31m
              [36m<path[31m
                [33md[31m=[32m"M8 2v4"[31m
              [36m/>[31m
              [36m<path[31m
                [33md[31m=[32m"M16 2v4"[31m
              [36m/>[31m
              [36m<rect[31m
                [33mheight[31m=[32m"18"[31m
                [33mrx[31m=[32m"2"[31m
                [33mwidth[31m=[32m"18"[31m
                [33mx[31m=[32m"3"[31m
                [33my[31m=[32m"4"[31m
              [36m/>[31m
              [36m<path[31m
                [33md[31m=[32m"M3 10h18"[31m
              [36m/>[31m
            [36m</svg>[31m
            [0m11 Feb 2026[0m
          [36m</button>[31m
        [36m</div>[31m
        [36m<div[31m
          [33mclass[31m=[32m"flex flex-col gap-2"[31m
          [33mdata-orientation[31m=[32m"horizontal"[31m
          [33mdata-slot[31m=[32m"tabs"[31m
          [33mdir[31m=[32m"ltr"[31m
        [36m>[31m
          [36m<div[31m
            [33maria-orientation[31m=[32m"horizontal"[31m
            [33mclass[31m=[32m"bg-muted text-muted-foreground h-9 items-center justify-center rounded-xl p-[3px] grid w-full grid-cols-2"[31m
            [33mdata-orientation[31m=[32m"horizontal"[31m
            [33mdata-slot[31m=[32m"tabs-list"[31m
            [33mrole[31m=[32m"tablist"[31m
            [33mstyle[31m=[32m"outline-color: none; outline-style: none; outline-width: initial;"[31m
            [33mtabindex[31m=[32m"0"[31m
          [36m>[31m
            [36m<button[31m
              [33maria-controls[31m=[32m"radix-:r1:-content-sales"[31m
              [33maria-selected[31m=[32m"true"[31m
              [33mclass[31m=[32m"data-[state=active]:bg-card dark:data-[state=active]:text-foreground focus-visible:border-ring focus-visible:ring-ring/50 focus-visible:outline-ring dark:data-[state=active]:border-input dark:data-[state=active]:bg-input/30 text-foreground dark:text-muted-foreground inline-flex h-[calc(100%-1px)] flex-1 items-center justify-center gap-1.5 rounded-xl border border-transparent px-2 py-1 text-sm font-medium whitespace-nowrap transition-[color,box-shadow] focus-visible:ring-[3px] focus-visible:outline-1 disabled:pointer-events-none disabled:opacity-50 [&_svg]:pointer-events-none [&_svg]:shrink-0 [&_svg:not([class*='size-'])]:size-4"[31m
              [33mdata-orientation[31m=[32m"horizontal"[31m
              [33mdata-radix-collection-item[31m=[32m""[31m
              [33mdata-slot[31m=[32m"tabs-trigger"[31m
              [33mdata-state[31m=[32m"active"[31m
              [33mid[31m=[32m"radix-:r1:-trigger-sales"[31m
              [33mrole[31m=[32m"tab"[31m
              [33mtabindex[31m=[32m"-1"[31m
              [33mtype...[39m
 [32m鉁?[39m src/app/components/dashboard/__tests__/DataInputForm.test.tsx[2m > [22mDataInputForm[2m > [22mRendering[2m > [22mshould display correct description for employee (maxDaysBack=0)[32m 7[2mms[22m[39m
 [32m鉁?[39m src/app/components/dashboard/__tests__/DataInputForm.test.tsx[2m > [22mDataInputForm[2m > [22mRendering[2m > [22mshould display correct description for manager (maxDaysBack with limit)[32m 5[2mms[22m[39m
 [32m鉁?[39m src/app/components/dashboard/__tests__/DataInputForm.test.tsx[2m > [22mDataInputForm[2m > [22mRendering[2m > [22mshould render all recipes in sales tab[32m 22[2mms[22m[39m
 [32m鉁?[39m src/app/components/dashboard/__tests__/DataInputForm.test.tsx[2m > [22mDataInputForm[2m > [22mRendering[2m > [22mshould render all ingredients in wastage tab[32m 63[2mms[22m[39m
 [31m脳[39m src/app/components/dashboard/__tests__/DataInputForm.test.tsx[2m > [22mDataInputForm[2m > [22mDate Selection[2m > [22mshould display current date by default[33m 1011[2mms[22m[39m
[31m   鈫?Unable to find role="button" and name `/10 feb 2026/i`

Ignored nodes: comments, script, style
[36m<body>[31m
  [36m<div>[31m
    [36m<div[31m
      [33mclass[31m=[32m"bg-card text-card-foreground flex flex-col gap-6 rounded-xl border shadow-sm"[31m
      [33mdata-slot[31m=[32m"card"[31m
      [33mstyle[31m=[32m"box-shadow: 0 2px 4px rgba(0, 0, 0, 0.08);"[31m
    [36m>[31m
      [36m<div[31m
        [33mclass[31m=[32m"@container/card-header grid auto-rows-min grid-rows-[auto_auto] items-start gap-1.5 px-6 pt-6 has-data-[slot=card-action]:grid-cols-[1fr_auto] [.border-b]:pb-6"[31m
        [33mdata-slot[31m=[32m"card-header"[31m
      [36m>[31m
        [36m<h4[31m
          [33mclass[31m=[32m"leading-none flex items-center gap-2"[31m
          [33mdata-slot[31m=[32m"card-title"[31m
        [36m>[31m
          [36m<svg[31m
            [33mclass[31m=[32m"lucide lucide-plus w-5 h-5"[31m
            [33mfill[31m=[32m"none"[31m
            [33mheight[31m=[32m"24"[31m
            [33mstroke[31m=[32m"currentColor"[31m
            [33mstroke-linecap[31m=[32m"round"[31m
            [33mstroke-linejoin[31m=[32m"round"[31m
            [33mstroke-width[31m=[32m"2"[31m
            [33mviewBox[31m=[32m"0 0 24 24"[31m
            [33mwidth[31m=[32m"24"[31m
            [33mxmlns[31m=[32m"http://www.w3.org/2000/svg"[31m
          [36m>[31m
            [36m<path[31m
              [33md[31m=[32m"M5 12h14"[31m
            [36m/>[31m
            [36m<path[31m
              [33md[31m=[32m"M12 5v14"[31m
            [36m/>[31m
          [36m</svg>[31m
          [0mInput Data[0m
        [36m</h4>[31m
        [36m<p[31m
          [33mclass[31m=[32m"text-muted-foreground"[31m
          [33mdata-slot[31m=[32m"card-description"[31m
        [36m>[31m
          [0mEnter today's sales and wastage data[0m
        [36m</p>[31m
      [36m</div>[31m
      [36m<div[31m
        [33mclass[31m=[32m"px-6 [&:last-child]:pb-6 space-y-4"[31m
        [33mdata-slot[31m=[32m"card-content"[31m
      [36m>[31m
        [36m<div[31m
          [33mclass[31m=[32m"flex items-center gap-4"[31m
        [36m>[31m
          [36m<label[31m
            [33mclass[31m=[32m"flex items-center gap-2 text-sm leading-none font-medium select-none group-data-[disabled=true]:pointer-events-none group-data-[disabled=true]:opacity-50 peer-disabled:cursor-not-allowed peer-disabled:opacity-50"[31m
            [33mdata-slot[31m=[32m"label"[31m
          [36m>[31m
            [0mDate:[0m
          [36m</label>[31m
          [36m<button[31m
            [33maria-controls[31m=[32m"radix-:rk:"[31m
            [33maria-expanded[31m=[32m"false"[31m
            [33maria-haspopup[31m=[32m"dialog"[31m
            [33mclass[31m=[32m"inline-flex items-center justify-center whitespace-nowrap rounded-[var(--button-radius)] text-sm font-medium transition-all disabled:pointer-events-none disabled:opacity-50 [&_svg]:pointer-events-none [&_svg:not([class*='size-'])]:size-4 shrink-0 [&_svg]:shrink-0 outline-none focus-visible:border-ring focus-visible:ring-ring/50 focus-visible:ring-[3px] aria-invalid:ring-destructive/20 dark:aria-invalid:ring-destructive/40 aria-invalid:border-destructive border-2 border-primary bg-transparent text-primary hover:bg-primary/10 dark:bg-input/30 dark:border-input dark:hover:bg-input/50 h-10 px-4 py-2 has-[>svg]:px-3 md:h-10 lg:h-10 gap-2"[31m
            [33mdata-slot[31m=[32m"popover-trigger"[31m
            [33mdata-state[31m=[32m"closed"[31m
            [33mtype[31m=[32m"button"[31m
          [36m>[31m
            [36m<svg[31m
              [33mclass[31m=[32m"lucide lucide-calendar w-4 h-4"[31m
              [33mfill[31m=[32m"none"[31m
              [33mheight[31m=[32m"24"[31m
              [33mstroke[31m=[32m"currentColor"[31m
              [33mstroke-linecap[31m=[32m"round"[31m
              [33mstroke-linejoin[31m=[32m"round"[31m
              [33mstroke-width[31m=[32m"2"[31m
              [33mviewBox[31m=[32m"0 0 24 24"[31m
              [33mwidth[31m=[32m"24"[31m
              [33mxmlns[31m=[32m"http://www.w3.org/2000/svg"[31m
            [36m>[31m
              [36m<path[31m
                [33md[31m=[32m"M8 2v4"[31m
              [36m/>[31m
              [36m<path[31m
                [33md[31m=[32m"M16 2v4"[31m
              [36m/>[31m
              [36m<rect[31m
                [33mheight[31m=[32m"18"[31m
                [33mrx[31m=[32m"2"[31m
                [33mwidth[31m=[32m"18"[31m
                [33mx[31m=[32m"3"[31m
                [33my[31m=[32m"4"[31m
              [36m/>[31m
              [36m<path[31m
                [33md[31m=[32m"M3 10h18"[31m
              [36m/>[31m
            [36m</svg>[31m
            [0m11 Feb 2026[0m
          [36m</button>[31m
        [36m</div>[31m
        [36m<div[31m
          [33mclass[31m=[32m"flex flex-col gap-2"[31m
          [33mdata-orientation[31m=[32m"horizontal"[31m
          [33mdata-slot[31m=[32m"tabs"[31m
          [33mdir[31m=[32m"ltr"[31m
        [36m>[31m
          [36m<div[31m
            [33maria-orientation[31m=[32m"horizontal"[31m
            [33mclass[31m=[32m"bg-muted text-muted-foreground h-9 items-center justify-center rounded-xl p-[3px] grid w-full grid-cols-2"[31m
            [33mdata-orientation[31m=[32m"horizontal"[31m
            [33mdata-slot[31m=[32m"tabs-list"[31m
            [33mrole[31m=[32m"tablist"[31m
            [33mstyle[31m=[32m"outline-color: none; outline-style: none; outline-width: initial;"[31m
            [33mtabindex[31m=[32m"0"[31m
          [36m>[31m
            [36m<button[31m
              [33maria-controls[31m=[32m"radix-:rl:-content-sales"[31m
              [33maria-selected[31m=[32m"true"[31m
              [33mclass[31m=[32m"data-[state=active]:bg-card dark:data-[state=active]:text-foreground focus-visible:border-ring focus-visible:ring-ring/50 focus-visible:outline-ring dark:data-[state=active]:border-input dark:data-[state=active]:bg-input/30 text-foreground dark:text-muted-foreground inline-flex h-[calc(100%-1px)] flex-1 items-center justify-center gap-1.5 rounded-xl border border-transparent px-2 py-1 text-sm font-medium whitespace-nowrap transition-[color,box-shadow] focus-visible:ring-[3px] focus-visible:outline-1 disabled:pointer-events-none disabled:opacity-50 [&_svg]:pointer-events-none [&_svg]:shrink-0 [&_svg:not([class*='size-'])]:size-4"[31m
              [33mdata-orientation[31m=[32m"horizontal"[31m
              [33mdata-radix-collection-item[31m=[32m""[31m
              [33mdata-slot[31m=[32m"tabs-trigger"[31m
              [33mdata-state[31m=[32m"active"[31m
              [33mid[31m=[32m"radix-:rl:-trigger-sales"[31m
              [33mrole[31m=[32m"tab"[31m
              [33mtabindex[31m=[32m"-1"[31m
              [33mtype...

Ignored nodes: comments, script, style
[36m<html>[31m
  [36m<head />[31m
  [36m<body>[31m
    [36m<div>[31m
      [36m<div[31m
        [33mclass[31m=[32m"bg-card text-card-foreground flex flex-col gap-6 rounded-xl border shadow-sm"[31m
        [33mdata-slot[31m=[32m"card"[31m
        [33mstyle[31m=[32m"box-shadow: 0 2px 4px rgba(0, 0, 0, 0.08);"[31m
      [36m>[31m
        [36m<div[31m
          [33mclass[31m=[32m"@container/card-header grid auto-rows-min grid-rows-[auto_auto] items-start gap-1.5 px-6 pt-6 has-data-[slot=card-action]:grid-cols-[1fr_auto] [.border-b]:pb-6"[31m
          [33mdata-slot[31m=[32m"card-header"[31m
        [36m>[31m
          [36m<h4[31m
            [33mclass[31m=[32m"leading-none flex items-center gap-2"[31m
            [33mdata-slot[31m=[32m"card-title"[31m
          [36m>[31m
            [36m<svg[31m
              [33mclass[31m=[32m"lucide lucide-plus w-5 h-5"[31m
              [33mfill[31m=[32m"none"[31m
              [33mheight[31m=[32m"24"[31m
              [33mstroke[31m=[32m"currentColor"[31m
              [33mstroke-linecap[31m=[32m"round"[31m
              [33mstroke-linejoin[31m=[32m"round"[31m
              [33mstroke-width[31m=[32m"2"[31m
              [33mviewBox[31m=[32m"0 0 24 24"[31m
              [33mwidth[31m=[32m"24"[31m
              [33mxmlns[31m=[32m"http://www.w3.org/2000/svg"[31m
            [36m>[31m
              [36m<path[31m
                [33md[31m=[32m"M5 12h14"[31m
              [36m/>[31m
              [36m<path[31m
                [33md[31m=[32m"M12 5v14"[31m
              [36m/>[31m
            [36m</svg>[31m
            [0mInput Data[0m
          [36m</h4>[31m
          [36m<p[31m
            [33mclass[31m=[32m"text-muted-foreground"[31m
            [33mdata-slot[31m=[32m"card-description"[31m
          [36m>[31m
            [0mEnter today's sales and wastage data[0m
          [36m</p>[31m
        [36m</div>[31m
        [36m<div[31m
          [33mclass[31m=[32m"px-6 [&:last-child]:pb-6 space-y-4"[31m
          [33mdata-slot[31m=[32m"card-content"[31m
        [36m>[31m
          [36m<div[31m
            [33mclass[31m=[32m"flex items-center gap-4"[31m
          [36m>[31m
            [36m<label[31m
              [33mclass[31m=[32m"flex items-center gap-2 text-sm leading-none font-medium select-none group-data-[disabled=true]:pointer-events-none group-data-[disabled=true]:opacity-50 peer-disabled:cursor-not-allowed peer-disabled:opacity-50"[31m
              [33mdata-slot[31m=[32m"label"[31m
            [36m>[31m
              [0mDate:[0m
            [36m</label>[31m
            [36m<button[31m
              [33maria-controls[31m=[32m"radix-:rk:"[31m
              [33maria-expanded[31m=[32m"false"[31m
              [33maria-haspopup[31m=[32m"dialog"[31m
              [33mclass[31m=[32m"inline-flex items-center justify-center whitespace-nowrap rounded-[var(--button-radius)] text-sm font-medium transition-all disabled:pointer-events-none disabled:opacity-50 [&_svg]:pointer-events-none [&_svg:not([class*='size-'])]:size-4 shrink-0 [&_svg]:shrink-0 outline-none focus-visible:border-ring focus-visible:ring-ring/50 focus-visible:ring-[3px] aria-invalid:ring-destructive/20 dark:aria-invalid:ring-destructive/40 aria-invalid:border-destructive border-2 border-primary bg-transparent text-primary hover:bg-primary/10 dark:bg-input/30 dark:border-input dark:hover:bg-input/50 h-10 px-4 py-2 has-[>svg]:px-3 md:h-10 lg:h-10 gap-2"[31m
              [33mdata-slot[31m=[32m"popover-trigger"[31m
              [33mdata-state[31m=[32m"closed"[31m
              [33mtype[31m=[32m"button"[31m
            [36m>[31m
              [36m<svg[31m
                [33mclass[31m=[32m"lucide lucide-calendar w-4 h-4"[31m
                [33mfill[31m=[32m"none"[31m
                [33mheight[31m=[32m"24"[31m
                [33mstroke[31m=[32m"currentColor"[31m
                [33mstroke-linecap[31m=[32m"round"[31m
                [33mstroke-linejoin[31m=[32m"round"[31m
                [33mstroke-width[31m=[32m"2"[31m
                [33mviewBox[31m=[32m"0 0 24 24"[31m
                [33mwidth[31m=[32m"24"[31m
                [33mxmlns[31m=[32m"http://www.w3.org/2000/svg"[31m
              [36m>[31m
                [36m<path[31m
                  [33md[31m=[32m"M8 2v4"[31m
                [36m/>[31m
                [36m<path[31m
                  [33md[31m=[32m"M16 2v4"[31m
                [36m/>[31m
                [36m<rect[31m
                  [33mheight[31m=[32m"18"[31m
                  [33mrx[31m=[32m"2"[31m
                  [33mwidth[31m=[32m"18"[31m
                  [33mx[31m=[32m"3"[31m
                  [33my[31m=[32m"4"[31m
                [36m/>[31m
                [36m<path[31m
                  [33md[31m=[32m"M3 10h18"[31m
                [36m/>[31m
              [36m</svg>[31m
              [0m11 Feb 2026[0m
            [36m</button>[31m
          [36m</div>[31m
          [36m<div[31m
            [33mclass[31m=[32m"flex flex-col gap-2"[31m
            [33mdata-orientation[31m=[32m"horizontal"[31m
            [33mdata-slot[31m=[32m"tabs"[31m
            [33mdir[31m=[32m"ltr"[31m
          [36m>[31m
            [36m<div[31m
              [33maria-orientation[31m=[32m"horizontal"[31m
              [33mclass[31m=[32m"bg-muted text-muted-foreground h-9 items-center justify-center rounded-xl p-[3px] grid w-full grid-cols-2"[31m
              [33mdata-orientation[31m=[32m"horizontal"[31m
              [33mdata-slot[31m=[32m"tabs-list"[31m
              [33mrole[31m=[32m"tablist"[31m
              [33mstyle[31m=[32m"outline-color: none; outline-style: none; outline-width: initial;"[31m
              [33mtabindex[31m=[32m"0"[31m
            [36m>[31m
              [36m<button[31m
                [33maria-controls[31m=[32m"radix-:rl:-content-sales"[31m
                [33maria-selected[31m=[32m"true"[31m
                [33mclass[31m=[32m"data-[state=active]:bg-card dark:data-[state=active]:text-foreground focus-visible:border-ring focus-visible:ring-ring/50 focus-visible:outline-ring dark:data-[state=active]:border-input dark:data-[state=active]:bg-input/30 text-foreground dark:text-muted-foreground inline-flex h-[calc(100%-1px)] flex-1 items-center justify-center gap-1.5 rounded-xl border border-transparent px-2 py-1 text-sm font-medium whitespace-nowrap transition-[color,box-shadow] focus-visible:ring-[3px] focus-visible:outline-1 disabled:pointer-events-none disabled:opacity-50 [&_svg]:pointer-events-none [&_svg]:shrink-0 [&_svg:not([class*='size-'])]:size-4"[31m
                [33mdata-orientation[31m=[32m"horizontal"[31m
                [33mdata-radix-collection-item[31m=[32m""[31m
                [3...[39m
 [31m脳[39m src/app/components/dashboard/__tests__/DataInputForm.test.tsx[2m > [22mDataInputForm[2m > [22mDate Selection[2m > [22mshould open calendar when date button is clicked[33m 1010[2mms[22m[39m
[31m   鈫?Unable to find role="button" and name `/10 feb 2026/i`

Ignored nodes: comments, script, style
[36m<body>[31m
  [36m<div>[31m
    [36m<div[31m
      [33mclass[31m=[32m"bg-card text-card-foreground flex flex-col gap-6 rounded-xl border shadow-sm"[31m
      [33mdata-slot[31m=[32m"card"[31m
      [33mstyle[31m=[32m"box-shadow: 0 2px 4px rgba(0, 0, 0, 0.08);"[31m
    [36m>[31m
      [36m<div[31m
        [33mclass[31m=[32m"@container/card-header grid auto-rows-min grid-rows-[auto_auto] items-start gap-1.5 px-6 pt-6 has-data-[slot=card-action]:grid-cols-[1fr_auto] [.border-b]:pb-6"[31m
        [33mdata-slot[31m=[32m"card-header"[31m
      [36m>[31m
        [36m<h4[31m
          [33mclass[31m=[32m"leading-none flex items-center gap-2"[31m
          [33mdata-slot[31m=[32m"card-title"[31m
        [36m>[31m
          [36m<svg[31m
            [33mclass[31m=[32m"lucide lucide-plus w-5 h-5"[31m
            [33mfill[31m=[32m"none"[31m
            [33mheight[31m=[32m"24"[31m
            [33mstroke[31m=[32m"currentColor"[31m
            [33mstroke-linecap[31m=[32m"round"[31m
            [33mstroke-linejoin[31m=[32m"round"[31m
            [33mstroke-width[31m=[32m"2"[31m
            [33mviewBox[31m=[32m"0 0 24 24"[31m
            [33mwidth[31m=[32m"24"[31m
            [33mxmlns[31m=[32m"http://www.w3.org/2000/svg"[31m
          [36m>[31m
            [36m<path[31m
              [33md[31m=[32m"M5 12h14"[31m
            [36m/>[31m
            [36m<path[31m
              [33md[31m=[32m"M12 5v14"[31m
            [36m/>[31m
          [36m</svg>[31m
          [0mInput Data[0m
        [36m</h4>[31m
        [36m<p[31m
          [33mclass[31m=[32m"text-muted-foreground"[31m
          [33mdata-slot[31m=[32m"card-description"[31m
        [36m>[31m
          [0mEnter today's sales and wastage data[0m
        [36m</p>[31m
      [36m</div>[31m
      [36m<div[31m
        [33mclass[31m=[32m"px-6 [&:last-child]:pb-6 space-y-4"[31m
        [33mdata-slot[31m=[32m"card-content"[31m
      [36m>[31m
        [36m<div[31m
          [33mclass[31m=[32m"flex items-center gap-4"[31m
        [36m>[31m
          [36m<label[31m
            [33mclass[31m=[32m"flex items-center gap-2 text-sm leading-none font-medium select-none group-data-[disabled=true]:pointer-events-none group-data-[disabled=true]:opacity-50 peer-disabled:cursor-not-allowed peer-disabled:opacity-50"[31m
            [33mdata-slot[31m=[32m"label"[31m
          [36m>[31m
            [0mDate:[0m
          [36m</label>[31m
          [36m<button[31m
            [33maria-controls[31m=[32m"radix-:ro:"[31m
            [33maria-expanded[31m=[32m"false"[31m
            [33maria-haspopup[31m=[32m"dialog"[31m
            [33mclass[31m=[32m"inline-flex items-center justify-center whitespace-nowrap rounded-[var(--button-radius)] text-sm font-medium transition-all disabled:pointer-events-none disabled:opacity-50 [&_svg]:pointer-events-none [&_svg:not([class*='size-'])]:size-4 shrink-0 [&_svg]:shrink-0 outline-none focus-visible:border-ring focus-visible:ring-ring/50 focus-visible:ring-[3px] aria-invalid:ring-destructive/20 dark:aria-invalid:ring-destructive/40 aria-invalid:border-destructive border-2 border-primary bg-transparent text-primary hover:bg-primary/10 dark:bg-input/30 dark:border-input dark:hover:bg-input/50 h-10 px-4 py-2 has-[>svg]:px-3 md:h-10 lg:h-10 gap-2"[31m
            [33mdata-slot[31m=[32m"popover-trigger"[31m
            [33mdata-state[31m=[32m"closed"[31m
            [33mtype[31m=[32m"button"[31m
          [36m>[31m
            [36m<svg[31m
              [33mclass[31m=[32m"lucide lucide-calendar w-4 h-4"[31m
              [33mfill[31m=[32m"none"[31m
              [33mheight[31m=[32m"24"[31m
              [33mstroke[31m=[32m"currentColor"[31m
              [33mstroke-linecap[31m=[32m"round"[31m
              [33mstroke-linejoin[31m=[32m"round"[31m
              [33mstroke-width[31m=[32m"2"[31m
              [33mviewBox[31m=[32m"0 0 24 24"[31m
              [33mwidth[31m=[32m"24"[31m
              [33mxmlns[31m=[32m"http://www.w3.org/2000/svg"[31m
            [36m>[31m
              [36m<path[31m
                [33md[31m=[32m"M8 2v4"[31m
              [36m/>[31m
              [36m<path[31m
                [33md[31m=[32m"M16 2v4"[31m
              [36m/>[31m
              [36m<rect[31m
                [33mheight[31m=[32m"18"[31m
                [33mrx[31m=[32m"2"[31m
                [33mwidth[31m=[32m"18"[31m
                [33mx[31m=[32m"3"[31m
                [33my[31m=[32m"4"[31m
              [36m/>[31m
              [36m<path[31m
                [33md[31m=[32m"M3 10h18"[31m
              [36m/>[31m
            [36m</svg>[31m
            [0m11 Feb 2026[0m
          [36m</button>[31m
        [36m</div>[31m
        [36m<div[31m
          [33mclass[31m=[32m"flex flex-col gap-2"[31m
          [33mdata-orientation[31m=[32m"horizontal"[31m
          [33mdata-slot[31m=[32m"tabs"[31m
          [33mdir[31m=[32m"ltr"[31m
        [36m>[31m
          [36m<div[31m
            [33maria-orientation[31m=[32m"horizontal"[31m
            [33mclass[31m=[32m"bg-muted text-muted-foreground h-9 items-center justify-center rounded-xl p-[3px] grid w-full grid-cols-2"[31m
            [33mdata-orientation[31m=[32m"horizontal"[31m
            [33mdata-slot[31m=[32m"tabs-list"[31m
            [33mrole[31m=[32m"tablist"[31m
            [33mstyle[31m=[32m"outline-color: none; outline-style: none; outline-width: initial;"[31m
            [33mtabindex[31m=[32m"0"[31m
          [36m>[31m
            [36m<button[31m
              [33maria-controls[31m=[32m"radix-:rp:-content-sales"[31m
              [33maria-selected[31m=[32m"true"[31m
              [33mclass[31m=[32m"data-[state=active]:bg-card dark:data-[state=active]:text-foreground focus-visible:border-ring focus-visible:ring-ring/50 focus-visible:outline-ring dark:data-[state=active]:border-input dark:data-[state=active]:bg-input/30 text-foreground dark:text-muted-foreground inline-flex h-[calc(100%-1px)] flex-1 items-center justify-center gap-1.5 rounded-xl border border-transparent px-2 py-1 text-sm font-medium whitespace-nowrap transition-[color,box-shadow] focus-visible:ring-[3px] focus-visible:outline-1 disabled:pointer-events-none disabled:opacity-50 [&_svg]:pointer-events-none [&_svg]:shrink-0 [&_svg:not([class*='size-'])]:size-4"[31m
              [33mdata-orientation[31m=[32m"horizontal"[31m
              [33mdata-radix-collection-item[31m=[32m""[31m
              [33mdata-slot[31m=[32m"tabs-trigger"[31m
              [33mdata-state[31m=[32m"active"[31m
              [33mid[31m=[32m"radix-:rp:-trigger-sales"[31m
              [33mrole[31m=[32m"tab"[31m
              [33mtabindex[31m=[32m"-1"[31m
              [33mtype...

Ignored nodes: comments, script, style
[36m<html>[31m
  [36m<head />[31m
  [36m<body>[31m
    [36m<div>[31m
      [36m<div[31m
        [33mclass[31m=[32m"bg-card text-card-foreground flex flex-col gap-6 rounded-xl border shadow-sm"[31m
        [33mdata-slot[31m=[32m"card"[31m
        [33mstyle[31m=[32m"box-shadow: 0 2px 4px rgba(0, 0, 0, 0.08);"[31m
      [36m>[31m
        [36m<div[31m
          [33mclass[31m=[32m"@container/card-header grid auto-rows-min grid-rows-[auto_auto] items-start gap-1.5 px-6 pt-6 has-data-[slot=card-action]:grid-cols-[1fr_auto] [.border-b]:pb-6"[31m
          [33mdata-slot[31m=[32m"card-header"[31m
        [36m>[31m
          [36m<h4[31m
            [33mclass[31m=[32m"leading-none flex items-center gap-2"[31m
            [33mdata-slot[31m=[32m"card-title"[31m
          [36m>[31m
            [36m<svg[31m
              [33mclass[31m=[32m"lucide lucide-plus w-5 h-5"[31m
              [33mfill[31m=[32m"none"[31m
              [33mheight[31m=[32m"24"[31m
              [33mstroke[31m=[32m"currentColor"[31m
              [33mstroke-linecap[31m=[32m"round"[31m
              [33mstroke-linejoin[31m=[32m"round"[31m
              [33mstroke-width[31m=[32m"2"[31m
              [33mviewBox[31m=[32m"0 0 24 24"[31m
              [33mwidth[31m=[32m"24"[31m
              [33mxmlns[31m=[32m"http://www.w3.org/2000/svg"[31m
            [36m>[31m
              [36m<path[31m
                [33md[31m=[32m"M5 12h14"[31m
              [36m/>[31m
              [36m<path[31m
                [33md[31m=[32m"M12 5v14"[31m
              [36m/>[31m
            [36m</svg>[31m
            [0mInput Data[0m
          [36m</h4>[31m
          [36m<p[31m
            [33mclass[31m=[32m"text-muted-foreground"[31m
            [33mdata-slot[31m=[32m"card-description"[31m
          [36m>[31m
            [0mEnter today's sales and wastage data[0m
          [36m</p>[31m
        [36m</div>[31m
        [36m<div[31m
          [33mclass[31m=[32m"px-6 [&:last-child]:pb-6 space-y-4"[31m
          [33mdata-slot[31m=[32m"card-content"[31m
        [36m>[31m
          [36m<div[31m
            [33mclass[31m=[32m"flex items-center gap-4"[31m
          [36m>[31m
            [36m<label[31m
              [33mclass[31m=[32m"flex items-center gap-2 text-sm leading-none font-medium select-none group-data-[disabled=true]:pointer-events-none group-data-[disabled=true]:opacity-50 peer-disabled:cursor-not-allowed peer-disabled:opacity-50"[31m
              [33mdata-slot[31m=[32m"label"[31m
            [36m>[31m
              [0mDate:[0m
            [36m</label>[31m
            [36m<button[31m
              [33maria-controls[31m=[32m"radix-:ro:"[31m
              [33maria-expanded[31m=[32m"false"[31m
              [33maria-haspopup[31m=[32m"dialog"[31m
              [33mclass[31m=[32m"inline-flex items-center justify-center whitespace-nowrap rounded-[var(--button-radius)] text-sm font-medium transition-all disabled:pointer-events-none disabled:opacity-50 [&_svg]:pointer-events-none [&_svg:not([class*='size-'])]:size-4 shrink-0 [&_svg]:shrink-0 outline-none focus-visible:border-ring focus-visible:ring-ring/50 focus-visible:ring-[3px] aria-invalid:ring-destructive/20 dark:aria-invalid:ring-destructive/40 aria-invalid:border-destructive border-2 border-primary bg-transparent text-primary hover:bg-primary/10 dark:bg-input/30 dark:border-input dark:hover:bg-input/50 h-10 px-4 py-2 has-[>svg]:px-3 md:h-10 lg:h-10 gap-2"[31m
              [33mdata-slot[31m=[32m"popover-trigger"[31m
              [33mdata-state[31m=[32m"closed"[31m
              [33mtype[31m=[32m"button"[31m
            [36m>[31m
              [36m<svg[31m
                [33mclass[31m=[32m"lucide lucide-calendar w-4 h-4"[31m
                [33mfill[31m=[32m"none"[31m
                [33mheight[31m=[32m"24"[31m
                [33mstroke[31m=[32m"currentColor"[31m
                [33mstroke-linecap[31m=[32m"round"[31m
                [33mstroke-linejoin[31m=[32m"round"[31m
                [33mstroke-width[31m=[32m"2"[31m
                [33mviewBox[31m=[32m"0 0 24 24"[31m
                [33mwidth[31m=[32m"24"[31m
                [33mxmlns[31m=[32m"http://www.w3.org/2000/svg"[31m
              [36m>[31m
                [36m<path[31m
                  [33md[31m=[32m"M8 2v4"[31m
                [36m/>[31m
                [36m<path[31m
                  [33md[31m=[32m"M16 2v4"[31m
                [36m/>[31m
                [36m<rect[31m
                  [33mheight[31m=[32m"18"[31m
                  [33mrx[31m=[32m"2"[31m
                  [33mwidth[31m=[32m"18"[31m
                  [33mx[31m=[32m"3"[31m
                  [33my[31m=[32m"4"[31m
                [36m/>[31m
                [36m<path[31m
                  [33md[31m=[32m"M3 10h18"[31m
                [36m/>[31m
              [36m</svg>[31m
              [0m11 Feb 2026[0m
            [36m</button>[31m
          [36m</div>[31m
          [36m<div[31m
            [33mclass[31m=[32m"flex flex-col gap-2"[31m
            [33mdata-orientation[31m=[32m"horizontal"[31m
            [33mdata-slot[31m=[32m"tabs"[31m
            [33mdir[31m=[32m"ltr"[31m
          [36m>[31m
            [36m<div[31m
              [33maria-orientation[31m=[32m"horizontal"[31m
              [33mclass[31m=[32m"bg-muted text-muted-foreground h-9 items-center justify-center rounded-xl p-[3px] grid w-full grid-cols-2"[31m
              [33mdata-orientation[31m=[32m"horizontal"[31m
              [33mdata-slot[31m=[32m"tabs-list"[31m
              [33mrole[31m=[32m"tablist"[31m
              [33mstyle[31m=[32m"outline-color: none; outline-style: none; outline-width: initial;"[31m
              [33mtabindex[31m=[32m"0"[31m
            [36m>[31m
              [36m<button[31m
                [33maria-controls[31m=[32m"radix-:rp:-content-sales"[31m
                [33maria-selected[31m=[32m"true"[31m
                [33mclass[31m=[32m"data-[state=active]:bg-card dark:data-[state=active]:text-foreground focus-visible:border-ring focus-visible:ring-ring/50 focus-visible:outline-ring dark:data-[state=active]:border-input dark:data-[state=active]:bg-input/30 text-foreground dark:text-muted-foreground inline-flex h-[calc(100%-1px)] flex-1 items-center justify-center gap-1.5 rounded-xl border border-transparent px-2 py-1 text-sm font-medium whitespace-nowrap transition-[color,box-shadow] focus-visible:ring-[3px] focus-visible:outline-1 disabled:pointer-events-none disabled:opacity-50 [&_svg]:pointer-events-none [&_svg]:shrink-0 [&_svg:not([class*='size-'])]:size-4"[31m
                [33mdata-orientation[31m=[32m"horizontal"[31m
                [33mdata-radix-collection-item[31m=[32m""[31m
                [3...[39m
 [32m鉁?[39m src/app/components/dashboard/__tests__/DataInputForm.test.tsx[2m > [22mDataInputForm[2m > [22mSales Data Tab[2m > [22mshould allow entering sales data[32m 108[2mms[22m[39m
 [32m鉁?[39m src/app/components/dashboard/__tests__/DataInputForm.test.tsx[2m > [22mDataInputForm[2m > [22mSales Data Tab[2m > [22mshould show error when submitting without any data[32m 79[2mms[22m[39m
 [32m鉁?[39m src/app/components/dashboard/__tests__/DataInputForm.test.tsx[2m > [22mDataInputForm[2m > [22mSales Data Tab[2m > [22mshould successfully submit sales data[32m 170[2mms[22m[39m
 [32m鉁?[39m src/app/components/dashboard/__tests__/DataInputForm.test.tsx[2m > [22mDataInputForm[2m > [22mSales Data Tab[2m > [22mshould clear form after successful submission[32m 187[2mms[22m[39m
 [32m鉁?[39m src/app/components/dashboard/__tests__/DataInputForm.test.tsx[2m > [22mDataInputForm[2m > [22mSales Data Tab[2m > [22mshould submit multiple sales entries[32m 248[2mms[22m[39m
 [32m鉁?[39m src/app/components/dashboard/__tests__/DataInputForm.test.tsx[2m > [22mDataInputForm[2m > [22mSales Data Tab[2m > [22mshould ignore zero values when submitting[32m 140[2mms[22m[39m
 [32m鉁?[39m src/app/components/dashboard/__tests__/DataInputForm.test.tsx[2m > [22mDataInputForm[2m > [22mWastage Data Tab[2m > [22mshould switch to wastage tab[32m 93[2mms[22m[39m
 [32m鉁?[39m src/app/components/dashboard/__tests__/DataInputForm.test.tsx[2m > [22mDataInputForm[2m > [22mWastage Data Tab[2m > [22mshould allow entering wastage data[32m 202[2mms[22m[39m
 [32m鉁?[39m src/app/components/dashboard/__tests__/DataInputForm.test.tsx[2m > [22mDataInputForm[2m > [22mWastage Data Tab[2m > [22mshould show error when submitting without any wastage data[32m 125[2mms[22m[39m
 [32m鉁?[39m src/app/components/dashboard/__tests__/DataInputForm.test.tsx[2m > [22mDataInputForm[2m > [22mWastage Data Tab[2m > [22mshould successfully submit wastage data[32m 263[2mms[22m[39m
 [32m鉁?[39m src/app/components/dashboard/__tests__/DataInputForm.test.tsx[2m > [22mDataInputForm[2m > [22mWastage Data Tab[2m > [22mshould clear form after successful wastage submission[32m 172[2mms[22m[39m
 [32m鉁?[39m src/app/components/dashboard/__tests__/DataInputForm.test.tsx[2m > [22mDataInputForm[2m > [22mWastage Data Tab[2m > [22mshould submit multiple wastage entries[33m 360[2mms[22m[39m
 [32m鉁?[39m src/app/components/dashboard/__tests__/DataInputForm.test.tsx[2m > [22mDataInputForm[2m > [22mWastage Data Tab[2m > [22mshould allow decimal values for wastage[32m 186[2mms[22m[39m
 [32m鉁?[39m src/app/components/dashboard/__tests__/DataInputForm.test.tsx[2m > [22mDataInputForm[2m > [22mWastage Data Tab[2m > [22mshould ignore zero wastage values when submitting[32m 233[2mms[22m[39m
 [31m脳[39m src/app/components/dashboard/__tests__/DataInputForm.test.tsx[2m > [22mDataInputForm[2m > [22mDate Restrictions[2m > [22mshould allow only today for employees (maxDaysBack=0)[33m 1011[2mms[22m[39m
[31m   鈫?Unable to find role="button" and name `/10 feb 2026/i`

Ignored nodes: comments, script, style
[36m<body>[31m
  [36m<div>[31m
    [36m<div[31m
      [33mclass[31m=[32m"bg-card text-card-foreground flex flex-col gap-6 rounded-xl border shadow-sm"[31m
      [33mdata-slot[31m=[32m"card"[31m
      [33mstyle[31m=[32m"box-shadow: 0 2px 4px rgba(0, 0, 0, 0.08);"[31m
    [36m>[31m
      [36m<div[31m
        [33mclass[31m=[32m"@container/card-header grid auto-rows-min grid-rows-[auto_auto] items-start gap-1.5 px-6 pt-6 has-data-[slot=card-action]:grid-cols-[1fr_auto] [.border-b]:pb-6"[31m
        [33mdata-slot[31m=[32m"card-header"[31m
      [36m>[31m
        [36m<h4[31m
          [33mclass[31m=[32m"leading-none flex items-center gap-2"[31m
          [33mdata-slot[31m=[32m"card-title"[31m
        [36m>[31m
          [36m<svg[31m
            [33mclass[31m=[32m"lucide lucide-plus w-5 h-5"[31m
            [33mfill[31m=[32m"none"[31m
            [33mheight[31m=[32m"24"[31m
            [33mstroke[31m=[32m"currentColor"[31m
            [33mstroke-linecap[31m=[32m"round"[31m
            [33mstroke-linejoin[31m=[32m"round"[31m
            [33mstroke-width[31m=[32m"2"[31m
            [33mviewBox[31m=[32m"0 0 24 24"[31m
            [33mwidth[31m=[32m"24"[31m
            [33mxmlns[31m=[32m"http://www.w3.org/2000/svg"[31m
          [36m>[31m
            [36m<path[31m
              [33md[31m=[32m"M5 12h14"[31m
            [36m/>[31m
            [36m<path[31m
              [33md[31m=[32m"M12 5v14"[31m
            [36m/>[31m
          [36m</svg>[31m
          [0mInput Data[0m
        [36m</h4>[31m
        [36m<p[31m
          [33mclass[31m=[32m"text-muted-foreground"[31m
          [33mdata-slot[31m=[32m"card-description"[31m
        [36m>[31m
          [0mEnter today's sales and wastage data[0m
        [36m</p>[31m
      [36m</div>[31m
      [36m<div[31m
        [33mclass[31m=[32m"px-6 [&:last-child]:pb-6 space-y-4"[31m
        [33mdata-slot[31m=[32m"card-content"[31m
      [36m>[31m
        [36m<div[31m
          [33mclass[31m=[32m"flex items-center gap-4"[31m
        [36m>[31m
          [36m<label[31m
            [33mclass[31m=[32m"flex items-center gap-2 text-sm leading-none font-medium select-none group-data-[disabled=true]:pointer-events-none group-data-[disabled=true]:opacity-50 peer-disabled:cursor-not-allowed peer-disabled:opacity-50"[31m
            [33mdata-slot[31m=[32m"label"[31m
          [36m>[31m
            [0mDate:[0m
          [36m</label>[31m
          [36m<button[31m
            [33maria-controls[31m=[32m"radix-:r2k:"[31m
            [33maria-expanded[31m=[32m"false"[31m
            [33maria-haspopup[31m=[32m"dialog"[31m
            [33mclass[31m=[32m"inline-flex items-center justify-center whitespace-nowrap rounded-[var(--button-radius)] text-sm font-medium transition-all disabled:pointer-events-none disabled:opacity-50 [&_svg]:pointer-events-none [&_svg:not([class*='size-'])]:size-4 shrink-0 [&_svg]:shrink-0 outline-none focus-visible:border-ring focus-visible:ring-ring/50 focus-visible:ring-[3px] aria-invalid:ring-destructive/20 dark:aria-invalid:ring-destructive/40 aria-invalid:border-destructive border-2 border-primary bg-transparent text-primary hover:bg-primary/10 dark:bg-input/30 dark:border-input dark:hover:bg-input/50 h-10 px-4 py-2 has-[>svg]:px-3 md:h-10 lg:h-10 gap-2"[31m
            [33mdata-slot[31m=[32m"popover-trigger"[31m
            [33mdata-state[31m=[32m"closed"[31m
            [33mtype[31m=[32m"button"[31m
          [36m>[31m
            [36m<svg[31m
              [33mclass[31m=[32m"lucide lucide-calendar w-4 h-4"[31m
              [33mfill[31m=[32m"none"[31m
              [33mheight[31m=[32m"24"[31m
              [33mstroke[31m=[32m"currentColor"[31m
              [33mstroke-linecap[31m=[32m"round"[31m
              [33mstroke-linejoin[31m=[32m"round"[31m
              [33mstroke-width[31m=[32m"2"[31m
              [33mviewBox[31m=[32m"0 0 24 24"[31m
              [33mwidth[31m=[32m"24"[31m
              [33mxmlns[31m=[32m"http://www.w3.org/2000/svg"[31m
            [36m>[31m
              [36m<path[31m
                [33md[31m=[32m"M8 2v4"[31m
              [36m/>[31m
              [36m<path[31m
                [33md[31m=[32m"M16 2v4"[31m
              [36m/>[31m
              [36m<rect[31m
                [33mheight[31m=[32m"18"[31m
                [33mrx[31m=[32m"2"[31m
                [33mwidth[31m=[32m"18"[31m
                [33mx[31m=[32m"3"[31m
                [33my[31m=[32m"4"[31m
              [36m/>[31m
              [36m<path[31m
                [33md[31m=[32m"M3 10h18"[31m
              [36m/>[31m
            [36m</svg>[31m
            [0m11 Feb 2026[0m
          [36m</button>[31m
        [36m</div>[31m
        [36m<div[31m
          [33mclass[31m=[32m"flex flex-col gap-2"[31m
          [33mdata-orientation[31m=[32m"horizontal"[31m
          [33mdata-slot[31m=[32m"tabs"[31m
          [33mdir[31m=[32m"ltr"[31m
        [36m>[31m
          [36m<div[31m
            [33maria-orientation[31m=[32m"horizontal"[31m
            [33mclass[31m=[32m"bg-muted text-muted-foreground h-9 items-center justify-center rounded-xl p-[3px] grid w-full grid-cols-2"[31m
            [33mdata-orientation[31m=[32m"horizontal"[31m
            [33mdata-slot[31m=[32m"tabs-list"[31m
            [33mrole[31m=[32m"tablist"[31m
            [33mstyle[31m=[32m"outline-color: none; outline-style: none; outline-width: initial;"[31m
            [33mtabindex[31m=[32m"0"[31m
          [36m>[31m
            [36m<button[31m
              [33maria-controls[31m=[32m"radix-:r2l:-content-sales"[31m
              [33maria-selected[31m=[32m"true"[31m
              [33mclass[31m=[32m"data-[state=active]:bg-card dark:data-[state=active]:text-foreground focus-visible:border-ring focus-visible:ring-ring/50 focus-visible:outline-ring dark:data-[state=active]:border-input dark:data-[state=active]:bg-input/30 text-foreground dark:text-muted-foreground inline-flex h-[calc(100%-1px)] flex-1 items-center justify-center gap-1.5 rounded-xl border border-transparent px-2 py-1 text-sm font-medium whitespace-nowrap transition-[color,box-shadow] focus-visible:ring-[3px] focus-visible:outline-1 disabled:pointer-events-none disabled:opacity-50 [&_svg]:pointer-events-none [&_svg]:shrink-0 [&_svg:not([class*='size-'])]:size-4"[31m
              [33mdata-orientation[31m=[32m"horizontal"[31m
              [33mdata-radix-collection-item[31m=[32m""[31m
              [33mdata-slot[31m=[32m"tabs-trigger"[31m
              [33mdata-state[31m=[32m"active"[31m
              [33mid[31m=[32m"radix-:r2l:-trigger-sales"[31m
              [33mrole[31m=[32m"tab"[31m
              [33mtabindex[31m=[32m"-1"[31m
              [33mt...

Ignored nodes: comments, script, style
[36m<html>[31m
  [36m<head />[31m
  [36m<body>[31m
    [36m<div>[31m
      [36m<div[31m
        [33mclass[31m=[32m"bg-card text-card-foreground flex flex-col gap-6 rounded-xl border shadow-sm"[31m
        [33mdata-slot[31m=[32m"card"[31m
        [33mstyle[31m=[32m"box-shadow: 0 2px 4px rgba(0, 0, 0, 0.08);"[31m
      [36m>[31m
        [36m<div[31m
          [33mclass[31m=[32m"@container/card-header grid auto-rows-min grid-rows-[auto_auto] items-start gap-1.5 px-6 pt-6 has-data-[slot=card-action]:grid-cols-[1fr_auto] [.border-b]:pb-6"[31m
          [33mdata-slot[31m=[32m"card-header"[31m
        [36m>[31m
          [36m<h4[31m
            [33mclass[31m=[32m"leading-none flex items-center gap-2"[31m
            [33mdata-slot[31m=[32m"card-title"[31m
          [36m>[31m
            [36m<svg[31m
              [33mclass[31m=[32m"lucide lucide-plus w-5 h-5"[31m
              [33mfill[31m=[32m"none"[31m
              [33mheight[31m=[32m"24"[31m
              [33mstroke[31m=[32m"currentColor"[31m
              [33mstroke-linecap[31m=[32m"round"[31m
              [33mstroke-linejoin[31m=[32m"round"[31m
              [33mstroke-width[31m=[32m"2"[31m
              [33mviewBox[31m=[32m"0 0 24 24"[31m
              [33mwidth[31m=[32m"24"[31m
              [33mxmlns[31m=[32m"http://www.w3.org/2000/svg"[31m
            [36m>[31m
              [36m<path[31m
                [33md[31m=[32m"M5 12h14"[31m
              [36m/>[31m
              [36m<path[31m
                [33md[31m=[32m"M12 5v14"[31m
              [36m/>[31m
            [36m</svg>[31m
            [0mInput Data[0m
          [36m</h4>[31m
          [36m<p[31m
            [33mclass[31m=[32m"text-muted-foreground"[31m
            [33mdata-slot[31m=[32m"card-description"[31m
          [36m>[31m
            [0mEnter today's sales and wastage data[0m
          [36m</p>[31m
        [36m</div>[31m
        [36m<div[31m
          [33mclass[31m=[32m"px-6 [&:last-child]:pb-6 space-y-4"[31m
          [33mdata-slot[31m=[32m"card-content"[31m
        [36m>[31m
          [36m<div[31m
            [33mclass[31m=[32m"flex items-center gap-4"[31m
          [36m>[31m
            [36m<label[31m
              [33mclass[31m=[32m"flex items-center gap-2 text-sm leading-none font-medium select-none group-data-[disabled=true]:pointer-events-none group-data-[disabled=true]:opacity-50 peer-disabled:cursor-not-allowed peer-disabled:opacity-50"[31m
              [33mdata-slot[31m=[32m"label"[31m
            [36m>[31m
              [0mDate:[0m
            [36m</label>[31m
            [36m<button[31m
              [33maria-controls[31m=[32m"radix-:r2k:"[31m
              [33maria-expanded[31m=[32m"false"[31m
              [33maria-haspopup[31m=[32m"dialog"[31m
              [33mclass[31m=[32m"inline-flex items-center justify-center whitespace-nowrap rounded-[var(--button-radius)] text-sm font-medium transition-all disabled:pointer-events-none disabled:opacity-50 [&_svg]:pointer-events-none [&_svg:not([class*='size-'])]:size-4 shrink-0 [&_svg]:shrink-0 outline-none focus-visible:border-ring focus-visible:ring-ring/50 focus-visible:ring-[3px] aria-invalid:ring-destructive/20 dark:aria-invalid:ring-destructive/40 aria-invalid:border-destructive border-2 border-primary bg-transparent text-primary hover:bg-primary/10 dark:bg-input/30 dark:border-input dark:hover:bg-input/50 h-10 px-4 py-2 has-[>svg]:px-3 md:h-10 lg:h-10 gap-2"[31m
              [33mdata-slot[31m=[32m"popover-trigger"[31m
              [33mdata-state[31m=[32m"closed"[31m
              [33mtype[31m=[32m"button"[31m
            [36m>[31m
              [36m<svg[31m
                [33mclass[31m=[32m"lucide lucide-calendar w-4 h-4"[31m
                [33mfill[31m=[32m"none"[31m
                [33mheight[31m=[32m"24"[31m
                [33mstroke[31m=[32m"currentColor"[31m
                [33mstroke-linecap[31m=[32m"round"[31m
                [33mstroke-linejoin[31m=[32m"round"[31m
                [33mstroke-width[31m=[32m"2"[31m
                [33mviewBox[31m=[32m"0 0 24 24"[31m
                [33mwidth[31m=[32m"24"[31m
                [33mxmlns[31m=[32m"http://www.w3.org/2000/svg"[31m
              [36m>[31m
                [36m<path[31m
                  [33md[31m=[32m"M8 2v4"[31m
                [36m/>[31m
                [36m<path[31m
                  [33md[31m=[32m"M16 2v4"[31m
                [36m/>[31m
                [36m<rect[31m
                  [33mheight[31m=[32m"18"[31m
                  [33mrx[31m=[32m"2"[31m
                  [33mwidth[31m=[32m"18"[31m
                  [33mx[31m=[32m"3"[31m
                  [33my[31m=[32m"4"[31m
                [36m/>[31m
                [36m<path[31m
                  [33md[31m=[32m"M3 10h18"[31m
                [36m/>[31m
              [36m</svg>[31m
              [0m11 Feb 2026[0m
            [36m</button>[31m
          [36m</div>[31m
          [36m<div[31m
            [33mclass[31m=[32m"flex flex-col gap-2"[31m
            [33mdata-orientation[31m=[32m"horizontal"[31m
            [33mdata-slot[31m=[32m"tabs"[31m
            [33mdir[31m=[32m"ltr"[31m
          [36m>[31m
            [36m<div[31m
              [33maria-orientation[31m=[32m"horizontal"[31m
              [33mclass[31m=[32m"bg-muted text-muted-foreground h-9 items-center justify-center rounded-xl p-[3px] grid w-full grid-cols-2"[31m
              [33mdata-orientation[31m=[32m"horizontal"[31m
              [33mdata-slot[31m=[32m"tabs-list"[31m
              [33mrole[31m=[32m"tablist"[31m
              [33mstyle[31m=[32m"outline-color: none; outline-style: none; outline-width: initial;"[31m
              [33mtabindex[31m=[32m"0"[31m
            [36m>[31m
              [36m<button[31m
                [33maria-controls[31m=[32m"radix-:r2l:-content-sales"[31m
                [33maria-selected[31m=[32m"true"[31m
                [33mclass[31m=[32m"data-[state=active]:bg-card dark:data-[state=active]:text-foreground focus-visible:border-ring focus-visible:ring-ring/50 focus-visible:outline-ring dark:data-[state=active]:border-input dark:data-[state=active]:bg-input/30 text-foreground dark:text-muted-foreground inline-flex h-[calc(100%-1px)] flex-1 items-center justify-center gap-1.5 rounded-xl border border-transparent px-2 py-1 text-sm font-medium whitespace-nowrap transition-[color,box-shadow] focus-visible:ring-[3px] focus-visible:outline-1 disabled:pointer-events-none disabled:opacity-50 [&_svg]:pointer-events-none [&_svg]:shrink-0 [&_svg:not([class*='size-'])]:size-4"[31m
                [33mdata-orientation[31m=[32m"horizontal"[31m
                [33mdata-radix-collection-item[31m=[32m""[31m
                ...[39m
 [31m脳[39m src/app/components/dashboard/__tests__/DataInputForm.test.tsx[2m > [22mDataInputForm[2m > [22mDate Restrictions[2m > [22mshould allow any past date for managers (maxDaysBack=undefined)[33m 1009[2mms[22m[39m
[31m   鈫?Unable to find role="button" and name `/10 feb 2026/i`

Ignored nodes: comments, script, style
[36m<body>[31m
  [36m<div>[31m
    [36m<div[31m
      [33mclass[31m=[32m"bg-card text-card-foreground flex flex-col gap-6 rounded-xl border shadow-sm"[31m
      [33mdata-slot[31m=[32m"card"[31m
      [33mstyle[31m=[32m"box-shadow: 0 2px 4px rgba(0, 0, 0, 0.08);"[31m
    [36m>[31m
      [36m<div[31m
        [33mclass[31m=[32m"@container/card-header grid auto-rows-min grid-rows-[auto_auto] items-start gap-1.5 px-6 pt-6 has-data-[slot=card-action]:grid-cols-[1fr_auto] [.border-b]:pb-6"[31m
        [33mdata-slot[31m=[32m"card-header"[31m
      [36m>[31m
        [36m<h4[31m
          [33mclass[31m=[32m"leading-none flex items-center gap-2"[31m
          [33mdata-slot[31m=[32m"card-title"[31m
        [36m>[31m
          [36m<svg[31m
            [33mclass[31m=[32m"lucide lucide-plus w-5 h-5"[31m
            [33mfill[31m=[32m"none"[31m
            [33mheight[31m=[32m"24"[31m
            [33mstroke[31m=[32m"currentColor"[31m
            [33mstroke-linecap[31m=[32m"round"[31m
            [33mstroke-linejoin[31m=[32m"round"[31m
            [33mstroke-width[31m=[32m"2"[31m
            [33mviewBox[31m=[32m"0 0 24 24"[31m
            [33mwidth[31m=[32m"24"[31m
            [33mxmlns[31m=[32m"http://www.w3.org/2000/svg"[31m
          [36m>[31m
            [36m<path[31m
              [33md[31m=[32m"M5 12h14"[31m
            [36m/>[31m
            [36m<path[31m
              [33md[31m=[32m"M12 5v14"[31m
            [36m/>[31m
          [36m</svg>[31m
          [0mInput Data[0m
        [36m</h4>[31m
        [36m<p[31m
          [33mclass[31m=[32m"text-muted-foreground"[31m
          [33mdata-slot[31m=[32m"card-description"[31m
        [36m>[31m
          [0mEnter today's sales and wastage data[0m
        [36m</p>[31m
      [36m</div>[31m
      [36m<div[31m
        [33mclass[31m=[32m"px-6 [&:last-child]:pb-6 space-y-4"[31m
        [33mdata-slot[31m=[32m"card-content"[31m
      [36m>[31m
        [36m<div[31m
          [33mclass[31m=[32m"flex items-center gap-4"[31m
        [36m>[31m
          [36m<label[31m
            [33mclass[31m=[32m"flex items-center gap-2 text-sm leading-none font-medium select-none group-data-[disabled=true]:pointer-events-none group-data-[disabled=true]:opacity-50 peer-disabled:cursor-not-allowed peer-disabled:opacity-50"[31m
            [33mdata-slot[31m=[32m"label"[31m
          [36m>[31m
            [0mDate:[0m
          [36m</label>[31m
          [36m<button[31m
            [33maria-controls[31m=[32m"radix-:r2o:"[31m
            [33maria-expanded[31m=[32m"false"[31m
            [33maria-haspopup[31m=[32m"dialog"[31m
            [33mclass[31m=[32m"inline-flex items-center justify-center whitespace-nowrap rounded-[var(--button-radius)] text-sm font-medium transition-all disabled:pointer-events-none disabled:opacity-50 [&_svg]:pointer-events-none [&_svg:not([class*='size-'])]:size-4 shrink-0 [&_svg]:shrink-0 outline-none focus-visible:border-ring focus-visible:ring-ring/50 focus-visible:ring-[3px] aria-invalid:ring-destructive/20 dark:aria-invalid:ring-destructive/40 aria-invalid:border-destructive border-2 border-primary bg-transparent text-primary hover:bg-primary/10 dark:bg-input/30 dark:border-input dark:hover:bg-input/50 h-10 px-4 py-2 has-[>svg]:px-3 md:h-10 lg:h-10 gap-2"[31m
            [33mdata-slot[31m=[32m"popover-trigger"[31m
            [33mdata-state[31m=[32m"closed"[31m
            [33mtype[31m=[32m"button"[31m
          [36m>[31m
            [36m<svg[31m
              [33mclass[31m=[32m"lucide lucide-calendar w-4 h-4"[31m
              [33mfill[31m=[32m"none"[31m
              [33mheight[31m=[32m"24"[31m
              [33mstroke[31m=[32m"currentColor"[31m
              [33mstroke-linecap[31m=[32m"round"[31m
              [33mstroke-linejoin[31m=[32m"round"[31m
              [33mstroke-width[31m=[32m"2"[31m
              [33mviewBox[31m=[32m"0 0 24 24"[31m
              [33mwidth[31m=[32m"24"[31m
              [33mxmlns[31m=[32m"http://www.w3.org/2000/svg"[31m
            [36m>[31m
              [36m<path[31m
                [33md[31m=[32m"M8 2v4"[31m
              [36m/>[31m
              [36m<path[31m
                [33md[31m=[32m"M16 2v4"[31m
              [36m/>[31m
              [36m<rect[31m
                [33mheight[31m=[32m"18"[31m
                [33mrx[31m=[32m"2"[31m
                [33mwidth[31m=[32m"18"[31m
                [33mx[31m=[32m"3"[31m
                [33my[31m=[32m"4"[31m
              [36m/>[31m
              [36m<path[31m
                [33md[31m=[32m"M3 10h18"[31m
              [36m/>[31m
            [36m</svg>[31m
            [0m11 Feb 2026[0m
          [36m</button>[31m
        [36m</div>[31m
        [36m<div[31m
          [33mclass[31m=[32m"flex flex-col gap-2"[31m
          [33mdata-orientation[31m=[32m"horizontal"[31m
          [33mdata-slot[31m=[32m"tabs"[31m
          [33mdir[31m=[32m"ltr"[31m
        [36m>[31m
          [36m<div[31m
            [33maria-orientation[31m=[32m"horizontal"[31m
            [33mclass[31m=[32m"bg-muted text-muted-foreground h-9 items-center justify-center rounded-xl p-[3px] grid w-full grid-cols-2"[31m
            [33mdata-orientation[31m=[32m"horizontal"[31m
            [33mdata-slot[31m=[32m"tabs-list"[31m
            [33mrole[31m=[32m"tablist"[31m
            [33mstyle[31m=[32m"outline-color: none; outline-style: none; outline-width: initial;"[31m
            [33mtabindex[31m=[32m"0"[31m
          [36m>[31m
            [36m<button[31m
              [33maria-controls[31m=[32m"radix-:r2p:-content-sales"[31m
              [33maria-selected[31m=[32m"true"[31m
              [33mclass[31m=[32m"data-[state=active]:bg-card dark:data-[state=active]:text-foreground focus-visible:border-ring focus-visible:ring-ring/50 focus-visible:outline-ring dark:data-[state=active]:border-input dark:data-[state=active]:bg-input/30 text-foreground dark:text-muted-foreground inline-flex h-[calc(100%-1px)] flex-1 items-center justify-center gap-1.5 rounded-xl border border-transparent px-2 py-1 text-sm font-medium whitespace-nowrap transition-[color,box-shadow] focus-visible:ring-[3px] focus-visible:outline-1 disabled:pointer-events-none disabled:opacity-50 [&_svg]:pointer-events-none [&_svg]:shrink-0 [&_svg:not([class*='size-'])]:size-4"[31m
              [33mdata-orientation[31m=[32m"horizontal"[31m
              [33mdata-radix-collection-item[31m=[32m""[31m
              [33mdata-slot[31m=[32m"tabs-trigger"[31m
              [33mdata-state[31m=[32m"active"[31m
              [33mid[31m=[32m"radix-:r2p:-trigger-sales"[31m
              [33mrole[31m=[32m"tab"[31m
              [33mtabindex[31m=[32m"-1"[31m
              [33mt...

Ignored nodes: comments, script, style
[36m<html>[31m
  [36m<head />[31m
  [36m<body>[31m
    [36m<div>[31m
      [36m<div[31m
        [33mclass[31m=[32m"bg-card text-card-foreground flex flex-col gap-6 rounded-xl border shadow-sm"[31m
        [33mdata-slot[31m=[32m"card"[31m
        [33mstyle[31m=[32m"box-shadow: 0 2px 4px rgba(0, 0, 0, 0.08);"[31m
      [36m>[31m
        [36m<div[31m
          [33mclass[31m=[32m"@container/card-header grid auto-rows-min grid-rows-[auto_auto] items-start gap-1.5 px-6 pt-6 has-data-[slot=card-action]:grid-cols-[1fr_auto] [.border-b]:pb-6"[31m
          [33mdata-slot[31m=[32m"card-header"[31m
        [36m>[31m
          [36m<h4[31m
            [33mclass[31m=[32m"leading-none flex items-center gap-2"[31m
            [33mdata-slot[31m=[32m"card-title"[31m
          [36m>[31m
            [36m<svg[31m
              [33mclass[31m=[32m"lucide lucide-plus w-5 h-5"[31m
              [33mfill[31m=[32m"none"[31m
              [33mheight[31m=[32m"24"[31m
              [33mstroke[31m=[32m"currentColor"[31m
              [33mstroke-linecap[31m=[32m"round"[31m
              [33mstroke-linejoin[31m=[32m"round"[31m
              [33mstroke-width[31m=[32m"2"[31m
              [33mviewBox[31m=[32m"0 0 24 24"[31m
              [33mwidth[31m=[32m"24"[31m
              [33mxmlns[31m=[32m"http://www.w3.org/2000/svg"[31m
            [36m>[31m
              [36m<path[31m
                [33md[31m=[32m"M5 12h14"[31m
              [36m/>[31m
              [36m<path[31m
                [33md[31m=[32m"M12 5v14"[31m
              [36m/>[31m
            [36m</svg>[31m
            [0mInput Data[0m
          [36m</h4>[31m
          [36m<p[31m
            [33mclass[31m=[32m"text-muted-foreground"[31m
            [33mdata-slot[31m=[32m"card-description"[31m
          [36m>[31m
            [0mEnter today's sales and wastage data[0m
          [36m</p>[31m
        [36m</div>[31m
        [36m<div[31m
          [33mclass[31m=[32m"px-6 [&:last-child]:pb-6 space-y-4"[31m
          [33mdata-slot[31m=[32m"card-content"[31m
        [36m>[31m
          [36m<div[31m
            [33mclass[31m=[32m"flex items-center gap-4"[31m
          [36m>[31m
            [36m<label[31m
              [33mclass[31m=[32m"flex items-center gap-2 text-sm leading-none font-medium select-none group-data-[disabled=true]:pointer-events-none group-data-[disabled=true]:opacity-50 peer-disabled:cursor-not-allowed peer-disabled:opacity-50"[31m
              [33mdata-slot[31m=[32m"label"[31m
            [36m>[31m
              [0mDate:[0m
            [36m</label>[31m
            [36m<button[31m
              [33maria-controls[31m=[32m"radix-:r2o:"[31m
              [33maria-expanded[31m=[32m"false"[31m
              [33maria-haspopup[31m=[32m"dialog"[31m
              [33mclass[31m=[32m"inline-flex items-center justify-center whitespace-nowrap rounded-[var(--button-radius)] text-sm font-medium transition-all disabled:pointer-events-none disabled:opacity-50 [&_svg]:pointer-events-none [&_svg:not([class*='size-'])]:size-4 shrink-0 [&_svg]:shrink-0 outline-none focus-visible:border-ring focus-visible:ring-ring/50 focus-visible:ring-[3px] aria-invalid:ring-destructive/20 dark:aria-invalid:ring-destructive/40 aria-invalid:border-destructive border-2 border-primary bg-transparent text-primary hover:bg-primary/10 dark:bg-input/30 dark:border-input dark:hover:bg-input/50 h-10 px-4 py-2 has-[>svg]:px-3 md:h-10 lg:h-10 gap-2"[31m
              [33mdata-slot[31m=[32m"popover-trigger"[31m
              [33mdata-state[31m=[32m"closed"[31m
              [33mtype[31m=[32m"button"[31m
            [36m>[31m
              [36m<svg[31m
                [33mclass[31m=[32m"lucide lucide-calendar w-4 h-4"[31m
                [33mfill[31m=[32m"none"[31m
                [33mheight[31m=[32m"24"[31m
                [33mstroke[31m=[32m"currentColor"[31m
                [33mstroke-linecap[31m=[32m"round"[31m
                [33mstroke-linejoin[31m=[32m"round"[31m
                [33mstroke-width[31m=[32m"2"[31m
                [33mviewBox[31m=[32m"0 0 24 24"[31m
                [33mwidth[31m=[32m"24"[31m
                [33mxmlns[31m=[32m"http://www.w3.org/2000/svg"[31m
              [36m>[31m
                [36m<path[31m
                  [33md[31m=[32m"M8 2v4"[31m
                [36m/>[31m
                [36m<path[31m
                  [33md[31m=[32m"M16 2v4"[31m
                [36m/>[31m
                [36m<rect[31m
                  [33mheight[31m=[32m"18"[31m
                  [33mrx[31m=[32m"2"[31m
                  [33mwidth[31m=[32m"18"[31m
                  [33mx[31m=[32m"3"[31m
                  [33my[31m=[32m"4"[31m
                [36m/>[31m
                [36m<path[31m
                  [33md[31m=[32m"M3 10h18"[31m
                [36m/>[31m
              [36m</svg>[31m
              [0m11 Feb 2026[0m
            [36m</button>[31m
          [36m</div>[31m
          [36m<div[31m
            [33mclass[31m=[32m"flex flex-col gap-2"[31m
            [33mdata-orientation[31m=[32m"horizontal"[31m
            [33mdata-slot[31m=[32m"tabs"[31m
            [33mdir[31m=[32m"ltr"[31m
          [36m>[31m
            [36m<div[31m
              [33maria-orientation[31m=[32m"horizontal"[31m
              [33mclass[31m=[32m"bg-muted text-muted-foreground h-9 items-center justify-center rounded-xl p-[3px] grid w-full grid-cols-2"[31m
              [33mdata-orientation[31m=[32m"horizontal"[31m
              [33mdata-slot[31m=[32m"tabs-list"[31m
              [33mrole[31m=[32m"tablist"[31m
              [33mstyle[31m=[32m"outline-color: none; outline-style: none; outline-width: initial;"[31m
              [33mtabindex[31m=[32m"0"[31m
            [36m>[31m
              [36m<button[31m
                [33maria-controls[31m=[32m"radix-:r2p:-content-sales"[31m
                [33maria-selected[31m=[32m"true"[31m
                [33mclass[31m=[32m"data-[state=active]:bg-card dark:data-[state=active]:text-foreground focus-visible:border-ring focus-visible:ring-ring/50 focus-visible:outline-ring dark:data-[state=active]:border-input dark:data-[state=active]:bg-input/30 text-foreground dark:text-muted-foreground inline-flex h-[calc(100%-1px)] flex-1 items-center justify-center gap-1.5 rounded-xl border border-transparent px-2 py-1 text-sm font-medium whitespace-nowrap transition-[color,box-shadow] focus-visible:ring-[3px] focus-visible:outline-1 disabled:pointer-events-none disabled:opacity-50 [&_svg]:pointer-events-none [&_svg]:shrink-0 [&_svg:not([class*='size-'])]:size-4"[31m
                [33mdata-orientation[31m=[32m"horizontal"[31m
                [33mdata-radix-collection-item[31m=[32m""[31m
                ...[39m
 [31m脳[39m src/app/components/dashboard/__tests__/DataInputForm.test.tsx[2m > [22mDataInputForm[2m > [22mDate Restrictions[2m > [22mshould allow specific range when maxDaysBack is set[33m 1012[2mms[22m[39m
[31m   鈫?Unable to find role="button" and name `/10 feb 2026/i`

Ignored nodes: comments, script, style
[36m<body>[31m
  [36m<div>[31m
    [36m<div[31m
      [33mclass[31m=[32m"bg-card text-card-foreground flex flex-col gap-6 rounded-xl border shadow-sm"[31m
      [33mdata-slot[31m=[32m"card"[31m
      [33mstyle[31m=[32m"box-shadow: 0 2px 4px rgba(0, 0, 0, 0.08);"[31m
    [36m>[31m
      [36m<div[31m
        [33mclass[31m=[32m"@container/card-header grid auto-rows-min grid-rows-[auto_auto] items-start gap-1.5 px-6 pt-6 has-data-[slot=card-action]:grid-cols-[1fr_auto] [.border-b]:pb-6"[31m
        [33mdata-slot[31m=[32m"card-header"[31m
      [36m>[31m
        [36m<h4[31m
          [33mclass[31m=[32m"leading-none flex items-center gap-2"[31m
          [33mdata-slot[31m=[32m"card-title"[31m
        [36m>[31m
          [36m<svg[31m
            [33mclass[31m=[32m"lucide lucide-plus w-5 h-5"[31m
            [33mfill[31m=[32m"none"[31m
            [33mheight[31m=[32m"24"[31m
            [33mstroke[31m=[32m"currentColor"[31m
            [33mstroke-linecap[31m=[32m"round"[31m
            [33mstroke-linejoin[31m=[32m"round"[31m
            [33mstroke-width[31m=[32m"2"[31m
            [33mviewBox[31m=[32m"0 0 24 24"[31m
            [33mwidth[31m=[32m"24"[31m
            [33mxmlns[31m=[32m"http://www.w3.org/2000/svg"[31m
          [36m>[31m
            [36m<path[31m
              [33md[31m=[32m"M5 12h14"[31m
            [36m/>[31m
            [36m<path[31m
              [33md[31m=[32m"M12 5v14"[31m
            [36m/>[31m
          [36m</svg>[31m
          [0mInput Data[0m
        [36m</h4>[31m
        [36m<p[31m
          [33mclass[31m=[32m"text-muted-foreground"[31m
          [33mdata-slot[31m=[32m"card-description"[31m
        [36m>[31m
          [0mEnter sales and wastage data for any date[0m
        [36m</p>[31m
      [36m</div>[31m
      [36m<div[31m
        [33mclass[31m=[32m"px-6 [&:last-child]:pb-6 space-y-4"[31m
        [33mdata-slot[31m=[32m"card-content"[31m
      [36m>[31m
        [36m<div[31m
          [33mclass[31m=[32m"flex items-center gap-4"[31m
        [36m>[31m
          [36m<label[31m
            [33mclass[31m=[32m"flex items-center gap-2 text-sm leading-none font-medium select-none group-data-[disabled=true]:pointer-events-none group-data-[disabled=true]:opacity-50 peer-disabled:cursor-not-allowed peer-disabled:opacity-50"[31m
            [33mdata-slot[31m=[32m"label"[31m
          [36m>[31m
            [0mDate:[0m
          [36m</label>[31m
          [36m<button[31m
            [33maria-controls[31m=[32m"radix-:r2s:"[31m
            [33maria-expanded[31m=[32m"false"[31m
            [33maria-haspopup[31m=[32m"dialog"[31m
            [33mclass[31m=[32m"inline-flex items-center justify-center whitespace-nowrap rounded-[var(--button-radius)] text-sm font-medium transition-all disabled:pointer-events-none disabled:opacity-50 [&_svg]:pointer-events-none [&_svg:not([class*='size-'])]:size-4 shrink-0 [&_svg]:shrink-0 outline-none focus-visible:border-ring focus-visible:ring-ring/50 focus-visible:ring-[3px] aria-invalid:ring-destructive/20 dark:aria-invalid:ring-destructive/40 aria-invalid:border-destructive border-2 border-primary bg-transparent text-primary hover:bg-primary/10 dark:bg-input/30 dark:border-input dark:hover:bg-input/50 h-10 px-4 py-2 has-[>svg]:px-3 md:h-10 lg:h-10 gap-2"[31m
            [33mdata-slot[31m=[32m"popover-trigger"[31m
            [33mdata-state[31m=[32m"closed"[31m
            [33mtype[31m=[32m"button"[31m
          [36m>[31m
            [36m<svg[31m
              [33mclass[31m=[32m"lucide lucide-calendar w-4 h-4"[31m
              [33mfill[31m=[32m"none"[31m
              [33mheight[31m=[32m"24"[31m
              [33mstroke[31m=[32m"currentColor"[31m
              [33mstroke-linecap[31m=[32m"round"[31m
              [33mstroke-linejoin[31m=[32m"round"[31m
              [33mstroke-width[31m=[32m"2"[31m
              [33mviewBox[31m=[32m"0 0 24 24"[31m
              [33mwidth[31m=[32m"24"[31m
              [33mxmlns[31m=[32m"http://www.w3.org/2000/svg"[31m
            [36m>[31m
              [36m<path[31m
                [33md[31m=[32m"M8 2v4"[31m
              [36m/>[31m
              [36m<path[31m
                [33md[31m=[32m"M16 2v4"[31m
              [36m/>[31m
              [36m<rect[31m
                [33mheight[31m=[32m"18"[31m
                [33mrx[31m=[32m"2"[31m
                [33mwidth[31m=[32m"18"[31m
                [33mx[31m=[32m"3"[31m
                [33my[31m=[32m"4"[31m
              [36m/>[31m
              [36m<path[31m
                [33md[31m=[32m"M3 10h18"[31m
              [36m/>[31m
            [36m</svg>[31m
            [0m11 Feb 2026[0m
          [36m</button>[31m
        [36m</div>[31m
        [36m<div[31m
          [33mclass[31m=[32m"flex flex-col gap-2"[31m
          [33mdata-orientation[31m=[32m"horizontal"[31m
          [33mdata-slot[31m=[32m"tabs"[31m
          [33mdir[31m=[32m"ltr"[31m
        [36m>[31m
          [36m<div[31m
            [33maria-orientation[31m=[32m"horizontal"[31m
            [33mclass[31m=[32m"bg-muted text-muted-foreground h-9 items-center justify-center rounded-xl p-[3px] grid w-full grid-cols-2"[31m
            [33mdata-orientation[31m=[32m"horizontal"[31m
            [33mdata-slot[31m=[32m"tabs-list"[31m
            [33mrole[31m=[32m"tablist"[31m
            [33mstyle[31m=[32m"outline-color: none; outline-style: none; outline-width: initial;"[31m
            [33mtabindex[31m=[32m"0"[31m
          [36m>[31m
            [36m<button[31m
              [33maria-controls[31m=[32m"radix-:r2t:-content-sales"[31m
              [33maria-selected[31m=[32m"true"[31m
              [33mclass[31m=[32m"data-[state=active]:bg-card dark:data-[state=active]:text-foreground focus-visible:border-ring focus-visible:ring-ring/50 focus-visible:outline-ring dark:data-[state=active]:border-input dark:data-[state=active]:bg-input/30 text-foreground dark:text-muted-foreground inline-flex h-[calc(100%-1px)] flex-1 items-center justify-center gap-1.5 rounded-xl border border-transparent px-2 py-1 text-sm font-medium whitespace-nowrap transition-[color,box-shadow] focus-visible:ring-[3px] focus-visible:outline-1 disabled:pointer-events-none disabled:opacity-50 [&_svg]:pointer-events-none [&_svg]:shrink-0 [&_svg:not([class*='size-'])]:size-4"[31m
              [33mdata-orientation[31m=[32m"horizontal"[31m
              [33mdata-radix-collection-item[31m=[32m""[31m
              [33mdata-slot[31m=[32m"tabs-trigger"[31m
              [33mdata-state[31m=[32m"active"[31m
              [33mid[31m=[32m"radix-:r2t:-trigger-sales"[31m
              [33mrole[31m=[32m"tab"[31m
              [33mtabindex[31m=[32m"-1"[31m
              ...

Ignored nodes: comments, script, style
[36m<html>[31m
  [36m<head />[31m
  [36m<body>[31m
    [36m<div>[31m
      [36m<div[31m
        [33mclass[31m=[32m"bg-card text-card-foreground flex flex-col gap-6 rounded-xl border shadow-sm"[31m
        [33mdata-slot[31m=[32m"card"[31m
        [33mstyle[31m=[32m"box-shadow: 0 2px 4px rgba(0, 0, 0, 0.08);"[31m
      [36m>[31m
        [36m<div[31m
          [33mclass[31m=[32m"@container/card-header grid auto-rows-min grid-rows-[auto_auto] items-start gap-1.5 px-6 pt-6 has-data-[slot=card-action]:grid-cols-[1fr_auto] [.border-b]:pb-6"[31m
          [33mdata-slot[31m=[32m"card-header"[31m
        [36m>[31m
          [36m<h4[31m
            [33mclass[31m=[32m"leading-none flex items-center gap-2"[31m
            [33mdata-slot[31m=[32m"card-title"[31m
          [36m>[31m
            [36m<svg[31m
              [33mclass[31m=[32m"lucide lucide-plus w-5 h-5"[31m
              [33mfill[31m=[32m"none"[31m
              [33mheight[31m=[32m"24"[31m
              [33mstroke[31m=[32m"currentColor"[31m
              [33mstroke-linecap[31m=[32m"round"[31m
              [33mstroke-linejoin[31m=[32m"round"[31m
              [33mstroke-width[31m=[32m"2"[31m
              [33mviewBox[31m=[32m"0 0 24 24"[31m
              [33mwidth[31m=[32m"24"[31m
              [33mxmlns[31m=[32m"http://www.w3.org/2000/svg"[31m
            [36m>[31m
              [36m<path[31m
                [33md[31m=[32m"M5 12h14"[31m
              [36m/>[31m
              [36m<path[31m
                [33md[31m=[32m"M12 5v14"[31m
              [36m/>[31m
            [36m</svg>[31m
            [0mInput Data[0m
          [36m</h4>[31m
          [36m<p[31m
            [33mclass[31m=[32m"text-muted-foreground"[31m
            [33mdata-slot[31m=[32m"card-description"[31m
          [36m>[31m
            [0mEnter sales and wastage data for any date[0m
          [36m</p>[31m
        [36m</div>[31m
        [36m<div[31m
          [33mclass[31m=[32m"px-6 [&:last-child]:pb-6 space-y-4"[31m
          [33mdata-slot[31m=[32m"card-content"[31m
        [36m>[31m
          [36m<div[31m
            [33mclass[31m=[32m"flex items-center gap-4"[31m
          [36m>[31m
            [36m<label[31m
              [33mclass[31m=[32m"flex items-center gap-2 text-sm leading-none font-medium select-none group-data-[disabled=true]:pointer-events-none group-data-[disabled=true]:opacity-50 peer-disabled:cursor-not-allowed peer-disabled:opacity-50"[31m
              [33mdata-slot[31m=[32m"label"[31m
            [36m>[31m
              [0mDate:[0m
            [36m</label>[31m
            [36m<button[31m
              [33maria-controls[31m=[32m"radix-:r2s:"[31m
              [33maria-expanded[31m=[32m"false"[31m
              [33maria-haspopup[31m=[32m"dialog"[31m
              [33mclass[31m=[32m"inline-flex items-center justify-center whitespace-nowrap rounded-[var(--button-radius)] text-sm font-medium transition-all disabled:pointer-events-none disabled:opacity-50 [&_svg]:pointer-events-none [&_svg:not([class*='size-'])]:size-4 shrink-0 [&_svg]:shrink-0 outline-none focus-visible:border-ring focus-visible:ring-ring/50 focus-visible:ring-[3px] aria-invalid:ring-destructive/20 dark:aria-invalid:ring-destructive/40 aria-invalid:border-destructive border-2 border-primary bg-transparent text-primary hover:bg-primary/10 dark:bg-input/30 dark:border-input dark:hover:bg-input/50 h-10 px-4 py-2 has-[>svg]:px-3 md:h-10 lg:h-10 gap-2"[31m
              [33mdata-slot[31m=[32m"popover-trigger"[31m
              [33mdata-state[31m=[32m"closed"[31m
              [33mtype[31m=[32m"button"[31m
            [36m>[31m
              [36m<svg[31m
                [33mclass[31m=[32m"lucide lucide-calendar w-4 h-4"[31m
                [33mfill[31m=[32m"none"[31m
                [33mheight[31m=[32m"24"[31m
                [33mstroke[31m=[32m"currentColor"[31m
                [33mstroke-linecap[31m=[32m"round"[31m
                [33mstroke-linejoin[31m=[32m"round"[31m
                [33mstroke-width[31m=[32m"2"[31m
                [33mviewBox[31m=[32m"0 0 24 24"[31m
                [33mwidth[31m=[32m"24"[31m
                [33mxmlns[31m=[32m"http://www.w3.org/2000/svg"[31m
              [36m>[31m
                [36m<path[31m
                  [33md[31m=[32m"M8 2v4"[31m
                [36m/>[31m
                [36m<path[31m
                  [33md[31m=[32m"M16 2v4"[31m
                [36m/>[31m
                [36m<rect[31m
                  [33mheight[31m=[32m"18"[31m
                  [33mrx[31m=[32m"2"[31m
                  [33mwidth[31m=[32m"18"[31m
                  [33mx[31m=[32m"3"[31m
                  [33my[31m=[32m"4"[31m
                [36m/>[31m
                [36m<path[31m
                  [33md[31m=[32m"M3 10h18"[31m
                [36m/>[31m
              [36m</svg>[31m
              [0m11 Feb 2026[0m
            [36m</button>[31m
          [36m</div>[31m
          [36m<div[31m
            [33mclass[31m=[32m"flex flex-col gap-2"[31m
            [33mdata-orientation[31m=[32m"horizontal"[31m
            [33mdata-slot[31m=[32m"tabs"[31m
            [33mdir[31m=[32m"ltr"[31m
          [36m>[31m
            [36m<div[31m
              [33maria-orientation[31m=[32m"horizontal"[31m
              [33mclass[31m=[32m"bg-muted text-muted-foreground h-9 items-center justify-center rounded-xl p-[3px] grid w-full grid-cols-2"[31m
              [33mdata-orientation[31m=[32m"horizontal"[31m
              [33mdata-slot[31m=[32m"tabs-list"[31m
              [33mrole[31m=[32m"tablist"[31m
              [33mstyle[31m=[32m"outline-color: none; outline-style: none; outline-width: initial;"[31m
              [33mtabindex[31m=[32m"0"[31m
            [36m>[31m
              [36m<button[31m
                [33maria-controls[31m=[32m"radix-:r2t:-content-sales"[31m
                [33maria-selected[31m=[32m"true"[31m
                [33mclass[31m=[32m"data-[state=active]:bg-card dark:data-[state=active]:text-foreground focus-visible:border-ring focus-visible:ring-ring/50 focus-visible:outline-ring dark:data-[state=active]:border-input dark:data-[state=active]:bg-input/30 text-foreground dark:text-muted-foreground inline-flex h-[calc(100%-1px)] flex-1 items-center justify-center gap-1.5 rounded-xl border border-transparent px-2 py-1 text-sm font-medium whitespace-nowrap transition-[color,box-shadow] focus-visible:ring-[3px] focus-visible:outline-1 disabled:pointer-events-none disabled:opacity-50 [&_svg]:pointer-events-none [&_svg]:shrink-0 [&_svg:not([class*='size-'])]:size-4"[31m
                [33mdata-orientation[31m=[32m"horizontal"[31m
                [33mdata-radix-collection-item[31m=[32m""[31m
            ...[39m
 [32m鉁?[39m src/app/components/dashboard/__tests__/DataInputForm.test.tsx[2m > [22mDataInputForm[2m > [22mInput Validation[2m > [22mshould only accept positive numbers for sales[32m 15[2mms[22m[39m
 [32m鉁?[39m src/app/components/dashboard/__tests__/DataInputForm.test.tsx[2m > [22mDataInputForm[2m > [22mInput Validation[2m > [22mshould only accept positive numbers for wastage[32m 95[2mms[22m[39m
 [32m鉁?[39m src/app/components/dashboard/__tests__/DataInputForm.test.tsx[2m > [22mDataInputForm[2m > [22mTab Navigation[2m > [22mshould show sales data by default[32m 4[2mms[22m[39m
 [32m鉁?[39m src/app/components/dashboard/__tests__/DataInputForm.test.tsx[2m > [22mDataInputForm[2m > [22mTab Navigation[2m > [22mshould switch between tabs[32m 150[2mms[22m[39m
 [32m鉁?[39m src/app/components/dashboard/__tests__/DataInputForm.test.tsx[2m > [22mDataInputForm[2m > [22mIntegration[2m > [22mshould maintain form values when switching tabs[32m 235[2mms[22m[39m
 [32m鉁?[39m src/app/components/dashboard/__tests__/DataInputForm.test.tsx[2m > [22mDataInputForm[2m > [22mIntegration[2m > [22mshould handle empty recipes array gracefully[32m 16[2mms[22m[39m
 [32m鉁?[39m src/app/components/dashboard/__tests__/DataInputForm.test.tsx[2m > [22mDataInputForm[2m > [22mIntegration[2m > [22mshould handle empty ingredients array gracefully[32m 77[2mms[22m[39m
node.exe : 
所在位置 行:1 字符: 1
+ & "C:\Program Files\nodejs/node.exe" "C:\Program Files\nodejs/node_mo ...
+ ~~~~~~~~~~~~~~~~~~~~~~~~~~~~~~~~~~~~~~~~~~~~~~~~~~~~~~~~~~~~~~~~~~~~~
    + CategoryInfo          : NotSpecified: (:String) [], RemoteException
    + FullyQualifiedErrorId : NativeCommandError
 
[31m鈳幆鈳幆鈳幆鈳?[39m[1m[41m Failed Tests 6 [49m[22m[31m鈳幆鈳幆鈳幆鈳?[39m

[41m[1m FAIL [22m[49m src/app/components/dashboard/__tests__/DataInputForm.
test.tsx[2m > [22mDataInputForm[2m > [22mRendering[2m > [22mshould render
 the form with all elements
[31m[1mTestingLibraryElementError[22m[39m: Unable to find an accessible ele
ment with the role "button" and name `/10 feb 2026/i`

Here are the accessible roles:

  heading:

  Name "Input Data":
  [36m<h4[39m
    [33mclass[39m=[32m"leading-none flex items-center gap-2"[39m
    [33mdata-slot[39m=[32m"card-title"[39m
  [36m/>[39m

  --------------------------------------------------
  paragraph:

  Name "":
  [36m<p[39m
    [33mclass[39m=[32m"text-muted-foreground"[39m
    [33mdata-slot[39m=[32m"card-description"[39m
  [36m/>[39m

  --------------------------------------------------
  button:

  Name "11 Feb 2026":
  [36m<button[39m
    [33maria-controls[39m=[32m"radix-:r0:"[39m
    [33maria-expanded[39m=[32m"false"[39m
    [33maria-haspopup[39m=[32m"dialog"[39m
    [33mclass[39m=[32m"inline-flex items-center justify-center whitespace-no
wrap rounded-[var(--button-radius)] text-sm font-medium transition-all disabled
:pointer-events-none disabled:opacity-50 [&_svg]:pointer-events-none [&_svg:not
([class*='size-'])]:size-4 shrink-0 [&_svg]:shrink-0 outline-none focus-visible
:border-ring focus-visible:ring-ring/50 focus-visible:ring-[3px] aria-invalid:r
ing-destructive/20 dark:aria-invalid:ring-destructive/40 aria-invalid:border-de
structive border-2 border-primary bg-transparent text-primary hover:bg-primary/
10 dark:bg-input/30 dark:border-input dark:hover:bg-input/50 h-10 px-4 py-2 has
-[>svg]:px-3 md:h-10 lg:h-10 gap-2"[39m
    [33mdata-slot[39m=[32m"popover-trigger"[39m
    [33mdata-state[39m=[32m"closed"[39m
    [33mtype[39m=[32m"button"[39m
  [36m/>[39m

  Name "Save Sales Data":
  [36m<button[39m
    [33mclass[39m=[32m"inline-flex items-center justify-center gap-2 whitesp
ace-nowrap rounded-[var(--button-radius)] text-sm font-medium transition-all di
sabled:pointer-events-none disabled:opacity-50 [&_svg]:pointer-events-none [&_s
vg:not([class*='size-'])]:size-4 shrink-0 [&_svg]:shrink-0 outline-none focus-v
isible:border-ring focus-visible:ring-ring/50 focus-visible:ring-[3px] aria-inv
alid:ring-destructive/20 dark:aria-invalid:ring-destructive/40 aria-invalid:bor
der-destructive bg-primary text-primary-foreground hover:bg-[#3D563F] shadow-sm
 h-10 px-4 py-2 has-[>svg]:px-3 md:h-10 lg:h-10 btn-primary"[39m
    [33mdata-slot[39m=[32m"button"[39m
  [36m/>[39m

  --------------------------------------------------
  tablist:

  Name "":
  [36m<div[39m
    [33maria-orientation[39m=[32m"horizontal"[39m
    [33mclass[39m=[32m"bg-muted text-muted-foreground h-9 items-center justi
fy-center rounded-xl p-[3px] grid w-full grid-cols-2"[39m
    [33mdata-orientation[39m=[32m"horizontal"[39m
    [33mdata-slot[39m=[32m"tabs-list"[39m
    [33mrole[39m=[32m"tablist"[39m
    [33mstyle[39m=[32m"outline-color: none; outline-style: none; outline-wid
th: initial;"[39m
    [33mtabindex[39m=[32m"0"[39m
  [36m/>[39m

  --------------------------------------------------
  tab:

  Name "Sales Data":
  [36m<button[39m
    [33maria-controls[39m=[32m"radix-:r1:-content-sales"[39m
    [33maria-selected[39m=[32m"true"[39m
    [33mclass[39m=[32m"data-[state=active]:bg-card dark:data-[state=active]:
text-foreground focus-visible:border-ring focus-visible:ring-ring/50 focus-visi
ble:outline-ring dark:data-[state=active]:border-input dark:data-[state=active]
:bg-input/30 text-foreground dark:text-muted-foreground inline-flex h-[calc(100
%-1px)] flex-1 items-center justify-center gap-1.5 rounded-xl border border-tra
nsparent px-2 py-1 text-sm font-medium whitespace-nowrap transition-[color,box-
shadow] focus-visible:ring-[3px] focus-visible:outline-1 disabled:pointer-event
s-none disabled:opacity-50 [&_svg]:pointer-events-none [&_svg]:shrink-0 [&_svg:
not([class*='size-'])]:size-4"[39m
    [33mdata-orientation[39m=[32m"horizontal"[39m
    [33mdata-radix-collection-item[39m=[32m""[39m
    [33mdata-slot[39m=[32m"tabs-trigger"[39m
    [33mdata-state[39m=[32m"active"[39m
    [33mid[39m=[32m"radix-:r1:-trigger-sales"[39m
    [33mrole[39m=[32m"tab"[39m
    [33mtabindex[39m=[32m"-1"[39m
    [33mtype[39m=[32m"button"[39m
  [36m/>[39m

  Name "Wastage Data":
  [36m<button[39m
    [33maria-controls[39m=[32m"radix-:r1:-content-wastage"[39m
    [33maria-selected[39m=[32m"false"[39m
    [33mclass[39m=[32m"data-[state=active]:bg-card dark:data-[state=active]:
text-foreground focus-visible:border-ring focus-visible:ring-ring/50 focus-visi
ble:outline-ring dark:data-[state=active]:border-input dark:data-[state=active]
:bg-input/30 text-foreground dark:text-muted-foreground inline-flex h-[calc(100
%-1px)] flex-1 items-center justify-center gap-1.5 rounded-xl border border-tra
nsparent px-2 py-1 text-sm font-medium whitespace-nowrap transition-[color,box-
shadow] focus-visible:ring-[3px] focus-visible:outline-1 disabled:pointer-event
s-none disabled:opacity-50 [&_svg]:pointer-events-none [&_svg]:shrink-0 [&_svg:
not([class*='size-'])]:size-4"[39m
    [33mdata-orientation[39m=[32m"horizontal"[39m
    [33mdata-radix-collection-item[39m=[32m""[39m
    [33mdata-slot[39m=[32m"tabs-trigger"[39m
    [33mdata-state[39m=[32m"inactive"[39m
    [33mid[39m=[32m"radix-:r1:-trigger-wastage"[39m
    [33mrole[39m=[32m"tab"[39m
    [33mtabindex[39m=[32m"-1"[39m
    [33mtype[39m=[32m"button"[39m
  [36m/>[39m

  --------------------------------------------------
  tabpanel:

  Name "Sales Data":
  [36m<div[39m
    [33maria-labelledby[39m=[32m"radix-:r1:-trigger-sales"[39m
    [33mclass[39m=[32m"flex-1 outline-none space-y-4"[39m
    [33mdata-orientation[39m=[32m"horizontal"[39m
    [33mdata-slot[39m=[32m"tabs-content"[39m
    [33mdata-state[39m=[32m"active"[39m
    [33mid[39m=[32m"radix-:r1:-content-sales"[39m
    [33mrole[39m=[32m"tabpanel"[39m
    [33mstyle[39m=[32m"animation-duration: 0s;"[39m
    [33mtabindex[39m=[32m"0"[39m
  [36m/>[39m

  --------------------------------------------------
  spinbutton:

  Name "Chicken Rice":
  [36m<input[39m
    [33mclass[39m=[32m"file:text-foreground placeholder:text-muted-foregroun
d selection:bg-primary selection:text-primary-foreground bg-white border-[#D1D1
D1] flex h-10 w-full min-w-0 rounded-md border px-3 py-2 text-base transition-[
color,box-shadow] outline-none file:inline-flex file:h-7 file:border-0 file:bg-
transparent file:text-sm file:font-medium disabled:pointer-events-none disabled
:cursor-not-allowed disabled:opacity-50 md:text-sm focus-visible:border-ring fo
cus-visible:ring-ring/50 focus-visible:ring-[2px] aria-invalid:ring-destructive
/20 aria-invalid:border-destructive"[39m
    [33mdata-slot[39m=[32m"input"[39m
    [33mid[39m=[32m"sales-recipe-1"[39m
    [33mmin[39m=[32m"0"[39m
    [33mplaceholder[39m=[32m"Quantity sold"[39m
    [33mtype[39m=[32m"number"[39m
    [33mvalue[39m=[32m""[39m
  [36m/>[39m

  Name "Nasi Lemak":
  [36m<input[39m
    [33mclass[39m=[32m"file:text-foreground placeholder:text-muted-foregroun
d selection:bg-primary selection:text-primary-foreground bg-white border-[#D1D1
D1] flex h-10 w-full min-w-0 rounded-md border px-3 py-2 text-base transition-[
color,box-shadow] outline-none file:inline-flex file:h-7 file:border-0 file:bg-
transparent file:text-sm file:font-medium disabled:pointer-events-none disabled
:cursor-not-allowed disabled:opacity-50 md:text-sm focus-visible:border-ring fo
cus-visible:ring-ring/50 focus-visible:ring-[2px] aria-invalid:ring-destructive
/20 aria-invalid:border-destructive"[39m
    [33mdata-slot[39m=[32m"input"[39m
    [33mid[39m=[32m"sales-recipe-2"[39m
    [33mmin[39m=[32m"0"[39m
    [33mplaceholder[39m=[32m"Quantity sold"[39m
    [33mtype[39m=[32m"number"[39m
    [33mvalue[39m=[32m""[39m
  [36m/>[39m

  --------------------------------------------------

Ignored nodes: comments, script, style
[36m<body>[39m
  [36m<div>[39m
    [36m<div[39m
      [33mclass[39m=[32m"bg-card text-card-foreground flex flex-col gap-6 ro
unded-xl border shadow-sm"[39m
      [33mdata-slot[39m=[32m"card"[39m
      [33mstyle[39m=[32m"box-shadow: 0 2px 4px rgba(0, 0, 0, 0.08);"[39m
    [36m>[39m
      [36m<div[39m
        [33mclass[39m=[32m"@container/card-header grid auto-rows-min grid-ro
ws-[auto_auto] items-start gap-1.5 px-6 pt-6 has-data-[slot=card-action]:grid-c
ols-[1fr_auto] [.border-b]:pb-6"[39m
        [33mdata-slot[39m=[32m"card-header"[39m
      [36m>[39m
        [36m<h4[39m
          [33mclass[39m=[32m"leading-none flex items-center gap-2"[39m
          [33mdata-slot[39m=[32m"card-title"[39m
        [36m>[39m
          [36m<svg[39m
            [33mclass[39m=[32m"lucide lucide-plus w-5 h-5"[39m
            [33mfill[39m=[32m"none"[39m
            [33mheight[39m=[32m"24"[39m
            [33mstroke[39m=[32m"currentColor"[39m
            [33mstroke-linecap[39m=[32m"round"[39m
            [33mstroke-linejoin[39m=[32m"round"[39m
            [33mstroke-width[39m=[32m"2"[39m
            [33mviewBox[39m=[32m"0 0 24 24"[39m
            [33mwidth[39m=[32m"24"[39m
            [33mxmlns[39m=[32m"http://www.w3.org/2000/svg"[39m
          [36m>[39m
            [36m<path[39m
              [33md[39m=[32m"M5 12h14"[39m
            [36m/>[39m
            [36m<path[39m
              [33md[39m=[32m"M12 5v14"[39m
            [36m/>[39m
          [36m</svg>[39m
          [0mInput Data[0m
        [36m</h4>[39m
        [36m<p[39m
          [33mclass[39m=[32m"text-muted-foreground"[39m
          [33mdata-slot[39m=[32m"card-description"[39m
        [36m>[39m
          [0mEnter today's sales and wastage data[0m
        [36m</p>[39m
      [36m</div>[39m
      [36m<div[39m
        [33mclass[39m=[32m"px-6 [&:last-child]:pb-6 space-y-4"[39m
        [33mdata-slot[39m=[32m"card-content"[39m
      [36m>[39m
        [36m<div[39m
          [33mclass[39m=[32m"flex items-center gap-4"[39m
        [36m>[39m
          [36m<label[39m
            [33mclass[39m=[32m"flex items-center gap-2 text-sm leading-none 
font-medium select-none group-data-[disabled=true]:pointer-events-none group-da
ta-[disabled=true]:opacity-50 peer-disabled:cursor-not-allowed peer-disabled:op
acity-50"[39m
            [33mdata-slot[39m=[32m"label"[39m
          [36m>[39m
            [0mDate:[0m
          [36m</label>[39m
          [36m<button[39m
            [33maria-controls[39m=[32m"radix-:r0:"[39m
            [33maria-expanded[39m=[32m"false"[39m
            [33maria-haspopup[39m=[32m"dialog"[39m
            [33mclass[39m=[32m"inline-flex items-center justify-center white
space-nowrap rounded-[var(--button-radius)] text-sm font-medium transition-all 
disabled:pointer-events-none disabled:opacity-50 [&_svg]:pointer-events-none [&
_svg:not([class*='size-'])]:size-4 shrink-0 [&_svg]:shrink-0 outline-none focus
-visible:border-ring focus-visible:ring-ring/50 focus-visible:ring-[3px] aria-i
nvalid:ring-destructive/20 dark:aria-invalid:ring-destructive/40 aria-invalid:b
order-destructive border-2 border-primary bg-transparent text-primary hover:bg-
primary/10 dark:bg-input/30 dark:border-input dark:hover:bg-input/50 h-10 px-4 
py-2 has-[>svg]:px-3 md:h-10 lg:h-10 gap-2"[39m
            [33mdata-slot[39m=[32m"popover-trigger"[39m
            [33mdata-state[39m=[32m"closed"[39m
            [33mtype[39m=[32m"button"[39m
          [36m>[39m
            [36m<svg[39m
              [33mclass[39m=[32m"lucide lucide-calendar w-4 h-4"[39m
              [33mfill[39m=[32m"none"[39m
              [33mheight[39m=[32m"24"[39m
              [33mstroke[39m=[32m"currentColor"[39m
              [33mstroke-linecap[39m=[32m"round"[39m
              [33mstroke-linejoin[39m=[32m"round"[39m
              [33mstroke-width[39m=[32m"2"[39m
              [33mviewBox[39m=[32m"0 0 24 24"[39m
              [33mwidth[39m=[32m"24"[39m
              [33mxmlns[39m=[32m"http://www.w3.org/2000/svg"[39m
            [36m>[39m
              [36m<path[39m
                [33md[39m=[32m"M8 2v4"[39m
              [36m/>[39m
              [36m<path[39m
                [33md[39m=[32m"M16 2v4"[39m
              [36m/>[39m
              [36m<rect[39m
                [33mheight[39m=[32m"18"[39m
                [33mrx[39m=[32m"2"[39m
                [33mwidth[39m=[32m"18"[39m
                [33mx[39m=[32m"3"[39m
                [33my[39m=[32m"4"[39m
              [36m/>[39m
              [36m<path[39m
                [33md[39m=[32m"M3 10h18"[39m
              [36m/>[39m
            [36m</svg>[39m
            [0m11 Feb 2026[0m
          [36m</button>[39m
        [36m</div>[39m
        [36m<div[39m
          [33mclass[39m=[32m"flex flex-col gap-2"[39m
          [33mdata-orientation[39m=[32m"horizontal"[39m
          [33mdata-slot[39m=[32m"tabs"[39m
          [33mdir[39m=[32m"ltr"[39m
        [36m>[39m
          [36m<div[39m
            [33maria-orientation[39m=[32m"horizontal"[39m
            [33mclass[39m=[32m"bg-muted text-muted-foreground h-9 items-cent
er justify-center rounded-xl p-[3px] grid w-full grid-cols-2"[39m
            [33mdata-orientation[39m=[32m"horizontal"[39m
            [33mdata-slot[39m=[32m"tabs-list"[39m
            [33mrole[39m=[32m"tablist"[39m
            [33mstyle[39m=[32m"outline-color: none; outline-style: none; out
line-width: initial;"[39m
            [33mtabindex[39m=[32m"0"[39m
          [36m>[39m
            [36m<button[39m
              [33maria-controls[39m=[32m"radix-:r1:-content-sales"[39m
              [33maria-selected[39m=[32m"true"[39m
              [33mclass[39m=[32m"data-[state=active]:bg-card dark:data-[stat
e=active]:text-foreground focus-visible:border-ring focus-visible:ring-ring/50 
focus-visible:outline-ring dark:data-[state=active]:border-input dark:data-[sta
te=active]:bg-input/30 text-foreground dark:text-muted-foreground inline-flex h
-[calc(100%-1px)] flex-1 items-center justify-center gap-1.5 rounded-xl border 
border-transparent px-2 py-1 text-sm font-medium whitespace-nowrap transition-[
color,box-shadow] focus-visible:ring-[3px] focus-visible:outline-1 disabled:poi
nter-events-none disabled:opacity-50 [&_svg]:pointer-events-none [&_svg]:shrink
-0 [&_svg:not([class*='size-'])]:size-4"[39m
              [33mdata-orientation[39m=[32m"horizontal"[39m
              [33mdata-radix-collection-item[39m=[32m""[39m
              [33mdata-slot[39m=[32m"tabs-trigger"[39m
              [33mdata-state[39m=[32m"active"[39m
              [33mid[39m=[32m"radix-:r1:-trigger-sales"[39m
              [33mrole[39m=[32m"tab"[39m
              [33mtabindex[39m=[32m"-1"[39m
              [33mtype...
[90m [2m鉂?[22m Object.getElementError node_modules/@testing-library/dom/dist/
config.js:[2m37:19[22m[39m
[90m [2m鉂?[22m node_modules/@testing-library/dom/dist/query-helpers.js:[2m76
:38[22m[39m
[90m [2m鉂?[22m node_modules/@testing-library/dom/dist/query-helpers.js:[2m52
:17[22m[39m
[90m [2m鉂?[22m node_modules/@testing-library/dom/dist/query-helpers.js:[2m95
:19[22m[39m
[36m [2m鉂?[22m src/app/components/dashboard/__tests__/DataInputForm.test.tsx:
[2m177:27[22m[39m
    [90m175| [39m
    [90m176| [39m            [90m// Check for date selector[39m
    [90m177| [39m            expect(screen.getByRole('button', { name: /10 fe
b 2026/i }鈥?    [90m   | [39m                          [31m^[39m
    [90m178| [39m
    [90m179| [39m            [90m// Check for tabs[39m

[31m[2m鈳幆鈳幆鈳幆鈳幆鈳幆鈳幆鈳幆鈳幆鈳幆鈳幆鈳幆鈳幆[1/6]鈳?[22m[39m

[41m[1m FAIL [22m[49m src/app/components/dashboard/__tests__/DataInputForm.
test.tsx[2m > [22mDataInputForm[2m > [22mDate Selection[2m > [22mshould d
isplay current date by default
[31m[1mTestingLibraryElementError[22m[39m: Unable to find role="button" and
 name `/10 feb 2026/i`

Ignored nodes: comments, script, style
[36m<body>[39m
  [36m<div>[39m
    [36m<div[39m
      [33mclass[39m=[32m"bg-card text-card-foreground flex flex-col gap-6 ro
unded-xl border shadow-sm"[39m
      [33mdata-slot[39m=[32m"card"[39m
      [33mstyle[39m=[32m"box-shadow: 0 2px 4px rgba(0, 0, 0, 0.08);"[39m
    [36m>[39m
      [36m<div[39m
        [33mclass[39m=[32m"@container/card-header grid auto-rows-min grid-ro
ws-[auto_auto] items-start gap-1.5 px-6 pt-6 has-data-[slot=card-action]:grid-c
ols-[1fr_auto] [.border-b]:pb-6"[39m
        [33mdata-slot[39m=[32m"card-header"[39m
      [36m>[39m
        [36m<h4[39m
          [33mclass[39m=[32m"leading-none flex items-center gap-2"[39m
          [33mdata-slot[39m=[32m"card-title"[39m
        [36m>[39m
          [36m<svg[39m
            [33mclass[39m=[32m"lucide lucide-plus w-5 h-5"[39m
            [33mfill[39m=[32m"none"[39m
            [33mheight[39m=[32m"24"[39m
            [33mstroke[39m=[32m"currentColor"[39m
            [33mstroke-linecap[39m=[32m"round"[39m
            [33mstroke-linejoin[39m=[32m"round"[39m
            [33mstroke-width[39m=[32m"2"[39m
            [33mviewBox[39m=[32m"0 0 24 24"[39m
            [33mwidth[39m=[32m"24"[39m
            [33mxmlns[39m=[32m"http://www.w3.org/2000/svg"[39m
          [36m>[39m
            [36m<path[39m
              [33md[39m=[32m"M5 12h14"[39m
            [36m/>[39m
            [36m<path[39m
              [33md[39m=[32m"M12 5v14"[39m
            [36m/>[39m
          [36m</svg>[39m
          [0mInput Data[0m
        [36m</h4>[39m
        [36m<p[39m
          [33mclass[39m=[32m"text-muted-foreground"[39m
          [33mdata-slot[39m=[32m"card-description"[39m
        [36m>[39m
          [0mEnter today's sales and wastage data[0m
        [36m</p>[39m
      [36m</div>[39m
      [36m<div[39m
        [33mclass[39m=[32m"px-6 [&:last-child]:pb-6 space-y-4"[39m
        [33mdata-slot[39m=[32m"card-content"[39m
      [36m>[39m
        [36m<div[39m
          [33mclass[39m=[32m"flex items-center gap-4"[39m
        [36m>[39m
          [36m<label[39m
            [33mclass[39m=[32m"flex items-center gap-2 text-sm leading-none 
font-medium select-none group-data-[disabled=true]:pointer-events-none group-da
ta-[disabled=true]:opacity-50 peer-disabled:cursor-not-allowed peer-disabled:op
acity-50"[39m
            [33mdata-slot[39m=[32m"label"[39m
          [36m>[39m
            [0mDate:[0m
          [36m</label>[39m
          [36m<button[39m
            [33maria-controls[39m=[32m"radix-:rk:"[39m
            [33maria-expanded[39m=[32m"false"[39m
            [33maria-haspopup[39m=[32m"dialog"[39m
            [33mclass[39m=[32m"inline-flex items-center justify-center white
space-nowrap rounded-[var(--button-radius)] text-sm font-medium transition-all 
disabled:pointer-events-none disabled:opacity-50 [&_svg]:pointer-events-none [&
_svg:not([class*='size-'])]:size-4 shrink-0 [&_svg]:shrink-0 outline-none focus
-visible:border-ring focus-visible:ring-ring/50 focus-visible:ring-[3px] aria-i
nvalid:ring-destructive/20 dark:aria-invalid:ring-destructive/40 aria-invalid:b
order-destructive border-2 border-primary bg-transparent text-primary hover:bg-
primary/10 dark:bg-input/30 dark:border-input dark:hover:bg-input/50 h-10 px-4 
py-2 has-[>svg]:px-3 md:h-10 lg:h-10 gap-2"[39m
            [33mdata-slot[39m=[32m"popover-trigger"[39m
            [33mdata-state[39m=[32m"closed"[39m
            [33mtype[39m=[32m"button"[39m
          [36m>[39m
            [36m<svg[39m
              [33mclass[39m=[32m"lucide lucide-calendar w-4 h-4"[39m
              [33mfill[39m=[32m"none"[39m
              [33mheight[39m=[32m"24"[39m
              [33mstroke[39m=[32m"currentColor"[39m
              [33mstroke-linecap[39m=[32m"round"[39m
              [33mstroke-linejoin[39m=[32m"round"[39m
              [33mstroke-width[39m=[32m"2"[39m
              [33mviewBox[39m=[32m"0 0 24 24"[39m
              [33mwidth[39m=[32m"24"[39m
              [33mxmlns[39m=[32m"http://www.w3.org/2000/svg"[39m
            [36m>[39m
              [36m<path[39m
                [33md[39m=[32m"M8 2v4"[39m
              [36m/>[39m
              [36m<path[39m
                [33md[39m=[32m"M16 2v4"[39m
              [36m/>[39m
              [36m<rect[39m
                [33mheight[39m=[32m"18"[39m
                [33mrx[39m=[32m"2"[39m
                [33mwidth[39m=[32m"18"[39m
                [33mx[39m=[32m"3"[39m
                [33my[39m=[32m"4"[39m
              [36m/>[39m
              [36m<path[39m
                [33md[39m=[32m"M3 10h18"[39m
              [36m/>[39m
            [36m</svg>[39m
            [0m11 Feb 2026[0m
          [36m</button>[39m
        [36m</div>[39m
        [36m<div[39m
          [33mclass[39m=[32m"flex flex-col gap-2"[39m
          [33mdata-orientation[39m=[32m"horizontal"[39m
          [33mdata-slot[39m=[32m"tabs"[39m
          [33mdir[39m=[32m"ltr"[39m
        [36m>[39m
          [36m<div[39m
            [33maria-orientation[39m=[32m"horizontal"[39m
            [33mclass[39m=[32m"bg-muted text-muted-foreground h-9 items-cent
er justify-center rounded-xl p-[3px] grid w-full grid-cols-2"[39m
            [33mdata-orientation[39m=[32m"horizontal"[39m
            [33mdata-slot[39m=[32m"tabs-list"[39m
            [33mrole[39m=[32m"tablist"[39m
            [33mstyle[39m=[32m"outline-color: none; outline-style: none; out
line-width: initial;"[39m
            [33mtabindex[39m=[32m"0"[39m
          [36m>[39m
            [36m<button[39m
              [33maria-controls[39m=[32m"radix-:rl:-content-sales"[39m
              [33maria-selected[39m=[32m"true"[39m
              [33mclass[39m=[32m"data-[state=active]:bg-card dark:data-[stat
e=active]:text-foreground focus-visible:border-ring focus-visible:ring-ring/50 
focus-visible:outline-ring dark:data-[state=active]:border-input dark:data-[sta
te=active]:bg-input/30 text-foreground dark:text-muted-foreground inline-flex h
-[calc(100%-1px)] flex-1 items-center justify-center gap-1.5 rounded-xl border 
border-transparent px-2 py-1 text-sm font-medium whitespace-nowrap transition-[
color,box-shadow] focus-visible:ring-[3px] focus-visible:outline-1 disabled:poi
nter-events-none disabled:opacity-50 [&_svg]:pointer-events-none [&_svg]:shrink
-0 [&_svg:not([class*='size-'])]:size-4"[39m
              [33mdata-orientation[39m=[32m"horizontal"[39m
              [33mdata-radix-collection-item[39m=[32m""[39m
              [33mdata-slot[39m=[32m"tabs-trigger"[39m
              [33mdata-state[39m=[32m"active"[39m
              [33mid[39m=[32m"radix-:rl:-trigger-sales"[39m
              [33mrole[39m=[32m"tab"[39m
              [33mtabindex[39m=[32m"-1"[39m
              [33mtype...

Ignored nodes: comments, script, style
[36m<html>[39m
  [36m<head />[39m
  [36m<body>[39m
    [36m<div>[39m
      [36m<div[39m
        [33mclass[39m=[32m"bg-card text-card-foreground flex flex-col gap-6 
rounded-xl border shadow-sm"[39m
        [33mdata-slot[39m=[32m"card"[39m
        [33mstyle[39m=[32m"box-shadow: 0 2px 4px rgba(0, 0, 0, 0.08);"[39m
      [36m>[39m
        [36m<div[39m
          [33mclass[39m=[32m"@container/card-header grid auto-rows-min grid-
rows-[auto_auto] items-start gap-1.5 px-6 pt-6 has-data-[slot=card-action]:grid
-cols-[1fr_auto] [.border-b]:pb-6"[39m
          [33mdata-slot[39m=[32m"card-header"[39m
        [36m>[39m
          [36m<h4[39m
            [33mclass[39m=[32m"leading-none flex items-center gap-2"[39m
            [33mdata-slot[39m=[32m"card-title"[39m
          [36m>[39m
            [36m<svg[39m
              [33mclass[39m=[32m"lucide lucide-plus w-5 h-5"[39m
              [33mfill[39m=[32m"none"[39m
              [33mheight[39m=[32m"24"[39m
              [33mstroke[39m=[32m"currentColor"[39m
              [33mstroke-linecap[39m=[32m"round"[39m
              [33mstroke-linejoin[39m=[32m"round"[39m
              [33mstroke-width[39m=[32m"2"[39m
              [33mviewBox[39m=[32m"0 0 24 24"[39m
              [33mwidth[39m=[32m"24"[39m
              [33mxmlns[39m=[32m"http://www.w3.org/2000/svg"[39m
            [36m>[39m
              [36m<path[39m
                [33md[39m=[32m"M5 12h14"[39m
              [36m/>[39m
              [36m<path[39m
                [33md[39m=[32m"M12 5v14"[39m
              [36m/>[39m
            [36m</svg>[39m
            [0mInput Data[0m
          [36m</h4>[39m
          [36m<p[39m
            [33mclass[39m=[32m"text-muted-foreground"[39m
            [33mdata-slot[39m=[32m"card-description"[39m
          [36m>[39m
            [0mEnter today's sales and wastage data[0m
          [36m</p>[39m
        [36m</div>[39m
        [36m<div[39m
          [33mclass[39m=[32m"px-6 [&:last-child]:pb-6 space-y-4"[39m
          [33mdata-slot[39m=[32m"card-content"[39m
        [36m>[39m
          [36m<div[39m
            [33mclass[39m=[32m"flex items-center gap-4"[39m
          [36m>[39m
            [36m<label[39m
              [33mclass[39m=[32m"flex items-center gap-2 text-sm leading-non
e font-medium select-none group-data-[disabled=true]:pointer-events-none group-
data-[disabled=true]:opacity-50 peer-disabled:cursor-not-allowed peer-disabled:
opacity-50"[39m
              [33mdata-slot[39m=[32m"label"[39m
            [36m>[39m
              [0mDate:[0m
            [36m</label>[39m
            [36m<button[39m
              [33maria-controls[39m=[32m"radix-:rk:"[39m
              [33maria-expanded[39m=[32m"false"[39m
              [33maria-haspopup[39m=[32m"dialog"[39m
              [33mclass[39m=[32m"inline-flex items-center justify-center whi
tespace-nowrap rounded-[var(--button-radius)] text-sm font-medium transition-al
l disabled:pointer-events-none disabled:opacity-50 [&_svg]:pointer-events-none 
[&_svg:not([class*='size-'])]:size-4 shrink-0 [&_svg]:shrink-0 outline-none foc
us-visible:border-ring focus-visible:ring-ring/50 focus-visible:ring-[3px] aria
-invalid:ring-destructive/20 dark:aria-invalid:ring-destructive/40 aria-invalid
:border-destructive border-2 border-primary bg-transparent text-primary hover:b
g-primary/10 dark:bg-input/30 dark:border-input dark:hover:bg-input/50 h-10 px-
4 py-2 has-[>svg]:px-3 md:h-10 lg:h-10 gap-2"[39m
              [33mdata-slot[39m=[32m"popover-trigger"[39m
              [33mdata-state[39m=[32m"closed"[39m
              [33mtype[39m=[32m"button"[39m
            [36m>[39m
              [36m<svg[39m
                [33mclass[39m=[32m"lucide lucide-calendar w-4 h-4"[39m
                [33mfill[39m=[32m"none"[39m
                [33mheight[39m=[32m"24"[39m
                [33mstroke[39m=[32m"currentColor"[39m
                [33mstroke-linecap[39m=[32m"round"[39m
                [33mstroke-linejoin[39m=[32m"round"[39m
                [33mstroke-width[39m=[32m"2"[39m
                [33mviewBox[39m=[32m"0 0 24 24"[39m
                [33mwidth[39m=[32m"24"[39m
                [33mxmlns[39m=[32m"http://www.w3.org/2000/svg"[39m
              [36m>[39m
                [36m<path[39m
                  [33md[39m=[32m"M8 2v4"[39m
                [36m/>[39m
                [36m<path[39m
                  [33md[39m=[32m"M16 2v4"[39m
                [36m/>[39m
                [36m<rect[39m
                  [33mheight[39m=[32m"18"[39m
                  [33mrx[39m=[32m"2"[39m
                  [33mwidth[39m=[32m"18"[39m
                  [33mx[39m=[32m"3"[39m
                  [33my[39m=[32m"4"[39m
                [36m/>[39m
                [36m<path[39m
                  [33md[39m=[32m"M3 10h18"[39m
                [36m/>[39m
              [36m</svg>[39m
              [0m11 Feb 2026[0m
            [36m</button>[39m
          [36m</div>[39m
          [36m<div[39m
            [33mclass[39m=[32m"flex flex-col gap-2"[39m
            [33mdata-orientation[39m=[32m"horizontal"[39m
            [33mdata-slot[39m=[32m"tabs"[39m
            [33mdir[39m=[32m"ltr"[39m
          [36m>[39m
            [36m<div[39m
              [33maria-orientation[39m=[32m"horizontal"[39m
              [33mclass[39m=[32m"bg-muted text-muted-foreground h-9 items-ce
nter justify-center rounded-xl p-[3px] grid w-full grid-cols-2"[39m
              [33mdata-orientation[39m=[32m"horizontal"[39m
              [33mdata-slot[39m=[32m"tabs-list"[39m
              [33mrole[39m=[32m"tablist"[39m
              [33mstyle[39m=[32m"outline-color: none; outline-style: none; o
utline-width: initial;"[39m
              [33mtabindex[39m=[32m"0"[39m
            [36m>[39m
              [36m<button[39m
                [33maria-controls[39m=[32m"radix-:rl:-content-sales"[39m
                [33maria-selected[39m=[32m"true"[39m
                [33mclass[39m=[32m"data-[state=active]:bg-card dark:data-[st
ate=active]:text-foreground focus-visible:border-ring focus-visible:ring-ring/5
0 focus-visible:outline-ring dark:data-[state=active]:border-input dark:data-[s
tate=active]:bg-input/30 text-foreground dark:text-muted-foreground inline-flex
 h-[calc(100%-1px)] flex-1 items-center justify-center gap-1.5 rounded-xl borde
r border-transparent px-2 py-1 text-sm font-medium whitespace-nowrap transition
-[color,box-shadow] focus-visible:ring-[3px] focus-visible:outline-1 disabled:p
ointer-events-none disabled:opacity-50 [&_svg]:pointer-events-none [&_svg]:shri
nk-0 [&_svg:not([class*='size-'])]:size-4"[39m
                [33mdata-orientation[39m=[32m"horizontal"[39m
                [33mdata-radix-collection-item[39m=[32m""[39m
                [3...
[90m [2m鉂?[22m Proxy.waitForWrapper node_modules/@testing-library/dom/dist/wa
it-for.js:[2m163:27[22m[39m
[36m [2m鉂?[22m src/app/components/dashboard/__tests__/DataInputForm.test.tsx:
[2m229:19[22m[39m
    [90m227| [39m            [34mrenderComponent[39m()[33m;[39m
    [90m228| [39m
    [90m229| [39m            [35mawait[39m [34mwaitFor[39m(() [33m=>[39
m {
    [90m   | [39m                  [31m^[39m
    [90m230| [39m                const dateButton = screen.getByRole('button'
, { name: 鈥?    [90m231| [39m                [34mexpect[39m(dateButton)[33
m.[39m[34mtoBeInTheDocument[39m()[33m;[39m

[31m[2m鈳幆鈳幆鈳幆鈳幆鈳幆鈳幆鈳幆鈳幆鈳幆鈳幆鈳幆鈳幆[2/6]鈳?[22m[39m

[41m[1m FAIL [22m[49m src/app/components/dashboard/__tests__/DataInputForm.
test.tsx[2m > [22mDataInputForm[2m > [22mDate Selection[2m > [22mshould o
pen calendar when date button is clicked
[31m[1mTestingLibraryElementError[22m[39m: Unable to find role="button" and
 name `/10 feb 2026/i`

Ignored nodes: comments, script, style
[36m<body>[39m
  [36m<div>[39m
    [36m<div[39m
      [33mclass[39m=[32m"bg-card text-card-foreground flex flex-col gap-6 ro
unded-xl border shadow-sm"[39m
      [33mdata-slot[39m=[32m"card"[39m
      [33mstyle[39m=[32m"box-shadow: 0 2px 4px rgba(0, 0, 0, 0.08);"[39m
    [36m>[39m
      [36m<div[39m
        [33mclass[39m=[32m"@container/card-header grid auto-rows-min grid-ro
ws-[auto_auto] items-start gap-1.5 px-6 pt-6 has-data-[slot=card-action]:grid-c
ols-[1fr_auto] [.border-b]:pb-6"[39m
        [33mdata-slot[39m=[32m"card-header"[39m
      [36m>[39m
        [36m<h4[39m
          [33mclass[39m=[32m"leading-none flex items-center gap-2"[39m
          [33mdata-slot[39m=[32m"card-title"[39m
        [36m>[39m
          [36m<svg[39m
            [33mclass[39m=[32m"lucide lucide-plus w-5 h-5"[39m
            [33mfill[39m=[32m"none"[39m
            [33mheight[39m=[32m"24"[39m
            [33mstroke[39m=[32m"currentColor"[39m
            [33mstroke-linecap[39m=[32m"round"[39m
            [33mstroke-linejoin[39m=[32m"round"[39m
            [33mstroke-width[39m=[32m"2"[39m
            [33mviewBox[39m=[32m"0 0 24 24"[39m
            [33mwidth[39m=[32m"24"[39m
            [33mxmlns[39m=[32m"http://www.w3.org/2000/svg"[39m
          [36m>[39m
            [36m<path[39m
              [33md[39m=[32m"M5 12h14"[39m
            [36m/>[39m
            [36m<path[39m
              [33md[39m=[32m"M12 5v14"[39m
            [36m/>[39m
          [36m</svg>[39m
          [0mInput Data[0m
        [36m</h4>[39m
        [36m<p[39m
          [33mclass[39m=[32m"text-muted-foreground"[39m
          [33mdata-slot[39m=[32m"card-description"[39m
        [36m>[39m
          [0mEnter today's sales and wastage data[0m
        [36m</p>[39m
      [36m</div>[39m
      [36m<div[39m
        [33mclass[39m=[32m"px-6 [&:last-child]:pb-6 space-y-4"[39m
        [33mdata-slot[39m=[32m"card-content"[39m
      [36m>[39m
        [36m<div[39m
          [33mclass[39m=[32m"flex items-center gap-4"[39m
        [36m>[39m
          [36m<label[39m
            [33mclass[39m=[32m"flex items-center gap-2 text-sm leading-none 
font-medium select-none group-data-[disabled=true]:pointer-events-none group-da
ta-[disabled=true]:opacity-50 peer-disabled:cursor-not-allowed peer-disabled:op
acity-50"[39m
            [33mdata-slot[39m=[32m"label"[39m
          [36m>[39m
            [0mDate:[0m
          [36m</label>[39m
          [36m<button[39m
            [33maria-controls[39m=[32m"radix-:ro:"[39m
            [33maria-expanded[39m=[32m"false"[39m
            [33maria-haspopup[39m=[32m"dialog"[39m
            [33mclass[39m=[32m"inline-flex items-center justify-center white
space-nowrap rounded-[var(--button-radius)] text-sm font-medium transition-all 
disabled:pointer-events-none disabled:opacity-50 [&_svg]:pointer-events-none [&
_svg:not([class*='size-'])]:size-4 shrink-0 [&_svg]:shrink-0 outline-none focus
-visible:border-ring focus-visible:ring-ring/50 focus-visible:ring-[3px] aria-i
nvalid:ring-destructive/20 dark:aria-invalid:ring-destructive/40 aria-invalid:b
order-destructive border-2 border-primary bg-transparent text-primary hover:bg-
primary/10 dark:bg-input/30 dark:border-input dark:hover:bg-input/50 h-10 px-4 
py-2 has-[>svg]:px-3 md:h-10 lg:h-10 gap-2"[39m
            [33mdata-slot[39m=[32m"popover-trigger"[39m
            [33mdata-state[39m=[32m"closed"[39m
            [33mtype[39m=[32m"button"[39m
          [36m>[39m
            [36m<svg[39m
              [33mclass[39m=[32m"lucide lucide-calendar w-4 h-4"[39m
              [33mfill[39m=[32m"none"[39m
              [33mheight[39m=[32m"24"[39m
              [33mstroke[39m=[32m"currentColor"[39m
              [33mstroke-linecap[39m=[32m"round"[39m
              [33mstroke-linejoin[39m=[32m"round"[39m
              [33mstroke-width[39m=[32m"2"[39m
              [33mviewBox[39m=[32m"0 0 24 24"[39m
              [33mwidth[39m=[32m"24"[39m
              [33mxmlns[39m=[32m"http://www.w3.org/2000/svg"[39m
            [36m>[39m
              [36m<path[39m
                [33md[39m=[32m"M8 2v4"[39m
              [36m/>[39m
              [36m<path[39m
                [33md[39m=[32m"M16 2v4"[39m
              [36m/>[39m
              [36m<rect[39m
                [33mheight[39m=[32m"18"[39m
                [33mrx[39m=[32m"2"[39m
                [33mwidth[39m=[32m"18"[39m
                [33mx[39m=[32m"3"[39m
                [33my[39m=[32m"4"[39m
              [36m/>[39m
              [36m<path[39m
                [33md[39m=[32m"M3 10h18"[39m
              [36m/>[39m
            [36m</svg>[39m
            [0m11 Feb 2026[0m
          [36m</button>[39m
        [36m</div>[39m
        [36m<div[39m
          [33mclass[39m=[32m"flex flex-col gap-2"[39m
          [33mdata-orientation[39m=[32m"horizontal"[39m
          [33mdata-slot[39m=[32m"tabs"[39m
          [33mdir[39m=[32m"ltr"[39m
        [36m>[39m
          [36m<div[39m
            [33maria-orientation[39m=[32m"horizontal"[39m
            [33mclass[39m=[32m"bg-muted text-muted-foreground h-9 items-cent
er justify-center rounded-xl p-[3px] grid w-full grid-cols-2"[39m
            [33mdata-orientation[39m=[32m"horizontal"[39m
            [33mdata-slot[39m=[32m"tabs-list"[39m
            [33mrole[39m=[32m"tablist"[39m
            [33mstyle[39m=[32m"outline-color: none; outline-style: none; out
line-width: initial;"[39m
            [33mtabindex[39m=[32m"0"[39m
          [36m>[39m
            [36m<button[39m
              [33maria-controls[39m=[32m"radix-:rp:-content-sales"[39m
              [33maria-selected[39m=[32m"true"[39m
              [33mclass[39m=[32m"data-[state=active]:bg-card dark:data-[stat
e=active]:text-foreground focus-visible:border-ring focus-visible:ring-ring/50 
focus-visible:outline-ring dark:data-[state=active]:border-input dark:data-[sta
te=active]:bg-input/30 text-foreground dark:text-muted-foreground inline-flex h
-[calc(100%-1px)] flex-1 items-center justify-center gap-1.5 rounded-xl border 
border-transparent px-2 py-1 text-sm font-medium whitespace-nowrap transition-[
color,box-shadow] focus-visible:ring-[3px] focus-visible:outline-1 disabled:poi
nter-events-none disabled:opacity-50 [&_svg]:pointer-events-none [&_svg]:shrink
-0 [&_svg:not([class*='size-'])]:size-4"[39m
              [33mdata-orientation[39m=[32m"horizontal"[39m
              [33mdata-radix-collection-item[39m=[32m""[39m
              [33mdata-slot[39m=[32m"tabs-trigger"[39m
              [33mdata-state[39m=[32m"active"[39m
              [33mid[39m=[32m"radix-:rp:-trigger-sales"[39m
              [33mrole[39m=[32m"tab"[39m
              [33mtabindex[39m=[32m"-1"[39m
              [33mtype...

Ignored nodes: comments, script, style
[36m<html>[39m
  [36m<head />[39m
  [36m<body>[39m
    [36m<div>[39m
      [36m<div[39m
        [33mclass[39m=[32m"bg-card text-card-foreground flex flex-col gap-6 
rounded-xl border shadow-sm"[39m
        [33mdata-slot[39m=[32m"card"[39m
        [33mstyle[39m=[32m"box-shadow: 0 2px 4px rgba(0, 0, 0, 0.08);"[39m
      [36m>[39m
        [36m<div[39m
          [33mclass[39m=[32m"@container/card-header grid auto-rows-min grid-
rows-[auto_auto] items-start gap-1.5 px-6 pt-6 has-data-[slot=card-action]:grid
-cols-[1fr_auto] [.border-b]:pb-6"[39m
          [33mdata-slot[39m=[32m"card-header"[39m
        [36m>[39m
          [36m<h4[39m
            [33mclass[39m=[32m"leading-none flex items-center gap-2"[39m
            [33mdata-slot[39m=[32m"card-title"[39m
          [36m>[39m
            [36m<svg[39m
              [33mclass[39m=[32m"lucide lucide-plus w-5 h-5"[39m
              [33mfill[39m=[32m"none"[39m
              [33mheight[39m=[32m"24"[39m
              [33mstroke[39m=[32m"currentColor"[39m
              [33mstroke-linecap[39m=[32m"round"[39m
              [33mstroke-linejoin[39m=[32m"round"[39m
              [33mstroke-width[39m=[32m"2"[39m
              [33mviewBox[39m=[32m"0 0 24 24"[39m
              [33mwidth[39m=[32m"24"[39m
              [33mxmlns[39m=[32m"http://www.w3.org/2000/svg"[39m
            [36m>[39m
              [36m<path[39m
                [33md[39m=[32m"M5 12h14"[39m
              [36m/>[39m
              [36m<path[39m
                [33md[39m=[32m"M12 5v14"[39m
              [36m/>[39m
            [36m</svg>[39m
            [0mInput Data[0m
          [36m</h4>[39m
          [36m<p[39m
            [33mclass[39m=[32m"text-muted-foreground"[39m
            [33mdata-slot[39m=[32m"card-description"[39m
          [36m>[39m
            [0mEnter today's sales and wastage data[0m
          [36m</p>[39m
        [36m</div>[39m
        [36m<div[39m
          [33mclass[39m=[32m"px-6 [&:last-child]:pb-6 space-y-4"[39m
          [33mdata-slot[39m=[32m"card-content"[39m
        [36m>[39m
          [36m<div[39m
            [33mclass[39m=[32m"flex items-center gap-4"[39m
          [36m>[39m
            [36m<label[39m
              [33mclass[39m=[32m"flex items-center gap-2 text-sm leading-non
e font-medium select-none group-data-[disabled=true]:pointer-events-none group-
data-[disabled=true]:opacity-50 peer-disabled:cursor-not-allowed peer-disabled:
opacity-50"[39m
              [33mdata-slot[39m=[32m"label"[39m
            [36m>[39m
              [0mDate:[0m
            [36m</label>[39m
            [36m<button[39m
              [33maria-controls[39m=[32m"radix-:ro:"[39m
              [33maria-expanded[39m=[32m"false"[39m
              [33maria-haspopup[39m=[32m"dialog"[39m
              [33mclass[39m=[32m"inline-flex items-center justify-center whi
tespace-nowrap rounded-[var(--button-radius)] text-sm font-medium transition-al
l disabled:pointer-events-none disabled:opacity-50 [&_svg]:pointer-events-none 
[&_svg:not([class*='size-'])]:size-4 shrink-0 [&_svg]:shrink-0 outline-none foc
us-visible:border-ring focus-visible:ring-ring/50 focus-visible:ring-[3px] aria
-invalid:ring-destructive/20 dark:aria-invalid:ring-destructive/40 aria-invalid
:border-destructive border-2 border-primary bg-transparent text-primary hover:b
g-primary/10 dark:bg-input/30 dark:border-input dark:hover:bg-input/50 h-10 px-
4 py-2 has-[>svg]:px-3 md:h-10 lg:h-10 gap-2"[39m
              [33mdata-slot[39m=[32m"popover-trigger"[39m
              [33mdata-state[39m=[32m"closed"[39m
              [33mtype[39m=[32m"button"[39m
            [36m>[39m
              [36m<svg[39m
                [33mclass[39m=[32m"lucide lucide-calendar w-4 h-4"[39m
                [33mfill[39m=[32m"none"[39m
                [33mheight[39m=[32m"24"[39m
                [33mstroke[39m=[32m"currentColor"[39m
                [33mstroke-linecap[39m=[32m"round"[39m
                [33mstroke-linejoin[39m=[32m"round"[39m
                [33mstroke-width[39m=[32m"2"[39m
                [33mviewBox[39m=[32m"0 0 24 24"[39m
                [33mwidth[39m=[32m"24"[39m
                [33mxmlns[39m=[32m"http://www.w3.org/2000/svg"[39m
              [36m>[39m
                [36m<path[39m
                  [33md[39m=[32m"M8 2v4"[39m
                [36m/>[39m
                [36m<path[39m
                  [33md[39m=[32m"M16 2v4"[39m
                [36m/>[39m
                [36m<rect[39m
                  [33mheight[39m=[32m"18"[39m
                  [33mrx[39m=[32m"2"[39m
                  [33mwidth[39m=[32m"18"[39m
                  [33mx[39m=[32m"3"[39m
                  [33my[39m=[32m"4"[39m
                [36m/>[39m
                [36m<path[39m
                  [33md[39m=[32m"M3 10h18"[39m
                [36m/>[39m
              [36m</svg>[39m
              [0m11 Feb 2026[0m
            [36m</button>[39m
          [36m</div>[39m
          [36m<div[39m
            [33mclass[39m=[32m"flex flex-col gap-2"[39m
            [33mdata-orientation[39m=[32m"horizontal"[39m
            [33mdata-slot[39m=[32m"tabs"[39m
            [33mdir[39m=[32m"ltr"[39m
          [36m>[39m
            [36m<div[39m
              [33maria-orientation[39m=[32m"horizontal"[39m
              [33mclass[39m=[32m"bg-muted text-muted-foreground h-9 items-ce
nter justify-center rounded-xl p-[3px] grid w-full grid-cols-2"[39m
              [33mdata-orientation[39m=[32m"horizontal"[39m
              [33mdata-slot[39m=[32m"tabs-list"[39m
              [33mrole[39m=[32m"tablist"[39m
              [33mstyle[39m=[32m"outline-color: none; outline-style: none; o
utline-width: initial;"[39m
              [33mtabindex[39m=[32m"0"[39m
            [36m>[39m
              [36m<button[39m
                [33maria-controls[39m=[32m"radix-:rp:-content-sales"[39m
                [33maria-selected[39m=[32m"true"[39m
                [33mclass[39m=[32m"data-[state=active]:bg-card dark:data-[st
ate=active]:text-foreground focus-visible:border-ring focus-visible:ring-ring/5
0 focus-visible:outline-ring dark:data-[state=active]:border-input dark:data-[s
tate=active]:bg-input/30 text-foreground dark:text-muted-foreground inline-flex
 h-[calc(100%-1px)] flex-1 items-center justify-center gap-1.5 rounded-xl borde
r border-transparent px-2 py-1 text-sm font-medium whitespace-nowrap transition
-[color,box-shadow] focus-visible:ring-[3px] focus-visible:outline-1 disabled:p
ointer-events-none disabled:opacity-50 [&_svg]:pointer-events-none [&_svg]:shri
nk-0 [&_svg:not([class*='size-'])]:size-4"[39m
                [33mdata-orientation[39m=[32m"horizontal"[39m
                [33mdata-radix-collection-item[39m=[32m""[39m
                [3...
[90m [2m鉂?[22m Proxy.waitForWrapper node_modules/@testing-library/dom/dist/wa
it-for.js:[2m163:27[22m[39m
[36m [2m鉂?[22m src/app/components/dashboard/__tests__/DataInputForm.test.tsx:
[2m238:19[22m[39m
    [90m236| [39m            [34mrenderComponent[39m()[33m;[39m
    [90m237| [39m
    [90m238| [39m            [35mawait[39m [34mwaitFor[39m(() [33m=>[39
m {
    [90m   | [39m                  [31m^[39m
    [90m239| [39m                expect(screen.getByRole('button', { name: /1
0 feb 2026鈥?    [90m240| [39m            })[33m;[39m

[31m[2m鈳幆鈳幆鈳幆鈳幆鈳幆鈳幆鈳幆鈳幆鈳幆鈳幆鈳幆鈳幆[3/6]鈳?[22m[39m

[41m[1m FAIL [22m[49m src/app/components/dashboard/__tests__/DataInputForm.
test.tsx[2m > [22mDataInputForm[2m > [22mDate Restrictions[2m > [22mshoul
d allow only today for employees (maxDaysBack=0)
[31m[1mTestingLibraryElementError[22m[39m: Unable to find role="button" and
 name `/10 feb 2026/i`

Ignored nodes: comments, script, style
[36m<body>[39m
  [36m<div>[39m
    [36m<div[39m
      [33mclass[39m=[32m"bg-card text-card-foreground flex flex-col gap-6 ro
unded-xl border shadow-sm"[39m
      [33mdata-slot[39m=[32m"card"[39m
      [33mstyle[39m=[32m"box-shadow: 0 2px 4px rgba(0, 0, 0, 0.08);"[39m
    [36m>[39m
      [36m<div[39m
        [33mclass[39m=[32m"@container/card-header grid auto-rows-min grid-ro
ws-[auto_auto] items-start gap-1.5 px-6 pt-6 has-data-[slot=card-action]:grid-c
ols-[1fr_auto] [.border-b]:pb-6"[39m
        [33mdata-slot[39m=[32m"card-header"[39m
      [36m>[39m
        [36m<h4[39m
          [33mclass[39m=[32m"leading-none flex items-center gap-2"[39m
          [33mdata-slot[39m=[32m"card-title"[39m
        [36m>[39m
          [36m<svg[39m
            [33mclass[39m=[32m"lucide lucide-plus w-5 h-5"[39m
            [33mfill[39m=[32m"none"[39m
            [33mheight[39m=[32m"24"[39m
            [33mstroke[39m=[32m"currentColor"[39m
            [33mstroke-linecap[39m=[32m"round"[39m
            [33mstroke-linejoin[39m=[32m"round"[39m
            [33mstroke-width[39m=[32m"2"[39m
            [33mviewBox[39m=[32m"0 0 24 24"[39m
            [33mwidth[39m=[32m"24"[39m
            [33mxmlns[39m=[32m"http://www.w3.org/2000/svg"[39m
          [36m>[39m
            [36m<path[39m
              [33md[39m=[32m"M5 12h14"[39m
            [36m/>[39m
            [36m<path[39m
              [33md[39m=[32m"M12 5v14"[39m
            [36m/>[39m
          [36m</svg>[39m
          [0mInput Data[0m
        [36m</h4>[39m
        [36m<p[39m
          [33mclass[39m=[32m"text-muted-foreground"[39m
          [33mdata-slot[39m=[32m"card-description"[39m
        [36m>[39m
          [0mEnter today's sales and wastage data[0m
        [36m</p>[39m
      [36m</div>[39m
      [36m<div[39m
        [33mclass[39m=[32m"px-6 [&:last-child]:pb-6 space-y-4"[39m
        [33mdata-slot[39m=[32m"card-content"[39m
      [36m>[39m
        [36m<div[39m
          [33mclass[39m=[32m"flex items-center gap-4"[39m
        [36m>[39m
          [36m<label[39m
            [33mclass[39m=[32m"flex items-center gap-2 text-sm leading-none 
font-medium select-none group-data-[disabled=true]:pointer-events-none group-da
ta-[disabled=true]:opacity-50 peer-disabled:cursor-not-allowed peer-disabled:op
acity-50"[39m
            [33mdata-slot[39m=[32m"label"[39m
          [36m>[39m
            [0mDate:[0m
          [36m</label>[39m
          [36m<button[39m
            [33maria-controls[39m=[32m"radix-:r2k:"[39m
            [33maria-expanded[39m=[32m"false"[39m
            [33maria-haspopup[39m=[32m"dialog"[39m
            [33mclass[39m=[32m"inline-flex items-center justify-center white
space-nowrap rounded-[var(--button-radius)] text-sm font-medium transition-all 
disabled:pointer-events-none disabled:opacity-50 [&_svg]:pointer-events-none [&
_svg:not([class*='size-'])]:size-4 shrink-0 [&_svg]:shrink-0 outline-none focus
-visible:border-ring focus-visible:ring-ring/50 focus-visible:ring-[3px] aria-i
nvalid:ring-destructive/20 dark:aria-invalid:ring-destructive/40 aria-invalid:b
order-destructive border-2 border-primary bg-transparent text-primary hover:bg-
primary/10 dark:bg-input/30 dark:border-input dark:hover:bg-input/50 h-10 px-4 
py-2 has-[>svg]:px-3 md:h-10 lg:h-10 gap-2"[39m
            [33mdata-slot[39m=[32m"popover-trigger"[39m
            [33mdata-state[39m=[32m"closed"[39m
            [33mtype[39m=[32m"button"[39m
          [36m>[39m
            [36m<svg[39m
              [33mclass[39m=[32m"lucide lucide-calendar w-4 h-4"[39m
              [33mfill[39m=[32m"none"[39m
              [33mheight[39m=[32m"24"[39m
              [33mstroke[39m=[32m"currentColor"[39m
              [33mstroke-linecap[39m=[32m"round"[39m
              [33mstroke-linejoin[39m=[32m"round"[39m
              [33mstroke-width[39m=[32m"2"[39m
              [33mviewBox[39m=[32m"0 0 24 24"[39m
              [33mwidth[39m=[32m"24"[39m
              [33mxmlns[39m=[32m"http://www.w3.org/2000/svg"[39m
            [36m>[39m
              [36m<path[39m
                [33md[39m=[32m"M8 2v4"[39m
              [36m/>[39m
              [36m<path[39m
                [33md[39m=[32m"M16 2v4"[39m
              [36m/>[39m
              [36m<rect[39m
                [33mheight[39m=[32m"18"[39m
                [33mrx[39m=[32m"2"[39m
                [33mwidth[39m=[32m"18"[39m
                [33mx[39m=[32m"3"[39m
                [33my[39m=[32m"4"[39m
              [36m/>[39m
              [36m<path[39m
                [33md[39m=[32m"M3 10h18"[39m
              [36m/>[39m
            [36m</svg>[39m
            [0m11 Feb 2026[0m
          [36m</button>[39m
        [36m</div>[39m
        [36m<div[39m
          [33mclass[39m=[32m"flex flex-col gap-2"[39m
          [33mdata-orientation[39m=[32m"horizontal"[39m
          [33mdata-slot[39m=[32m"tabs"[39m
          [33mdir[39m=[32m"ltr"[39m
        [36m>[39m
          [36m<div[39m
            [33maria-orientation[39m=[32m"horizontal"[39m
            [33mclass[39m=[32m"bg-muted text-muted-foreground h-9 items-cent
er justify-center rounded-xl p-[3px] grid w-full grid-cols-2"[39m
            [33mdata-orientation[39m=[32m"horizontal"[39m
            [33mdata-slot[39m=[32m"tabs-list"[39m
            [33mrole[39m=[32m"tablist"[39m
            [33mstyle[39m=[32m"outline-color: none; outline-style: none; out
line-width: initial;"[39m
            [33mtabindex[39m=[32m"0"[39m
          [36m>[39m
            [36m<button[39m
              [33maria-controls[39m=[32m"radix-:r2l:-content-sales"[39m
              [33maria-selected[39m=[32m"true"[39m
              [33mclass[39m=[32m"data-[state=active]:bg-card dark:data-[stat
e=active]:text-foreground focus-visible:border-ring focus-visible:ring-ring/50 
focus-visible:outline-ring dark:data-[state=active]:border-input dark:data-[sta
te=active]:bg-input/30 text-foreground dark:text-muted-foreground inline-flex h
-[calc(100%-1px)] flex-1 items-center justify-center gap-1.5 rounded-xl border 
border-transparent px-2 py-1 text-sm font-medium whitespace-nowrap transition-[
color,box-shadow] focus-visible:ring-[3px] focus-visible:outline-1 disabled:poi
nter-events-none disabled:opacity-50 [&_svg]:pointer-events-none [&_svg]:shrink
-0 [&_svg:not([class*='size-'])]:size-4"[39m
              [33mdata-orientation[39m=[32m"horizontal"[39m
              [33mdata-radix-collection-item[39m=[32m""[39m
              [33mdata-slot[39m=[32m"tabs-trigger"[39m
              [33mdata-state[39m=[32m"active"[39m
              [33mid[39m=[32m"radix-:r2l:-trigger-sales"[39m
              [33mrole[39m=[32m"tab"[39m
              [33mtabindex[39m=[32m"-1"[39m
              [33mt...

Ignored nodes: comments, script, style
[36m<html>[39m
  [36m<head />[39m
  [36m<body>[39m
    [36m<div>[39m
      [36m<div[39m
        [33mclass[39m=[32m"bg-card text-card-foreground flex flex-col gap-6 
rounded-xl border shadow-sm"[39m
        [33mdata-slot[39m=[32m"card"[39m
        [33mstyle[39m=[32m"box-shadow: 0 2px 4px rgba(0, 0, 0, 0.08);"[39m
      [36m>[39m
        [36m<div[39m
          [33mclass[39m=[32m"@container/card-header grid auto-rows-min grid-
rows-[auto_auto] items-start gap-1.5 px-6 pt-6 has-data-[slot=card-action]:grid
-cols-[1fr_auto] [.border-b]:pb-6"[39m
          [33mdata-slot[39m=[32m"card-header"[39m
        [36m>[39m
          [36m<h4[39m
            [33mclass[39m=[32m"leading-none flex items-center gap-2"[39m
            [33mdata-slot[39m=[32m"card-title"[39m
          [36m>[39m
            [36m<svg[39m
              [33mclass[39m=[32m"lucide lucide-plus w-5 h-5"[39m
              [33mfill[39m=[32m"none"[39m
              [33mheight[39m=[32m"24"[39m
              [33mstroke[39m=[32m"currentColor"[39m
              [33mstroke-linecap[39m=[32m"round"[39m
              [33mstroke-linejoin[39m=[32m"round"[39m
              [33mstroke-width[39m=[32m"2"[39m
              [33mviewBox[39m=[32m"0 0 24 24"[39m
              [33mwidth[39m=[32m"24"[39m
              [33mxmlns[39m=[32m"http://www.w3.org/2000/svg"[39m
            [36m>[39m
              [36m<path[39m
                [33md[39m=[32m"M5 12h14"[39m
              [36m/>[39m
              [36m<path[39m
                [33md[39m=[32m"M12 5v14"[39m
              [36m/>[39m
            [36m</svg>[39m
            [0mInput Data[0m
          [36m</h4>[39m
          [36m<p[39m
            [33mclass[39m=[32m"text-muted-foreground"[39m
            [33mdata-slot[39m=[32m"card-description"[39m
          [36m>[39m
            [0mEnter today's sales and wastage data[0m
          [36m</p>[39m
        [36m</div>[39m
        [36m<div[39m
          [33mclass[39m=[32m"px-6 [&:last-child]:pb-6 space-y-4"[39m
          [33mdata-slot[39m=[32m"card-content"[39m
        [36m>[39m
          [36m<div[39m
            [33mclass[39m=[32m"flex items-center gap-4"[39m
          [36m>[39m
            [36m<label[39m
              [33mclass[39m=[32m"flex items-center gap-2 text-sm leading-non
e font-medium select-none group-data-[disabled=true]:pointer-events-none group-
data-[disabled=true]:opacity-50 peer-disabled:cursor-not-allowed peer-disabled:
opacity-50"[39m
              [33mdata-slot[39m=[32m"label"[39m
            [36m>[39m
              [0mDate:[0m
            [36m</label>[39m
            [36m<button[39m
              [33maria-controls[39m=[32m"radix-:r2k:"[39m
              [33maria-expanded[39m=[32m"false"[39m
              [33maria-haspopup[39m=[32m"dialog"[39m
              [33mclass[39m=[32m"inline-flex items-center justify-center whi
tespace-nowrap rounded-[var(--button-radius)] text-sm font-medium transition-al
l disabled:pointer-events-none disabled:opacity-50 [&_svg]:pointer-events-none 
[&_svg:not([class*='size-'])]:size-4 shrink-0 [&_svg]:shrink-0 outline-none foc
us-visible:border-ring focus-visible:ring-ring/50 focus-visible:ring-[3px] aria
-invalid:ring-destructive/20 dark:aria-invalid:ring-destructive/40 aria-invalid
:border-destructive border-2 border-primary bg-transparent text-primary hover:b
g-primary/10 dark:bg-input/30 dark:border-input dark:hover:bg-input/50 h-10 px-
4 py-2 has-[>svg]:px-3 md:h-10 lg:h-10 gap-2"[39m
              [33mdata-slot[39m=[32m"popover-trigger"[39m
              [33mdata-state[39m=[32m"closed"[39m
              [33mtype[39m=[32m"button"[39m
            [36m>[39m
              [36m<svg[39m
                [33mclass[39m=[32m"lucide lucide-calendar w-4 h-4"[39m
                [33mfill[39m=[32m"none"[39m
                [33mheight[39m=[32m"24"[39m
                [33mstroke[39m=[32m"currentColor"[39m
                [33mstroke-linecap[39m=[32m"round"[39m
                [33mstroke-linejoin[39m=[32m"round"[39m
                [33mstroke-width[39m=[32m"2"[39m
                [33mviewBox[39m=[32m"0 0 24 24"[39m
                [33mwidth[39m=[32m"24"[39m
                [33mxmlns[39m=[32m"http://www.w3.org/2000/svg"[39m
              [36m>[39m
                [36m<path[39m
                  [33md[39m=[32m"M8 2v4"[39m
                [36m/>[39m
                [36m<path[39m
                  [33md[39m=[32m"M16 2v4"[39m
                [36m/>[39m
                [36m<rect[39m
                  [33mheight[39m=[32m"18"[39m
                  [33mrx[39m=[32m"2"[39m
                  [33mwidth[39m=[32m"18"[39m
                  [33mx[39m=[32m"3"[39m
                  [33my[39m=[32m"4"[39m
                [36m/>[39m
                [36m<path[39m
                  [33md[39m=[32m"M3 10h18"[39m
                [36m/>[39m
              [36m</svg>[39m
              [0m11 Feb 2026[0m
            [36m</button>[39m
          [36m</div>[39m
          [36m<div[39m
            [33mclass[39m=[32m"flex flex-col gap-2"[39m
            [33mdata-orientation[39m=[32m"horizontal"[39m
            [33mdata-slot[39m=[32m"tabs"[39m
            [33mdir[39m=[32m"ltr"[39m
          [36m>[39m
            [36m<div[39m
              [33maria-orientation[39m=[32m"horizontal"[39m
              [33mclass[39m=[32m"bg-muted text-muted-foreground h-9 items-ce
nter justify-center rounded-xl p-[3px] grid w-full grid-cols-2"[39m
              [33mdata-orientation[39m=[32m"horizontal"[39m
              [33mdata-slot[39m=[32m"tabs-list"[39m
              [33mrole[39m=[32m"tablist"[39m
              [33mstyle[39m=[32m"outline-color: none; outline-style: none; o
utline-width: initial;"[39m
              [33mtabindex[39m=[32m"0"[39m
            [36m>[39m
              [36m<button[39m
                [33maria-controls[39m=[32m"radix-:r2l:-content-sales"[39m
                [33maria-selected[39m=[32m"true"[39m
                [33mclass[39m=[32m"data-[state=active]:bg-card dark:data-[st
ate=active]:text-foreground focus-visible:border-ring focus-visible:ring-ring/5
0 focus-visible:outline-ring dark:data-[state=active]:border-input dark:data-[s
tate=active]:bg-input/30 text-foreground dark:text-muted-foreground inline-flex
 h-[calc(100%-1px)] flex-1 items-center justify-center gap-1.5 rounded-xl borde
r border-transparent px-2 py-1 text-sm font-medium whitespace-nowrap transition
-[color,box-shadow] focus-visible:ring-[3px] focus-visible:outline-1 disabled:p
ointer-events-none disabled:opacity-50 [&_svg]:pointer-events-none [&_svg]:shri
nk-0 [&_svg:not([class*='size-'])]:size-4"[39m
                [33mdata-orientation[39m=[32m"horizontal"[39m
                [33mdata-radix-collection-item[39m=[32m""[39m
                ...
[90m [2m鉂?[22m Proxy.waitForWrapper node_modules/@testing-library/dom/dist/wa
it-for.js:[2m163:27[22m[39m
[36m [2m鉂?[22m src/app/components/dashboard/__tests__/DataInputForm.test.tsx:
[2m607:19[22m[39m
    [90m605| [39m            [34mrenderComponent[39m({ maxDaysBack[33m:[3
9m [34m0[39m })[33m;[39m
    [90m606| [39m
    [90m607| [39m            [35mawait[39m [34mwaitFor[39m(() [33m=>[39
m {
    [90m   | [39m                  [31m^[39m
    [90m608| [39m                expect(screen.getByRole('button', { name: /1
0 feb 2026鈥?    [90m609| [39m            })[33m;[39m

[31m[2m鈳幆鈳幆鈳幆鈳幆鈳幆鈳幆鈳幆鈳幆鈳幆鈳幆鈳幆鈳幆[4/6]鈳?[22m[39m

[41m[1m FAIL [22m[49m src/app/components/dashboard/__tests__/DataInputForm.
test.tsx[2m > [22mDataInputForm[2m > [22mDate Restrictions[2m > [22mshoul
d allow any past date for managers (maxDaysBack=undefined)
[31m[1mTestingLibraryElementError[22m[39m: Unable to find role="button" and
 name `/10 feb 2026/i`

Ignored nodes: comments, script, style
[36m<body>[39m
  [36m<div>[39m
    [36m<div[39m
      [33mclass[39m=[32m"bg-card text-card-foreground flex flex-col gap-6 ro
unded-xl border shadow-sm"[39m
      [33mdata-slot[39m=[32m"card"[39m
      [33mstyle[39m=[32m"box-shadow: 0 2px 4px rgba(0, 0, 0, 0.08);"[39m
    [36m>[39m
      [36m<div[39m
        [33mclass[39m=[32m"@container/card-header grid auto-rows-min grid-ro
ws-[auto_auto] items-start gap-1.5 px-6 pt-6 has-data-[slot=card-action]:grid-c
ols-[1fr_auto] [.border-b]:pb-6"[39m
        [33mdata-slot[39m=[32m"card-header"[39m
      [36m>[39m
        [36m<h4[39m
          [33mclass[39m=[32m"leading-none flex items-center gap-2"[39m
          [33mdata-slot[39m=[32m"card-title"[39m
        [36m>[39m
          [36m<svg[39m
            [33mclass[39m=[32m"lucide lucide-plus w-5 h-5"[39m
            [33mfill[39m=[32m"none"[39m
            [33mheight[39m=[32m"24"[39m
            [33mstroke[39m=[32m"currentColor"[39m
            [33mstroke-linecap[39m=[32m"round"[39m
            [33mstroke-linejoin[39m=[32m"round"[39m
            [33mstroke-width[39m=[32m"2"[39m
            [33mviewBox[39m=[32m"0 0 24 24"[39m
            [33mwidth[39m=[32m"24"[39m
            [33mxmlns[39m=[32m"http://www.w3.org/2000/svg"[39m
          [36m>[39m
            [36m<path[39m
              [33md[39m=[32m"M5 12h14"[39m
            [36m/>[39m
            [36m<path[39m
              [33md[39m=[32m"M12 5v14"[39m
            [36m/>[39m
          [36m</svg>[39m
          [0mInput Data[0m
        [36m</h4>[39m
        [36m<p[39m
          [33mclass[39m=[32m"text-muted-foreground"[39m
          [33mdata-slot[39m=[32m"card-description"[39m
        [36m>[39m
          [0mEnter today's sales and wastage data[0m
        [36m</p>[39m
      [36m</div>[39m
      [36m<div[39m
        [33mclass[39m=[32m"px-6 [&:last-child]:pb-6 space-y-4"[39m
        [33mdata-slot[39m=[32m"card-content"[39m
      [36m>[39m
        [36m<div[39m
          [33mclass[39m=[32m"flex items-center gap-4"[39m
        [36m>[39m
          [36m<label[39m
            [33mclass[39m=[32m"flex items-center gap-2 text-sm leading-none 
font-medium select-none group-data-[disabled=true]:pointer-events-none group-da
ta-[disabled=true]:opacity-50 peer-disabled:cursor-not-allowed peer-disabled:op
acity-50"[39m
            [33mdata-slot[39m=[32m"label"[39m
          [36m>[39m
            [0mDate:[0m
          [36m</label>[39m
          [36m<button[39m
            [33maria-controls[39m=[32m"radix-:r2o:"[39m
            [33maria-expanded[39m=[32m"false"[39m
            [33maria-haspopup[39m=[32m"dialog"[39m
            [33mclass[39m=[32m"inline-flex items-center justify-center white
space-nowrap rounded-[var(--button-radius)] text-sm font-medium transition-all 
disabled:pointer-events-none disabled:opacity-50 [&_svg]:pointer-events-none [&
_svg:not([class*='size-'])]:size-4 shrink-0 [&_svg]:shrink-0 outline-none focus
-visible:border-ring focus-visible:ring-ring/50 focus-visible:ring-[3px] aria-i
nvalid:ring-destructive/20 dark:aria-invalid:ring-destructive/40 aria-invalid:b
order-destructive border-2 border-primary bg-transparent text-primary hover:bg-
primary/10 dark:bg-input/30 dark:border-input dark:hover:bg-input/50 h-10 px-4 
py-2 has-[>svg]:px-3 md:h-10 lg:h-10 gap-2"[39m
            [33mdata-slot[39m=[32m"popover-trigger"[39m
            [33mdata-state[39m=[32m"closed"[39m
            [33mtype[39m=[32m"button"[39m
          [36m>[39m
            [36m<svg[39m
              [33mclass[39m=[32m"lucide lucide-calendar w-4 h-4"[39m
              [33mfill[39m=[32m"none"[39m
              [33mheight[39m=[32m"24"[39m
              [33mstroke[39m=[32m"currentColor"[39m
              [33mstroke-linecap[39m=[32m"round"[39m
              [33mstroke-linejoin[39m=[32m"round"[39m
              [33mstroke-width[39m=[32m"2"[39m
              [33mviewBox[39m=[32m"0 0 24 24"[39m
              [33mwidth[39m=[32m"24"[39m
              [33mxmlns[39m=[32m"http://www.w3.org/2000/svg"[39m
            [36m>[39m
              [36m<path[39m
                [33md[39m=[32m"M8 2v4"[39m
              [36m/>[39m
              [36m<path[39m
                [33md[39m=[32m"M16 2v4"[39m
              [36m/>[39m
              [36m<rect[39m
                [33mheight[39m=[32m"18"[39m
                [33mrx[39m=[32m"2"[39m
                [33mwidth[39m=[32m"18"[39m
                [33mx[39m=[32m"3"[39m
                [33my[39m=[32m"4"[39m
              [36m/>[39m
              [36m<path[39m
                [33md[39m=[32m"M3 10h18"[39m
              [36m/>[39m
            [36m</svg>[39m
            [0m11 Feb 2026[0m
          [36m</button>[39m
        [36m</div>[39m
        [36m<div[39m
          [33mclass[39m=[32m"flex flex-col gap-2"[39m
          [33mdata-orientation[39m=[32m"horizontal"[39m
          [33mdata-slot[39m=[32m"tabs"[39m
          [33mdir[39m=[32m"ltr"[39m
        [36m>[39m
          [36m<div[39m
            [33maria-orientation[39m=[32m"horizontal"[39m
            [33mclass[39m=[32m"bg-muted text-muted-foreground h-9 items-cent
er justify-center rounded-xl p-[3px] grid w-full grid-cols-2"[39m
            [33mdata-orientation[39m=[32m"horizontal"[39m
            [33mdata-slot[39m=[32m"tabs-list"[39m
            [33mrole[39m=[32m"tablist"[39m
            [33mstyle[39m=[32m"outline-color: none; outline-style: none; out
line-width: initial;"[39m
            [33mtabindex[39m=[32m"0"[39m
          [36m>[39m
            [36m<button[39m
              [33maria-controls[39m=[32m"radix-:r2p:-content-sales"[39m
              [33maria-selected[39m=[32m"true"[39m
              [33mclass[39m=[32m"data-[state=active]:bg-card dark:data-[stat
e=active]:text-foreground focus-visible:border-ring focus-visible:ring-ring/50 
focus-visible:outline-ring dark:data-[state=active]:border-input dark:data-[sta
te=active]:bg-input/30 text-foreground dark:text-muted-foreground inline-flex h
-[calc(100%-1px)] flex-1 items-center justify-center gap-1.5 rounded-xl border 
border-transparent px-2 py-1 text-sm font-medium whitespace-nowrap transition-[
color,box-shadow] focus-visible:ring-[3px] focus-visible:outline-1 disabled:poi
nter-events-none disabled:opacity-50 [&_svg]:pointer-events-none [&_svg]:shrink
-0 [&_svg:not([class*='size-'])]:size-4"[39m
              [33mdata-orientation[39m=[32m"horizontal"[39m
              [33mdata-radix-collection-item[39m=[32m""[39m
              [33mdata-slot[39m=[32m"tabs-trigger"[39m
              [33mdata-state[39m=[32m"active"[39m
              [33mid[39m=[32m"radix-:r2p:-trigger-sales"[39m
              [33mrole[39m=[32m"tab"[39m
              [33mtabindex[39m=[32m"-1"[39m
              [33mt...

Ignored nodes: comments, script, style
[36m<html>[39m
  [36m<head />[39m
  [36m<body>[39m
    [36m<div>[39m
      [36m<div[39m
        [33mclass[39m=[32m"bg-card text-card-foreground flex flex-col gap-6 
rounded-xl border shadow-sm"[39m
        [33mdata-slot[39m=[32m"card"[39m
        [33mstyle[39m=[32m"box-shadow: 0 2px 4px rgba(0, 0, 0, 0.08);"[39m
      [36m>[39m
        [36m<div[39m
          [33mclass[39m=[32m"@container/card-header grid auto-rows-min grid-
rows-[auto_auto] items-start gap-1.5 px-6 pt-6 has-data-[slot=card-action]:grid
-cols-[1fr_auto] [.border-b]:pb-6"[39m
          [33mdata-slot[39m=[32m"card-header"[39m
        [36m>[39m
          [36m<h4[39m
            [33mclass[39m=[32m"leading-none flex items-center gap-2"[39m
            [33mdata-slot[39m=[32m"card-title"[39m
          [36m>[39m
            [36m<svg[39m
              [33mclass[39m=[32m"lucide lucide-plus w-5 h-5"[39m
              [33mfill[39m=[32m"none"[39m
              [33mheight[39m=[32m"24"[39m
              [33mstroke[39m=[32m"currentColor"[39m
              [33mstroke-linecap[39m=[32m"round"[39m
              [33mstroke-linejoin[39m=[32m"round"[39m
              [33mstroke-width[39m=[32m"2"[39m
              [33mviewBox[39m=[32m"0 0 24 24"[39m
              [33mwidth[39m=[32m"24"[39m
              [33mxmlns[39m=[32m"http://www.w3.org/2000/svg"[39m
            [36m>[39m
              [36m<path[39m
                [33md[39m=[32m"M5 12h14"[39m
              [36m/>[39m
              [36m<path[39m
                [33md[39m=[32m"M12 5v14"[39m
              [36m/>[39m
            [36m</svg>[39m
            [0mInput Data[0m
          [36m</h4>[39m
          [36m<p[39m
            [33mclass[39m=[32m"text-muted-foreground"[39m
            [33mdata-slot[39m=[32m"card-description"[39m
          [36m>[39m
            [0mEnter today's sales and wastage data[0m
          [36m</p>[39m
        [36m</div>[39m
        [36m<div[39m
          [33mclass[39m=[32m"px-6 [&:last-child]:pb-6 space-y-4"[39m
          [33mdata-slot[39m=[32m"card-content"[39m
        [36m>[39m
          [36m<div[39m
            [33mclass[39m=[32m"flex items-center gap-4"[39m
          [36m>[39m
            [36m<label[39m
              [33mclass[39m=[32m"flex items-center gap-2 text-sm leading-non
e font-medium select-none group-data-[disabled=true]:pointer-events-none group-
data-[disabled=true]:opacity-50 peer-disabled:cursor-not-allowed peer-disabled:
opacity-50"[39m
              [33mdata-slot[39m=[32m"label"[39m
            [36m>[39m
              [0mDate:[0m
            [36m</label>[39m
            [36m<button[39m
              [33maria-controls[39m=[32m"radix-:r2o:"[39m
              [33maria-expanded[39m=[32m"false"[39m
              [33maria-haspopup[39m=[32m"dialog"[39m
              [33mclass[39m=[32m"inline-flex items-center justify-center whi
tespace-nowrap rounded-[var(--button-radius)] text-sm font-medium transition-al
l disabled:pointer-events-none disabled:opacity-50 [&_svg]:pointer-events-none 
[&_svg:not([class*='size-'])]:size-4 shrink-0 [&_svg]:shrink-0 outline-none foc
us-visible:border-ring focus-visible:ring-ring/50 focus-visible:ring-[3px] aria
-invalid:ring-destructive/20 dark:aria-invalid:ring-destructive/40 aria-invalid
:border-destructive border-2 border-primary bg-transparent text-primary hover:b
g-primary/10 dark:bg-input/30 dark:border-input dark:hover:bg-input/50 h-10 px-
4 py-2 has-[>svg]:px-3 md:h-10 lg:h-10 gap-2"[39m
              [33mdata-slot[39m=[32m"popover-trigger"[39m
              [33mdata-state[39m=[32m"closed"[39m
              [33mtype[39m=[32m"button"[39m
            [36m>[39m
              [36m<svg[39m
                [33mclass[39m=[32m"lucide lucide-calendar w-4 h-4"[39m
                [33mfill[39m=[32m"none"[39m
                [33mheight[39m=[32m"24"[39m
                [33mstroke[39m=[32m"currentColor"[39m
                [33mstroke-linecap[39m=[32m"round"[39m
                [33mstroke-linejoin[39m=[32m"round"[39m
                [33mstroke-width[39m=[32m"2"[39m
                [33mviewBox[39m=[32m"0 0 24 24"[39m
                [33mwidth[39m=[32m"24"[39m
                [33mxmlns[39m=[32m"http://www.w3.org/2000/svg"[39m
              [36m>[39m
                [36m<path[39m
                  [33md[39m=[32m"M8 2v4"[39m
                [36m/>[39m
                [36m<path[39m
                  [33md[39m=[32m"M16 2v4"[39m
                [36m/>[39m
                [36m<rect[39m
                  [33mheight[39m=[32m"18"[39m
                  [33mrx[39m=[32m"2"[39m
                  [33mwidth[39m=[32m"18"[39m
                  [33mx[39m=[32m"3"[39m
                  [33my[39m=[32m"4"[39m
                [36m/>[39m
                [36m<path[39m
                  [33md[39m=[32m"M3 10h18"[39m
                [36m/>[39m
              [36m</svg>[39m
              [0m11 Feb 2026[0m
            [36m</button>[39m
          [36m</div>[39m
          [36m<div[39m
            [33mclass[39m=[32m"flex flex-col gap-2"[39m
            [33mdata-orientation[39m=[32m"horizontal"[39m
            [33mdata-slot[39m=[32m"tabs"[39m
            [33mdir[39m=[32m"ltr"[39m
          [36m>[39m
            [36m<div[39m
              [33maria-orientation[39m=[32m"horizontal"[39m
              [33mclass[39m=[32m"bg-muted text-muted-foreground h-9 items-ce
nter justify-center rounded-xl p-[3px] grid w-full grid-cols-2"[39m
              [33mdata-orientation[39m=[32m"horizontal"[39m
              [33mdata-slot[39m=[32m"tabs-list"[39m
              [33mrole[39m=[32m"tablist"[39m
              [33mstyle[39m=[32m"outline-color: none; outline-style: none; o
utline-width: initial;"[39m
              [33mtabindex[39m=[32m"0"[39m
            [36m>[39m
              [36m<button[39m
                [33maria-controls[39m=[32m"radix-:r2p:-content-sales"[39m
                [33maria-selected[39m=[32m"true"[39m
                [33mclass[39m=[32m"data-[state=active]:bg-card dark:data-[st
ate=active]:text-foreground focus-visible:border-ring focus-visible:ring-ring/5
0 focus-visible:outline-ring dark:data-[state=active]:border-input dark:data-[s
tate=active]:bg-input/30 text-foreground dark:text-muted-foreground inline-flex
 h-[calc(100%-1px)] flex-1 items-center justify-center gap-1.5 rounded-xl borde
r border-transparent px-2 py-1 text-sm font-medium whitespace-nowrap transition
-[color,box-shadow] focus-visible:ring-[3px] focus-visible:outline-1 disabled:p
ointer-events-none disabled:opacity-50 [&_svg]:pointer-events-none [&_svg]:shri
nk-0 [&_svg:not([class*='size-'])]:size-4"[39m
                [33mdata-orientation[39m=[32m"horizontal"[39m
                [33mdata-radix-collection-item[39m=[32m""[39m
                ...
[90m [2m鉂?[22m Proxy.waitForWrapper node_modules/@testing-library/dom/dist/wa
it-for.js:[2m163:27[22m[39m
[36m [2m鉂?[22m src/app/components/dashboard/__tests__/DataInputForm.test.tsx:
[2m618:19[22m[39m
    [90m616| [39m            [34mrenderComponent[39m({ maxDaysBack[33m:[3
9m undefined })[33m;[39m
    [90m617| [39m
    [90m618| [39m            [35mawait[39m [34mwaitFor[39m(() [33m=>[39
m {
    [90m   | [39m                  [31m^[39m
    [90m619| [39m                expect(screen.getByRole('button', { name: /1
0 feb 2026鈥?    [90m620| [39m            })[33m;[39m

[31m[2m鈳幆鈳幆鈳幆鈳幆鈳幆鈳幆鈳幆鈳幆鈳幆鈳幆鈳幆鈳幆[5/6]鈳?[22m[39m

[41m[1m FAIL [22m[49m src/app/components/dashboard/__tests__/DataInputForm.
test.tsx[2m > [22mDataInputForm[2m > [22mDate Restrictions[2m > [22mshoul
d allow specific range when maxDaysBack is set
[31m[1mTestingLibraryElementError[22m[39m: Unable to find role="button" and
 name `/10 feb 2026/i`

Ignored nodes: comments, script, style
[36m<body>[39m
  [36m<div>[39m
    [36m<div[39m
      [33mclass[39m=[32m"bg-card text-card-foreground flex flex-col gap-6 ro
unded-xl border shadow-sm"[39m
      [33mdata-slot[39m=[32m"card"[39m
      [33mstyle[39m=[32m"box-shadow: 0 2px 4px rgba(0, 0, 0, 0.08);"[39m
    [36m>[39m
      [36m<div[39m
        [33mclass[39m=[32m"@container/card-header grid auto-rows-min grid-ro
ws-[auto_auto] items-start gap-1.5 px-6 pt-6 has-data-[slot=card-action]:grid-c
ols-[1fr_auto] [.border-b]:pb-6"[39m
        [33mdata-slot[39m=[32m"card-header"[39m
      [36m>[39m
        [36m<h4[39m
          [33mclass[39m=[32m"leading-none flex items-center gap-2"[39m
          [33mdata-slot[39m=[32m"card-title"[39m
        [36m>[39m
          [36m<svg[39m
            [33mclass[39m=[32m"lucide lucide-plus w-5 h-5"[39m
            [33mfill[39m=[32m"none"[39m
            [33mheight[39m=[32m"24"[39m
            [33mstroke[39m=[32m"currentColor"[39m
            [33mstroke-linecap[39m=[32m"round"[39m
            [33mstroke-linejoin[39m=[32m"round"[39m
            [33mstroke-width[39m=[32m"2"[39m
            [33mviewBox[39m=[32m"0 0 24 24"[39m
            [33mwidth[39m=[32m"24"[39m
            [33mxmlns[39m=[32m"http://www.w3.org/2000/svg"[39m
          [36m>[39m
            [36m<path[39m
              [33md[39m=[32m"M5 12h14"[39m
            [36m/>[39m
            [36m<path[39m
              [33md[39m=[32m"M12 5v14"[39m
            [36m/>[39m
          [36m</svg>[39m
          [0mInput Data[0m
        [36m</h4>[39m
        [36m<p[39m
          [33mclass[39m=[32m"text-muted-foreground"[39m
          [33mdata-slot[39m=[32m"card-description"[39m
        [36m>[39m
          [0mEnter sales and wastage data for any date[0m
        [36m</p>[39m
      [36m</div>[39m
      [36m<div[39m
        [33mclass[39m=[32m"px-6 [&:last-child]:pb-6 space-y-4"[39m
        [33mdata-slot[39m=[32m"card-content"[39m
      [36m>[39m
        [36m<div[39m
          [33mclass[39m=[32m"flex items-center gap-4"[39m
        [36m>[39m
          [36m<label[39m
            [33mclass[39m=[32m"flex items-center gap-2 text-sm leading-none 
font-medium select-none group-data-[disabled=true]:pointer-events-none group-da
ta-[disabled=true]:opacity-50 peer-disabled:cursor-not-allowed peer-disabled:op
acity-50"[39m
            [33mdata-slot[39m=[32m"label"[39m
          [36m>[39m
            [0mDate:[0m
          [36m</label>[39m
          [36m<button[39m
            [33maria-controls[39m=[32m"radix-:r2s:"[39m
            [33maria-expanded[39m=[32m"false"[39m
            [33maria-haspopup[39m=[32m"dialog"[39m
            [33mclass[39m=[32m"inline-flex items-center justify-center white
space-nowrap rounded-[var(--button-radius)] text-sm font-medium transition-all 
disabled:pointer-events-none disabled:opacity-50 [&_svg]:pointer-events-none [&
_svg:not([class*='size-'])]:size-4 shrink-0 [&_svg]:shrink-0 outline-none focus
-visible:border-ring focus-visible:ring-ring/50 focus-visible:ring-[3px] aria-i
nvalid:ring-destructive/20 dark:aria-invalid:ring-destructive/40 aria-invalid:b
order-destructive border-2 border-primary bg-transparent text-primary hover:bg-
primary/10 dark:bg-input/30 dark:border-input dark:hover:bg-input/50 h-10 px-4 
py-2 has-[>svg]:px-3 md:h-10 lg:h-10 gap-2"[39m
            [33mdata-slot[39m=[32m"popover-trigger"[39m
            [33mdata-state[39m=[32m"closed"[39m
            [33mtype[39m=[32m"button"[39m
          [36m>[39m
            [36m<svg[39m
              [33mclass[39m=[32m"lucide lucide-calendar w-4 h-4"[39m
              [33mfill[39m=[32m"none"[39m
              [33mheight[39m=[32m"24"[39m
              [33mstroke[39m=[32m"currentColor"[39m
              [33mstroke-linecap[39m=[32m"round"[39m
              [33mstroke-linejoin[39m=[32m"round"[39m
              [33mstroke-width[39m=[32m"2"[39m
              [33mviewBox[39m=[32m"0 0 24 24"[39m
              [33mwidth[39m=[32m"24"[39m
              [33mxmlns[39m=[32m"http://www.w3.org/2000/svg"[39m
            [36m>[39m
              [36m<path[39m
                [33md[39m=[32m"M8 2v4"[39m
              [36m/>[39m
              [36m<path[39m
                [33md[39m=[32m"M16 2v4"[39m
              [36m/>[39m
              [36m<rect[39m
                [33mheight[39m=[32m"18"[39m
                [33mrx[39m=[32m"2"[39m
                [33mwidth[39m=[32m"18"[39m
                [33mx[39m=[32m"3"[39m
                [33my[39m=[32m"4"[39m
              [36m/>[39m
              [36m<path[39m
                [33md[39m=[32m"M3 10h18"[39m
              [36m/>[39m
            [36m</svg>[39m
            [0m11 Feb 2026[0m
          [36m</button>[39m
        [36m</div>[39m
        [36m<div[39m
          [33mclass[39m=[32m"flex flex-col gap-2"[39m
          [33mdata-orientation[39m=[32m"horizontal"[39m
          [33mdata-slot[39m=[32m"tabs"[39m
          [33mdir[39m=[32m"ltr"[39m
        [36m>[39m
          [36m<div[39m
            [33maria-orientation[39m=[32m"horizontal"[39m
            [33mclass[39m=[32m"bg-muted text-muted-foreground h-9 items-cent
er justify-center rounded-xl p-[3px] grid w-full grid-cols-2"[39m
            [33mdata-orientation[39m=[32m"horizontal"[39m
            [33mdata-slot[39m=[32m"tabs-list"[39m
            [33mrole[39m=[32m"tablist"[39m
            [33mstyle[39m=[32m"outline-color: none; outline-style: none; out
line-width: initial;"[39m
            [33mtabindex[39m=[32m"0"[39m
          [36m>[39m
            [36m<button[39m
              [33maria-controls[39m=[32m"radix-:r2t:-content-sales"[39m
              [33maria-selected[39m=[32m"true"[39m
              [33mclass[39m=[32m"data-[state=active]:bg-card dark:data-[stat
e=active]:text-foreground focus-visible:border-ring focus-visible:ring-ring/50 
focus-visible:outline-ring dark:data-[state=active]:border-input dark:data-[sta
te=active]:bg-input/30 text-foreground dark:text-muted-foreground inline-flex h
-[calc(100%-1px)] flex-1 items-center justify-center gap-1.5 rounded-xl border 
border-transparent px-2 py-1 text-sm font-medium whitespace-nowrap transition-[
color,box-shadow] focus-visible:ring-[3px] focus-visible:outline-1 disabled:poi
nter-events-none disabled:opacity-50 [&_svg]:pointer-events-none [&_svg]:shrink
-0 [&_svg:not([class*='size-'])]:size-4"[39m
              [33mdata-orientation[39m=[32m"horizontal"[39m
              [33mdata-radix-collection-item[39m=[32m""[39m
              [33mdata-slot[39m=[32m"tabs-trigger"[39m
              [33mdata-state[39m=[32m"active"[39m
              [33mid[39m=[32m"radix-:r2t:-trigger-sales"[39m
              [33mrole[39m=[32m"tab"[39m
              [33mtabindex[39m=[32m"-1"[39m
              ...

Ignored nodes: comments, script, style
[36m<html>[39m
  [36m<head />[39m
  [36m<body>[39m
    [36m<div>[39m
      [36m<div[39m
        [33mclass[39m=[32m"bg-card text-card-foreground flex flex-col gap-6 
rounded-xl border shadow-sm"[39m
        [33mdata-slot[39m=[32m"card"[39m
        [33mstyle[39m=[32m"box-shadow: 0 2px 4px rgba(0, 0, 0, 0.08);"[39m
      [36m>[39m
        [36m<div[39m
          [33mclass[39m=[32m"@container/card-header grid auto-rows-min grid-
rows-[auto_auto] items-start gap-1.5 px-6 pt-6 has-data-[slot=card-action]:grid
-cols-[1fr_auto] [.border-b]:pb-6"[39m
          [33mdata-slot[39m=[32m"card-header"[39m
        [36m>[39m
          [36m<h4[39m
            [33mclass[39m=[32m"leading-none flex items-center gap-2"[39m
            [33mdata-slot[39m=[32m"card-title"[39m
          [36m>[39m
            [36m<svg[39m
              [33mclass[39m=[32m"lucide lucide-plus w-5 h-5"[39m
              [33mfill[39m=[32m"none"[39m
              [33mheight[39m=[32m"24"[39m
              [33mstroke[39m=[32m"currentColor"[39m
              [33mstroke-linecap[39m=[32m"round"[39m
              [33mstroke-linejoin[39m=[32m"round"[39m
              [33mstroke-width[39m=[32m"2"[39m
              [33mviewBox[39m=[32m"0 0 24 24"[39m
              [33mwidth[39m=[32m"24"[39m
              [33mxmlns[39m=[32m"http://www.w3.org/2000/svg"[39m
            [36m>[39m
              [36m<path[39m
                [33md[39m=[32m"M5 12h14"[39m
              [36m/>[39m
              [36m<path[39m
                [33md[39m=[32m"M12 5v14"[39m
              [36m/>[39m
            [36m</svg>[39m
            [0mInput Data[0m
          [36m</h4>[39m
          [36m<p[39m
            [33mclass[39m=[32m"text-muted-foreground"[39m
            [33mdata-slot[39m=[32m"card-description"[39m
          [36m>[39m
            [0mEnter sales and wastage data for any date[0m
          [36m</p>[39m
        [36m</div>[39m
        [36m<div[39m
          [33mclass[39m=[32m"px-6 [&:last-child]:pb-6 space-y-4"[39m
          [33mdata-slot[39m=[32m"card-content"[39m
        [36m>[39m
          [36m<div[39m
            [33mclass[39m=[32m"flex items-center gap-4"[39m
          [36m>[39m
            [36m<label[39m
              [33mclass[39m=[32m"flex items-center gap-2 text-sm leading-non
e font-medium select-none group-data-[disabled=true]:pointer-events-none group-
data-[disabled=true]:opacity-50 peer-disabled:cursor-not-allowed peer-disabled:
opacity-50"[39m
              [33mdata-slot[39m=[32m"label"[39m
            [36m>[39m
              [0mDate:[0m
            [36m</label>[39m
            [36m<button[39m
              [33maria-controls[39m=[32m"radix-:r2s:"[39m
              [33maria-expanded[39m=[32m"false"[39m
              [33maria-haspopup[39m=[32m"dialog"[39m
              [33mclass[39m=[32m"inline-flex items-center justify-center whi
tespace-nowrap rounded-[var(--button-radius)] text-sm font-medium transition-al
l disabled:pointer-events-none disabled:opacity-50 [&_svg]:pointer-events-none 
[&_svg:not([class*='size-'])]:size-4 shrink-0 [&_svg]:shrink-0 outline-none foc
us-visible:border-ring focus-visible:ring-ring/50 focus-visible:ring-[3px] aria
-invalid:ring-destructive/20 dark:aria-invalid:ring-destructive/40 aria-invalid
:border-destructive border-2 border-primary bg-transparent text-primary hover:b
g-primary/10 dark:bg-input/30 dark:border-input dark:hover:bg-input/50 h-10 px-
4 py-2 has-[>svg]:px-3 md:h-10 lg:h-10 gap-2"[39m
              [33mdata-slot[39m=[32m"popover-trigger"[39m
              [33mdata-state[39m=[32m"closed"[39m
              [33mtype[39m=[32m"button"[39m
            [36m>[39m
              [36m<svg[39m
                [33mclass[39m=[32m"lucide lucide-calendar w-4 h-4"[39m
                [33mfill[39m=[32m"none"[39m
                [33mheight[39m=[32m"24"[39m
                [33mstroke[39m=[32m"currentColor"[39m
                [33mstroke-linecap[39m=[32m"round"[39m
                [33mstroke-linejoin[39m=[32m"round"[39m
                [33mstroke-width[39m=[32m"2"[39m
                [33mviewBox[39m=[32m"0 0 24 24"[39m
                [33mwidth[39m=[32m"24"[39m
                [33mxmlns[39m=[32m"http://www.w3.org/2000/svg"[39m
              [36m>[39m
                [36m<path[39m
                  [33md[39m=[32m"M8 2v4"[39m
                [36m/>[39m
                [36m<path[39m
                  [33md[39m=[32m"M16 2v4"[39m
                [36m/>[39m
                [36m<rect[39m
                  [33mheight[39m=[32m"18"[39m
                  [33mrx[39m=[32m"2"[39m
                  [33mwidth[39m=[32m"18"[39m
                  [33mx[39m=[32m"3"[39m
                  [33my[39m=[32m"4"[39m
                [36m/>[39m
                [36m<path[39m
                  [33md[39m=[32m"M3 10h18"[39m
                [36m/>[39m
              [36m</svg>[39m
              [0m11 Feb 2026[0m
            [36m</button>[39m
          [36m</div>[39m
          [36m<div[39m
            [33mclass[39m=[32m"flex flex-col gap-2"[39m
            [33mdata-orientation[39m=[32m"horizontal"[39m
            [33mdata-slot[39m=[32m"tabs"[39m
            [33mdir[39m=[32m"ltr"[39m
          [36m>[39m
            [36m<div[39m
              [33maria-orientation[39m=[32m"horizontal"[39m
              [33mclass[39m=[32m"bg-muted text-muted-foreground h-9 items-ce
nter justify-center rounded-xl p-[3px] grid w-full grid-cols-2"[39m

[2m Test Files [22m [1m[31m1 failed[39m[22m[90m (1)[39m
[2m      Tests [22m [1m[31m6 failed[39m[22m[2m | [22m[1m[32m25 passed[39m[22m[90m (31)[39m
[2m   Start at [22m 15:36:05
[2m   Duration [22m 9.43s[2m (transform 176ms, setup 107ms, import 590ms, tests 8.36s, environment 248ms)[22m

              [33mdata-orientation[39m=[32m"horizontal"[39m
              [33mdata-slot[39m=[32m"tabs-list"[39m
              [33mrole[39m=[32m"tablist"[39m
              [33mstyle[39m=[32m"outline-color: none; outline-style: none; o
utline-width: initial;"[39m
              [33mtabindex[39m=[32m"0"[39m
            [36m>[39m
              [36m<button[39m
                [33maria-controls[39m=[32m"radix-:r2t:-content-sales"[39m
                [33maria-selected[39m=[32m"true"[39m
                [33mclass[39m=[32m"data-[state=active]:bg-card dark:data-[st
ate=active]:text-foreground focus-visible:border-ring focus-visible:ring-ring/5
0 focus-visible:outline-ring dark:data-[state=active]:border-input dark:data-[s
tate=active]:bg-input/30 text-foreground dark:text-muted-foreground inline-flex
 h-[calc(100%-1px)] flex-1 items-center justify-center gap-1.5 rounded-xl borde
r border-transparent px-2 py-1 text-sm font-medium whitespace-nowrap transition
-[color,box-shadow] focus-visible:ring-[3px] focus-visible:outline-1 disabled:p
ointer-events-none disabled:opacity-50 [&_svg]:pointer-events-none [&_svg]:shri
nk-0 [&_svg:not([class*='size-'])]:size-4"[39m
                [33mdata-orientation[39m=[32m"horizontal"[39m
                [33mdata-radix-collection-item[39m=[32m""[39m
            ...
[90m [2m鉂?[22m Proxy.waitForWrapper node_modules/@testing-library/dom/dist/wa
it-for.js:[2m163:27[22m[39m
[36m [2m鉂?[22m src/app/components/dashboard/__tests__/DataInputForm.test.tsx:
[2m628:19[22m[39m
    [90m626| [39m            [34mrenderComponent[39m({ maxDaysBack[33m:[3
9m [34m7[39m })[33m;[39m
    [90m627| [39m
    [90m628| [39m            [35mawait[39m [34mwaitFor[39m(() [33m=>[39
m {
    [90m   | [39m                  [31m^[39m
    [90m629| [39m                expect(screen.getByRole('button', { name: /1
0 feb 2026鈥?    [90m630| [39m            })[33m;[39m

[31m[2m鈳幆鈳幆鈳幆鈳幆鈳幆鈳幆鈳幆鈳幆鈳幆鈳幆鈳幆鈳幆[6/6]鈳?[22m[39m

